<?xml version="1.0" encoding="utf-8"?>
<CoverageSession xmlns:xsd="http://www.w3.org/2001/XMLSchema" xmlns:xsi="http://www.w3.org/2001/XMLSchema-instance" Version="4.7.1221.0">
  <Summary numSequencePoints="174" visitedSequencePoints="155" numBranchPoints="71" visitedBranchPoints="53" sequenceCoverage="89.08" branchCoverage="74.65" maxCyclomaticComplexity="10" minCyclomaticComplexity="1" maxCrapScore="20" minCrapScore="1" visitedClasses="4" numClasses="6" visitedMethods="24" numMethods="27" />
  <Modules>
    <Module skippedDueTo="Filter" hash="88-DC-63-B8-71-5E-2F-C4-CF-59-A7-55-2B-4E-6E-60-2B-EF-E7-C6">
      <ModulePath>C:\Program Files\dotnet\shared\Microsoft.NETCore.App\6.0.0-rc.1.21451.13\System.Private.CoreLib.dll</ModulePath>
      <ModuleTime>2021-09-13T17:34:38Z</ModuleTime>
      <ModuleName>System.Private.CoreLib</ModuleName>
      <Classes />
    </Module>
    <Module skippedDueTo="MissingPdb" hash="C1-86-B0-30-37-C5-D0-CF-D4-79-5C-A9-C8-F2-4C-C8-12-2D-72-86">
      <ModulePath>C:\Program Files\dotnet\sdk\6.0.100-rc.1.21463.6\dotnet.dll</ModulePath>
      <ModuleTime>2021-09-13T18:04:14Z</ModuleTime>
      <ModuleName>dotnet</ModuleName>
      <Classes />
    </Module>
    <Module skippedDueTo="Filter" hash="B9-59-00-2C-98-C9-FB-51-F0-51-F0-13-74-73-25-87-49-A4-06-A8">
      <ModulePath>C:\Program Files\dotnet\shared\Microsoft.NETCore.App\6.0.0-rc.1.21451.13\System.Runtime.dll</ModulePath>
      <ModuleTime>2021-09-13T17:34:54Z</ModuleTime>
      <ModuleName>System.Runtime</ModuleName>
      <Classes />
    </Module>
    <Module skippedDueTo="Filter" hash="EF-21-85-A9-E2-7C-C7-7D-50-0E-D2-93-29-55-1F-48-95-5E-8D-C0">
      <ModulePath>C:\Program Files\dotnet\shared\Microsoft.NETCore.App\6.0.0-rc.1.21451.13\System.Diagnostics.Tracing.dll</ModulePath>
      <ModuleTime>2021-09-13T17:34:56Z</ModuleTime>
      <ModuleName>System.Diagnostics.Tracing</ModuleName>
      <Classes />
    </Module>
    <Module skippedDueTo="Filter" hash="85-42-E1-A2-69-AB-A8-30-4A-04-00-D4-62-17-33-AE-66-45-74-0D">
      <ModulePath>C:\Program Files\dotnet\shared\Microsoft.NETCore.App\6.0.0-rc.1.21451.13\System.Diagnostics.Process.dll</ModulePath>
      <ModuleTime>2021-09-13T17:34:52Z</ModuleTime>
      <ModuleName>System.Diagnostics.Process</ModuleName>
      <Classes />
    </Module>
    <Module skippedDueTo="Filter" hash="A2-5D-D9-AB-11-F4-C0-E3-5B-7C-53-DE-05-F0-CF-CA-8A-91-9E-5A">
      <ModulePath>C:\Program Files\dotnet\shared\Microsoft.NETCore.App\6.0.0-rc.1.21451.13\System.ComponentModel.Primitives.dll</ModulePath>
      <ModuleTime>2021-09-13T17:34:50Z</ModuleTime>
      <ModuleName>System.ComponentModel.Primitives</ModuleName>
      <Classes />
    </Module>
    <Module skippedDueTo="MissingPdb" hash="C9-8F-49-A6-7A-6B-8F-46-39-B1-87-46-21-8F-05-E6-B2-A8-4B-0D">
      <ModulePath>C:\Program Files\dotnet\sdk\6.0.100-rc.1.21463.6\Microsoft.DotNet.Cli.Utils.dll</ModulePath>
      <ModuleTime>2021-09-13T18:03:54Z</ModuleTime>
      <ModuleName>Microsoft.DotNet.Cli.Utils</ModuleName>
      <Classes />
    </Module>
    <Module skippedDueTo="Filter" hash="02-22-9F-F4-6B-3E-BD-D3-93-16-21-5E-7D-58-B5-C4-88-D5-38-B1">
      <ModulePath>C:\Program Files\dotnet\sdk\6.0.100-rc.1.21463.6\System.CommandLine.dll</ModulePath>
      <ModuleTime>2021-09-13T18:03:36Z</ModuleTime>
      <ModuleName>System.CommandLine</ModuleName>
      <Classes />
    </Module>
    <Module skippedDueTo="MissingPdb" hash="5C-68-00-3F-F9-78-0A-DC-DA-EC-7E-39-8E-3E-10-EF-7E-6C-9C-1C">
      <ModulePath>C:\Program Files\dotnet\shared\Microsoft.NETCore.App\6.0.0-rc.1.21451.13\netstandard.dll</ModulePath>
      <ModuleTime>2021-09-13T17:33:34Z</ModuleTime>
      <ModuleName>netstandard</ModuleName>
      <Classes />
    </Module>
    <Module skippedDueTo="MissingPdb" hash="5B-3C-F6-0F-D4-A2-51-B1-50-A2-D7-A6-24-F1-45-D5-06-54-B1-54">
      <ModulePath>C:\Program Files\dotnet\sdk\6.0.100-rc.1.21463.6\Microsoft.DotNet.InternalAbstractions.dll</ModulePath>
      <ModuleTime>2021-09-13T18:05:08Z</ModuleTime>
      <ModuleName>Microsoft.DotNet.InternalAbstractions</ModuleName>
      <Classes />
    </Module>
    <Module skippedDueTo="MissingPdb" hash="B6-B1-6B-3D-55-15-CE-0E-B0-63-F0-CF-47-4C-AE-3F-3C-1B-15-53">
      <ModulePath>C:\Program Files\dotnet\shared\Microsoft.NETCore.App\6.0.0-rc.1.21451.13\Microsoft.Win32.Primitives.dll</ModulePath>
      <ModuleTime>2021-09-13T17:34:44Z</ModuleTime>
      <ModuleName>Microsoft.Win32.Primitives</ModuleName>
      <Classes />
    </Module>
    <Module skippedDueTo="Filter" hash="6D-CA-1B-2A-F7-9D-FA-AA-7A-90-AB-B7-72-D3-36-81-10-65-73-9D">
      <ModulePath>C:\Program Files\dotnet\shared\Microsoft.NETCore.App\6.0.0-rc.1.21451.13\System.Runtime.InteropServices.dll</ModulePath>
      <ModuleTime>2021-09-13T17:34:42Z</ModuleTime>
      <ModuleName>System.Runtime.InteropServices</ModuleName>
      <Classes />
    </Module>
    <Module skippedDueTo="Filter" hash="3C-37-E4-F1-10-A0-76-5B-98-84-09-46-62-81-52-E5-99-DB-B1-73">
      <ModulePath>C:\Program Files\dotnet\shared\Microsoft.NETCore.App\6.0.0-rc.1.21451.13\System.Runtime.InteropServices.RuntimeInformation.dll</ModulePath>
      <ModuleTime>2021-09-13T17:34:44Z</ModuleTime>
      <ModuleName>System.Runtime.InteropServices.RuntimeInformation</ModuleName>
      <Classes />
    </Module>
    <Module skippedDueTo="Filter" hash="27-49-CB-0A-48-8B-1A-3F-70-9D-0F-E4-22-89-32-09-42-B9-0B-78">
      <ModulePath>C:\Program Files\dotnet\shared\Microsoft.NETCore.App\6.0.0-rc.1.21451.13\System.Text.Encoding.CodePages.dll</ModulePath>
      <ModuleTime>2021-09-13T17:34:48Z</ModuleTime>
      <ModuleName>System.Text.Encoding.CodePages</ModuleName>
      <Classes />
    </Module>
    <Module skippedDueTo="Filter" hash="DE-79-8B-55-8C-6C-6A-E7-47-30-34-49-A9-DE-F8-59-60-71-7E-14">
      <ModulePath>C:\Program Files\dotnet\shared\Microsoft.NETCore.App\6.0.0-rc.1.21451.13\System.Collections.dll</ModulePath>
      <ModuleTime>2021-09-13T17:35:34Z</ModuleTime>
      <ModuleName>System.Collections</ModuleName>
      <Classes />
    </Module>
    <Module skippedDueTo="Filter" hash="C7-D3-A7-09-54-72-06-C5-7B-59-D2-0D-B2-37-6D-67-81-E2-40-D1">
      <ModulePath>C:\Program Files\dotnet\shared\Microsoft.NETCore.App\6.0.0-rc.1.21451.13\System.Threading.dll</ModulePath>
      <ModuleTime>2021-09-13T17:34:50Z</ModuleTime>
      <ModuleName>System.Threading</ModuleName>
      <Classes />
    </Module>
    <Module skippedDueTo="MissingPdb" hash="7D-2D-39-6A-66-83-59-52-06-F1-8D-B7-D4-F7-6E-A9-1F-EE-39-B8">
      <ModulePath>C:\Program Files\dotnet\sdk\6.0.100-rc.1.21463.6\Microsoft.DotNet.Configurer.dll</ModulePath>
      <ModuleTime>2021-09-13T18:03:54Z</ModuleTime>
      <ModuleName>Microsoft.DotNet.Configurer</ModuleName>
      <Classes />
    </Module>
    <Module skippedDueTo="Filter" hash="44-25-7F-68-79-C9-72-21-21-B3-6E-14-47-CE-B4-5F-AB-6B-54-35">
      <ModulePath>C:\Program Files\dotnet\shared\Microsoft.NETCore.App\6.0.0-rc.1.21451.13\System.Linq.dll</ModulePath>
      <ModuleTime>2021-09-13T17:34:34Z</ModuleTime>
      <ModuleName>System.Linq</ModuleName>
      <Classes />
    </Module>
    <Module skippedDueTo="MissingPdb" hash="E4-D3-AA-21-8F-AC-4B-99-26-CA-FE-70-EE-42-2E-4A-71-95-F3-AD">
      <ModulePath>C:\Program Files\dotnet\sdk\6.0.100-rc.1.21463.6\NuGet.Frameworks.dll</ModulePath>
      <ModuleTime>2021-09-13T18:03:12Z</ModuleTime>
      <ModuleName>NuGet.Frameworks</ModuleName>
      <Classes />
    </Module>
    <Module skippedDueTo="Filter" hash="A0-5E-5E-31-CC-F1-6A-4F-28-FF-25-03-C6-5C-E6-42-DE-0B-6A-4C">
      <ModulePath>C:\Program Files\dotnet\shared\Microsoft.NETCore.App\6.0.0-rc.1.21451.13\System.Console.dll</ModulePath>
      <ModuleTime>2021-09-13T17:34:50Z</ModuleTime>
      <ModuleName>System.Console</ModuleName>
      <Classes />
    </Module>
    <Module skippedDueTo="Filter" hash="CD-40-7B-EB-C6-8E-70-D2-57-67-05-34-B1-91-B5-A9-60-B8-D2-55">
      <ModulePath>C:\Program Files\dotnet\shared\Microsoft.NETCore.App\6.0.0-rc.1.21451.13\System.Memory.dll</ModulePath>
      <ModuleTime>2021-09-13T17:35:38Z</ModuleTime>
      <ModuleName>System.Memory</ModuleName>
      <Classes />
    </Module>
    <Module skippedDueTo="Filter" hash="33-FE-08-5E-6A-8D-98-88-D1-79-0A-73-00-96-1E-F7-71-4D-C0-8C">
      <ModulePath>C:\Program Files\dotnet\shared\Microsoft.NETCore.App\6.0.0-rc.1.21451.13\System.ComponentModel.TypeConverter.dll</ModulePath>
      <ModuleTime>2021-09-13T17:34:50Z</ModuleTime>
      <ModuleName>System.ComponentModel.TypeConverter</ModuleName>
      <Classes />
    </Module>
    <Module skippedDueTo="Filter" hash="C2-55-60-F8-2F-44-22-9E-77-FC-02-B8-B5-8A-5B-A2-A9-F4-C0-DE">
      <ModulePath>C:\Program Files\dotnet\shared\Microsoft.NETCore.App\6.0.0-rc.1.21451.13\System.ObjectModel.dll</ModulePath>
      <ModuleTime>2021-09-13T17:34:40Z</ModuleTime>
      <ModuleName>System.ObjectModel</ModuleName>
      <Classes />
    </Module>
    <Module skippedDueTo="Filter" hash="63-CB-22-BB-CC-94-77-93-C1-9C-22-AD-66-11-57-2F-AC-60-62-89">
      <ModulePath>C:\Program Files\dotnet\shared\Microsoft.NETCore.App\6.0.0-rc.1.21451.13\System.Private.Uri.dll</ModulePath>
      <ModuleTime>2021-09-13T17:34:42Z</ModuleTime>
      <ModuleName>System.Private.Uri</ModuleName>
      <Classes />
    </Module>
    <Module skippedDueTo="Filter" hash="0E-AB-69-ED-26-E7-52-A1-D9-58-EB-78-D3-D9-49-B2-27-1A-AD-5B">
      <ModulePath>C:\Program Files\dotnet\shared\Microsoft.NETCore.App\6.0.0-rc.1.21451.13\System.ComponentModel.dll</ModulePath>
      <ModuleTime>2021-09-13T17:34:46Z</ModuleTime>
      <ModuleName>System.ComponentModel</ModuleName>
      <Classes />
    </Module>
    <Module skippedDueTo="Filter" hash="50-1B-9C-65-38-59-04-79-BD-CF-0A-AC-CD-55-53-E8-1A-28-DD-DD">
      <ModulePath>C:\Program Files\dotnet\shared\Microsoft.NETCore.App\6.0.0-rc.1.21451.13\System.Text.Encoding.Extensions.dll</ModulePath>
      <ModuleTime>2021-09-13T17:34:54Z</ModuleTime>
      <ModuleName>System.Text.Encoding.Extensions</ModuleName>
      <Classes />
    </Module>
    <Module skippedDueTo="Filter" hash="95-87-96-F7-AC-68-C7-D6-CC-82-45-78-38-1B-64-B8-5E-E5-89-45">
      <ModulePath>C:\Program Files\dotnet\shared\Microsoft.NETCore.App\6.0.0-rc.1.21451.13\System.Runtime.CompilerServices.Unsafe.dll</ModulePath>
      <ModuleTime>2021-09-13T17:34:44Z</ModuleTime>
      <ModuleName>System.Runtime.CompilerServices.Unsafe</ModuleName>
      <Classes />
    </Module>
    <Module skippedDueTo="MissingPdb" hash="EE-0A-F2-FB-FC-ED-77-80-48-C5-8C-EF-F6-80-3B-EE-B7-A7-8A-BD">
      <ModulePath>C:\Program Files\dotnet\sdk\6.0.100-rc.1.21463.6\Microsoft.ApplicationInsights.dll</ModulePath>
      <ModuleTime>2021-09-13T18:03:12Z</ModuleTime>
      <ModuleName>Microsoft.ApplicationInsights</ModuleName>
      <Classes />
    </Module>
    <Module skippedDueTo="Filter" hash="F6-FA-AA-33-13-2B-B8-37-E2-42-EC-45-42-6E-77-67-25-DD-4E-83">
      <ModulePath>C:\Program Files\dotnet\shared\Microsoft.NETCore.App\6.0.0-rc.1.21451.13\System.Security.Cryptography.Algorithms.dll</ModulePath>
      <ModuleTime>2021-09-13T17:34:44Z</ModuleTime>
      <ModuleName>System.Security.Cryptography.Algorithms</ModuleName>
      <Classes />
    </Module>
    <Module skippedDueTo="Filter" hash="5D-65-08-5C-28-F2-01-82-85-49-66-AB-65-0C-01-39-0A-2D-54-B3">
      <ModulePath>C:\Program Files\dotnet\shared\Microsoft.NETCore.App\6.0.0-rc.1.21451.13\System.Security.Cryptography.Primitives.dll</ModulePath>
      <ModuleTime>2021-09-13T17:34:46Z</ModuleTime>
      <ModuleName>System.Security.Cryptography.Primitives</ModuleName>
      <Classes />
    </Module>
    <Module skippedDueTo="Filter" hash="BA-5F-02-C9-29-C2-43-6C-D8-93-A4-70-ED-5A-7E-90-29-F8-BA-CE">
      <ModulePath>C:\Program Files\dotnet\shared\Microsoft.NETCore.App\6.0.0-rc.1.21451.13\System.Reflection.Extensions.dll</ModulePath>
      <ModuleTime>2021-09-13T17:32:48Z</ModuleTime>
      <ModuleName>System.Reflection.Extensions</ModuleName>
      <Classes />
    </Module>
    <Module skippedDueTo="Filter" hash="E2-BB-15-EA-FC-32-13-DC-20-5B-80-66-A7-9A-04-4A-D1-A2-FD-61">
      <ModulePath>C:\Program Files\dotnet\shared\Microsoft.NETCore.App\6.0.0-rc.1.21451.13\System.Reflection.dll</ModulePath>
      <ModuleTime>2021-09-13T17:34:52Z</ModuleTime>
      <ModuleName>System.Reflection</ModuleName>
      <Classes />
    </Module>
    <Module skippedDueTo="Filter" hash="18-AE-6A-D8-A4-93-2C-39-78-2D-3D-CE-E8-C8-74-8E-34-20-41-E0">
      <ModulePath>C:\Program Files\dotnet\shared\Microsoft.NETCore.App\6.0.0-rc.1.21451.13\System.Xml.XDocument.dll</ModulePath>
      <ModuleTime>2021-09-13T17:32:52Z</ModuleTime>
      <ModuleName>System.Xml.XDocument</ModuleName>
      <Classes />
    </Module>
    <Module skippedDueTo="Filter" hash="7C-04-42-68-C3-A2-2E-78-3F-53-FF-EE-23-63-0D-43-8E-49-2A-68">
      <ModulePath>C:\Program Files\dotnet\shared\Microsoft.NETCore.App\6.0.0-rc.1.21451.13\System.Private.Xml.Linq.dll</ModulePath>
      <ModuleTime>2021-09-13T17:35:36Z</ModuleTime>
      <ModuleName>System.Private.Xml.Linq</ModuleName>
      <Classes />
    </Module>
    <Module skippedDueTo="Filter" hash="B7-A4-71-48-B8-36-68-F2-F0-64-19-9D-CE-A3-60-BE-F8-85-20-BF">
      <ModulePath>C:\Program Files\dotnet\shared\Microsoft.NETCore.App\6.0.0-rc.1.21451.13\System.Threading.Thread.dll</ModulePath>
      <ModuleTime>2021-09-13T17:34:54Z</ModuleTime>
      <ModuleName>System.Threading.Thread</ModuleName>
      <Classes />
    </Module>
    <Module skippedDueTo="Filter" hash="31-34-D6-79-27-94-6C-A6-B9-9F-6A-49-1F-46-C9-72-02-EC-FD-2E">
      <ModulePath>C:\Program Files\dotnet\shared\Microsoft.NETCore.App\6.0.0-rc.1.21451.13\System.Private.Xml.dll</ModulePath>
      <ModuleTime>2021-09-13T17:34:40Z</ModuleTime>
      <ModuleName>System.Private.Xml</ModuleName>
      <Classes />
    </Module>
    <Module skippedDueTo="MissingPdb" hash="3F-C0-78-AC-FF-C3-67-46-8E-F4-1D-22-79-FF-99-C1-58-DF-4C-98">
      <ModulePath>C:\Program Files\dotnet\sdk\6.0.100-rc.1.21463.6\Microsoft.Build.Framework.dll</ModulePath>
      <ModuleTime>2021-09-13T18:03:14Z</ModuleTime>
      <ModuleName>Microsoft.Build.Framework</ModuleName>
      <Classes />
    </Module>
    <Module skippedDueTo="Filter" hash="75-4F-33-6B-4B-FB-80-B1-25-55-AA-EF-4A-8E-C3-9E-43-5D-23-71">
      <ModulePath>C:\Program Files\dotnet\shared\Microsoft.NETCore.App\6.0.0-rc.1.21451.13\System.Xml.ReaderWriter.dll</ModulePath>
      <ModuleTime>2021-09-13T17:32:52Z</ModuleTime>
      <ModuleName>System.Xml.ReaderWriter</ModuleName>
      <Classes />
    </Module>
    <Module skippedDueTo="Filter" hash="D4-0E-05-9B-B9-17-CB-40-D6-6B-15-24-B5-3E-BE-3D-3A-AB-0E-30">
      <ModulePath>C:\Program Files\dotnet\shared\Microsoft.NETCore.App\6.0.0-rc.1.21451.13\System.Collections.NonGeneric.dll</ModulePath>
      <ModuleTime>2021-09-13T17:34:48Z</ModuleTime>
      <ModuleName>System.Collections.NonGeneric</ModuleName>
      <Classes />
    </Module>
    <Module skippedDueTo="Filter" hash="88-30-A4-2C-E8-B5-52-1A-55-E6-AA-C4-C3-A0-95-36-80-72-22-D9">
      <ModulePath>C:\Program Files\dotnet\shared\Microsoft.NETCore.App\6.0.0-rc.1.21451.13\System.Threading.Tasks.dll</ModulePath>
      <ModuleTime>2021-09-13T17:34:54Z</ModuleTime>
      <ModuleName>System.Threading.Tasks</ModuleName>
      <Classes />
    </Module>
    <Module skippedDueTo="MissingPdb" hash="7C-39-E4-3A-2F-C7-10-18-48-3F-61-40-08-E0-51-D4-05-27-2C-61">
      <ModulePath>C:\Program Files\dotnet\sdk\6.0.100-rc.1.21463.6\Microsoft.DotNet.TemplateLocator.dll</ModulePath>
      <ModuleTime>2021-09-13T18:03:58Z</ModuleTime>
      <ModuleName>Microsoft.DotNet.TemplateLocator</ModuleName>
      <Classes />
    </Module>
    <Module skippedDueTo="Filter" hash="36-04-96-1C-61-CA-56-E5-83-6E-8D-10-AD-94-3B-90-B9-14-A5-5B">
      <ModulePath>C:\Program Files\dotnet\shared\Microsoft.NETCore.App\6.0.0-rc.1.21451.13\System.Globalization.dll</ModulePath>
      <ModuleTime>2021-09-13T17:34:52Z</ModuleTime>
      <ModuleName>System.Globalization</ModuleName>
      <Classes />
    </Module>
    <Module skippedDueTo="MissingPdb" hash="87-84-AE-C5-7E-8F-66-EF-FC-E2-2D-C3-FA-FF-80-AC-C0-AF-61-1A">
      <ModulePath>C:\Program Files\dotnet\sdk\6.0.100-rc.1.21463.6\NuGet.Common.dll</ModulePath>
      <ModuleTime>2021-09-13T18:03:58Z</ModuleTime>
      <ModuleName>NuGet.Common</ModuleName>
      <Classes />
    </Module>
    <Module skippedDueTo="MissingPdb" hash="9D-4E-04-2A-60-F6-6E-58-12-1D-F6-E6-D2-2C-7C-DB-18-A9-CE-41">
      <ModulePath>C:\Program Files\dotnet\sdk\6.0.100-rc.1.21463.6\MSBuild.dll</ModulePath>
      <ModuleTime>2021-09-13T18:03:58Z</ModuleTime>
      <ModuleName>MSBuild</ModuleName>
      <Classes />
    </Module>
    <Module skippedDueTo="Filter" hash="12-60-A1-D1-B0-15-49-BF-9D-4D-C7-15-E5-9A-CA-06-5C-F6-0F-B2">
      <ModulePath>C:\Program Files\dotnet\shared\Microsoft.NETCore.App\6.0.0-rc.1.21451.13\System.Text.RegularExpressions.dll</ModulePath>
      <ModuleTime>2021-09-13T17:35:36Z</ModuleTime>
      <ModuleName>System.Text.RegularExpressions</ModuleName>
      <Classes />
    </Module>
    <Module skippedDueTo="Filter" hash="FB-D9-CB-C1-3D-F7-D3-A2-EC-59-3C-65-10-29-2A-FE-B0-9D-0D-57">
      <ModulePath>C:\Program Files\dotnet\shared\Microsoft.NETCore.App\6.0.0-rc.1.21451.13\System.Collections.Concurrent.dll</ModulePath>
      <ModuleTime>2021-09-13T17:34:44Z</ModuleTime>
      <ModuleName>System.Collections.Concurrent</ModuleName>
      <Classes />
    </Module>
    <Module skippedDueTo="MissingPdb" hash="1C-9F-35-7B-E6-B3-8B-0F-25-2E-62-C1-25-48-1E-4A-A6-67-2A-CF">
      <ModulePath>C:\Program Files\dotnet\shared\Microsoft.NETCore.App\6.0.0-rc.1.21451.13\Microsoft.Win32.Registry.dll</ModulePath>
      <ModuleTime>2021-09-13T17:34:46Z</ModuleTime>
      <ModuleName>Microsoft.Win32.Registry</ModuleName>
      <Classes />
    </Module>
    <Module skippedDueTo="Filter" hash="21-11-A7-0A-55-B2-6E-3D-DE-85-D1-44-7A-FA-A7-5A-6B-E7-82-0C">
      <ModulePath>C:\Program Files\dotnet\shared\Microsoft.NETCore.App\6.0.0-rc.1.21451.13\System.Text.Json.dll</ModulePath>
      <ModuleTime>2021-09-13T17:34:48Z</ModuleTime>
      <ModuleName>System.Text.Json</ModuleName>
      <Classes />
    </Module>
    <Module skippedDueTo="Filter" hash="D5-F2-5A-C2-43-D0-C2-C5-39-DD-42-5B-1A-1B-0E-C4-C8-88-EA-8B">
      <ModulePath>C:\Program Files\dotnet\shared\Microsoft.NETCore.App\6.0.0-rc.1.21451.13\System.Diagnostics.Tools.dll</ModulePath>
      <ModuleTime>2021-09-13T17:34:50Z</ModuleTime>
      <ModuleName>System.Diagnostics.Tools</ModuleName>
      <Classes />
    </Module>
    <Module skippedDueTo="Filter" hash="8A-AD-94-53-78-B3-8D-EC-D9-BB-7F-23-85-E2-B8-53-14-77-BB-F7">
      <ModulePath>C:\Program Files\dotnet\shared\Microsoft.NETCore.App\6.0.0-rc.1.21451.13\System.Numerics.Vectors.dll</ModulePath>
      <ModuleTime>2021-09-13T17:34:50Z</ModuleTime>
      <ModuleName>System.Numerics.Vectors</ModuleName>
      <Classes />
    </Module>
    <Module skippedDueTo="Filter" hash="5D-85-9D-24-5A-D5-A0-29-B6-43-0E-80-0B-24-3B-3A-73-67-ED-E5">
      <ModulePath>C:\Program Files\dotnet\shared\Microsoft.NETCore.App\6.0.0-rc.1.21451.13\System.Runtime.Extensions.dll</ModulePath>
      <ModuleTime>2021-09-13T17:34:52Z</ModuleTime>
      <ModuleName>System.Runtime.Extensions</ModuleName>
      <Classes />
    </Module>
    <Module skippedDueTo="Filter" hash="EF-40-4C-2C-51-15-B6-2B-51-A5-3E-3A-C0-2E-10-96-F0-78-69-E8">
      <ModulePath>C:\Program Files\dotnet\shared\Microsoft.NETCore.App\6.0.0-rc.1.21451.13\System.Diagnostics.Debug.dll</ModulePath>
      <ModuleTime>2021-09-13T17:36:44Z</ModuleTime>
      <ModuleName>System.Diagnostics.Debug</ModuleName>
      <Classes />
    </Module>
    <Module skippedDueTo="Filter" hash="B3-09-AF-E3-94-E6-B0-D1-62-FE-BD-1D-F8-22-64-CC-C7-FF-11-97">
      <ModulePath>C:\Program Files\dotnet\shared\Microsoft.NETCore.App\6.0.0-rc.1.21451.13\System.IO.dll</ModulePath>
      <ModuleTime>2021-09-13T17:32:44Z</ModuleTime>
      <ModuleName>System.IO</ModuleName>
      <Classes />
    </Module>
    <Module skippedDueTo="Filter" hash="04-39-E6-6C-33-0A-83-46-B2-10-BD-38-C2-A2-7D-D8-51-65-7E-A0">
      <ModulePath>C:\Program Files\dotnet\shared\Microsoft.NETCore.App\6.0.0-rc.1.21451.13\System.Text.Encoding.dll</ModulePath>
      <ModuleTime>2021-09-13T17:34:52Z</ModuleTime>
      <ModuleName>System.Text.Encoding</ModuleName>
      <Classes />
    </Module>
    <Module skippedDueTo="Filter" hash="DE-CE-0F-AD-6A-25-80-02-03-64-D3-C8-8F-79-C1-53-D9-E3-F4-07">
      <ModulePath>C:\Program Files\dotnet\shared\Microsoft.NETCore.App\6.0.0-rc.1.21451.13\System.IO.Compression.dll</ModulePath>
      <ModuleTime>2021-09-13T17:34:50Z</ModuleTime>
      <ModuleName>System.IO.Compression</ModuleName>
      <Classes />
    </Module>
    <Module skippedDueTo="MissingPdb" hash="A8-B1-B1-55-C3-5E-59-4A-22-44-81-3C-6D-D5-1B-A3-09-96-7E-4C">
      <ModulePath>C:\Program Files\dotnet\sdk\6.0.100-rc.1.21463.6\Microsoft.Build.dll</ModulePath>
      <ModuleTime>2021-09-13T18:03:14Z</ModuleTime>
      <ModuleName>Microsoft.Build</ModuleName>
      <Classes />
    </Module>
    <Module skippedDueTo="Filter" hash="5D-11-F6-07-77-53-7F-5A-53-DA-02-98-C6-2D-A6-57-9A-25-24-3F">
      <ModulePath>C:\Program Files\dotnet\shared\Microsoft.NETCore.App\6.0.0-rc.1.21451.13\System.Net.Http.dll</ModulePath>
      <ModuleTime>2021-09-13T17:35:42Z</ModuleTime>
      <ModuleName>System.Net.Http</ModuleName>
      <Classes />
    </Module>
    <Module skippedDueTo="MissingPdb" hash="5C-56-B2-2B-A5-A0-5E-AE-41-00-F9-4B-4C-7F-35-7D-E3-2F-16-0D">
      <ModulePath>C:\Program Files\dotnet\sdk\6.0.100-rc.1.21463.6\NuGet.Protocol.dll</ModulePath>
      <ModuleTime>2021-09-13T18:03:12Z</ModuleTime>
      <ModuleName>NuGet.Protocol</ModuleName>
      <Classes />
    </Module>
    <Module skippedDueTo="Filter" hash="36-55-C4-2C-2E-2B-C0-76-2A-CA-6D-14-28-EF-B3-4F-08-C5-85-7C">
      <ModulePath>C:\Program Files\dotnet\shared\Microsoft.NETCore.App\6.0.0-rc.1.21451.13\System.Runtime.Loader.dll</ModulePath>
      <ModuleTime>2021-09-13T17:34:54Z</ModuleTime>
      <ModuleName>System.Runtime.Loader</ModuleName>
      <Classes />
    </Module>
    <Module skippedDueTo="Filter" hash="05-48-B9-16-3C-9F-02-11-0D-C2-7E-A2-16-C1-E2-D3-90-22-83-85">
      <ModulePath>C:\Program Files\dotnet\shared\Microsoft.NETCore.App\6.0.0-rc.1.21451.13\System.Net.Primitives.dll</ModulePath>
      <ModuleTime>2021-09-13T17:34:36Z</ModuleTime>
      <ModuleName>System.Net.Primitives</ModuleName>
      <Classes />
    </Module>
    <Module skippedDueTo="MissingPdb" hash="46-83-71-44-08-5D-2A-9A-3A-28-4C-8C-0A-A5-41-B9-24-8F-CE-42">
      <ModulePath>C:\Program Files\dotnet\sdk\6.0.100-rc.1.21463.6\Microsoft.Deployment.DotNet.Releases.dll</ModulePath>
      <ModuleTime>2021-09-13T18:03:14Z</ModuleTime>
      <ModuleName>Microsoft.Deployment.DotNet.Releases</ModuleName>
      <Classes />
    </Module>
    <Module skippedDueTo="MissingPdb" hash="C1-86-B0-30-37-C5-D0-CF-D4-79-5C-A9-C8-F2-4C-C8-12-2D-72-86">
      <ModulePath>C:\Program Files\dotnet\sdk\6.0.100-rc.1.21463.6\dotnet.dll</ModulePath>
      <ModuleTime>2021-09-13T18:04:14Z</ModuleTime>
      <ModuleName>dotnet</ModuleName>
      <Classes />
    </Module>
    <Module skippedDueTo="Filter" hash="EC-B1-B5-6E-72-D8-17-8A-9C-F8-89-47-0E-6B-5B-96-55-B0-B0-18">
      <ModulePath>C:\Program Files\dotnet\shared\Microsoft.NETCore.App\6.0.0-rc.1.21451.13\System.Diagnostics.DiagnosticSource.dll</ModulePath>
      <ModuleTime>2021-09-13T17:34:52Z</ModuleTime>
      <ModuleName>System.Diagnostics.DiagnosticSource</ModuleName>
      <Classes />
    </Module>
    <Module skippedDueTo="Filter" hash="23-20-75-D6-B3-71-01-42-61-8F-5C-F0-92-A1-85-21-27-64-C5-71">
      <ModulePath>C:\Program Files\dotnet\shared\Microsoft.NETCore.App\6.0.0-rc.1.21451.13\System.Collections.Immutable.dll</ModulePath>
      <ModuleTime>2021-09-13T17:34:48Z</ModuleTime>
      <ModuleName>System.Collections.Immutable</ModuleName>
      <Classes />
    </Module>
    <Module skippedDueTo="Filter" hash="07-D7-7C-40-82-9B-7E-2E-C2-7D-42-0B-29-6C-AC-2F-13-1D-CA-DC">
      <ModulePath>C:\Program Files\dotnet\shared\Microsoft.NETCore.App\6.0.0-rc.1.21451.13\System.Net.Security.dll</ModulePath>
      <ModuleTime>2021-09-13T17:34:36Z</ModuleTime>
      <ModuleName>System.Net.Security</ModuleName>
      <Classes />
    </Module>
    <Module skippedDueTo="Filter" hash="87-66-B3-A5-66-9A-1A-31-19-91-A7-DC-77-83-B1-BD-E8-78-7E-B1">
      <ModulePath>C:\Program Files\dotnet\shared\Microsoft.NETCore.App\6.0.0-rc.1.21451.13\System.Security.Cryptography.X509Certificates.dll</ModulePath>
      <ModuleTime>2021-09-13T17:34:48Z</ModuleTime>
      <ModuleName>System.Security.Cryptography.X509Certificates</ModuleName>
      <Classes />
    </Module>
    <Module skippedDueTo="MissingPdb" hash="7D-2D-39-6A-66-83-59-52-06-F1-8D-B7-D4-F7-6E-A9-1F-EE-39-B8">
      <ModulePath>C:\Program Files\dotnet\sdk\6.0.100-rc.1.21463.6\Microsoft.DotNet.Configurer.dll</ModulePath>
      <ModuleTime>2021-09-13T18:03:54Z</ModuleTime>
      <ModuleName>Microsoft.DotNet.Configurer</ModuleName>
      <Classes />
    </Module>
    <Module skippedDueTo="Filter" hash="02-22-9F-F4-6B-3E-BD-D3-93-16-21-5E-7D-58-B5-C4-88-D5-38-B1">
      <ModulePath>C:\Program Files\dotnet\sdk\6.0.100-rc.1.21463.6\System.CommandLine.dll</ModulePath>
      <ModuleTime>2021-09-13T18:03:36Z</ModuleTime>
      <ModuleName>System.CommandLine</ModuleName>
      <Classes />
    </Module>
    <Module skippedDueTo="MissingPdb" hash="5B-3C-F6-0F-D4-A2-51-B1-50-A2-D7-A6-24-F1-45-D5-06-54-B1-54">
      <ModulePath>C:\Program Files\dotnet\sdk\6.0.100-rc.1.21463.6\Microsoft.DotNet.InternalAbstractions.dll</ModulePath>
      <ModuleTime>2021-09-13T18:05:08Z</ModuleTime>
      <ModuleName>Microsoft.DotNet.InternalAbstractions</ModuleName>
      <Classes />
    </Module>
    <Module skippedDueTo="MissingPdb" hash="C9-8F-49-A6-7A-6B-8F-46-39-B1-87-46-21-8F-05-E6-B2-A8-4B-0D">
      <ModulePath>C:\Program Files\dotnet\sdk\6.0.100-rc.1.21463.6\Microsoft.DotNet.Cli.Utils.dll</ModulePath>
      <ModuleTime>2021-09-13T18:03:54Z</ModuleTime>
      <ModuleName>Microsoft.DotNet.Cli.Utils</ModuleName>
      <Classes />
    </Module>
    <Module skippedDueTo="Filter" hash="D0-1A-15-29-CB-5E-6B-C6-4E-14-08-32-F7-6B-5C-1F-A2-B2-B0-30">
      <ModulePath>C:\Program Files\dotnet\shared\Microsoft.NETCore.App\6.0.0-rc.1.21451.13\System.Security.AccessControl.dll</ModulePath>
      <ModuleTime>2021-09-13T17:35:38Z</ModuleTime>
      <ModuleName>System.Security.AccessControl</ModuleName>
      <Classes />
    </Module>
    <Module skippedDueTo="Filter" hash="E7-D4-5E-9F-18-53-CC-29-EC-25-FB-A2-50-FD-7C-B1-51-25-4C-14">
      <ModulePath>C:\Program Files\dotnet\sdk\6.0.100-rc.1.21463.6\runtimes\win\lib\netcoreapp2.0\System.Management.dll</ModulePath>
      <ModuleTime>2021-09-13T18:04:06Z</ModuleTime>
      <ModuleName>System.Management</ModuleName>
      <Classes />
    </Module>
    <Module skippedDueTo="Filter" hash="E1-85-FA-E9-C3-95-E0-61-D5-92-31-71-BF-DF-75-FB-A0-6D-B6-6D">
      <ModulePath>C:\Program Files\dotnet\shared\Microsoft.NETCore.App\6.0.0-rc.1.21451.13\System.Diagnostics.TraceSource.dll</ModulePath>
      <ModuleTime>2021-09-13T17:34:50Z</ModuleTime>
      <ModuleName>System.Diagnostics.TraceSource</ModuleName>
      <Classes />
    </Module>
    <Module skippedDueTo="Filter" hash="85-95-7B-AD-91-07-4D-42-85-9F-74-16-96-95-CF-6A-66-3A-84-6E">
      <ModulePath>C:\Program Files\dotnet\shared\Microsoft.NETCore.App\6.0.0-rc.1.21451.13\System.Collections.Specialized.dll</ModulePath>
      <ModuleTime>2021-09-13T17:34:50Z</ModuleTime>
      <ModuleName>System.Collections.Specialized</ModuleName>
      <Classes />
    </Module>
    <Module skippedDueTo="MissingPdb" hash="8C-49-46-51-BF-F4-E7-74-CD-C9-8F-54-6A-EB-1C-C3-11-9B-2D-49">
      <ModulePath>C:\Program Files\dotnet\sdk\6.0.100-rc.1.21463.6\Microsoft.NET.StringTools.dll</ModulePath>
      <ModuleTime>2021-09-13T18:03:36Z</ModuleTime>
      <ModuleName>Microsoft.NET.StringTools</ModuleName>
      <Classes />
    </Module>
    <Module skippedDueTo="Filter" hash="3D-8D-ED-DE-48-52-48-21-63-6A-C9-6C-9D-94-38-0C-38-A2-7D-15">
      <ModulePath>C:\Program Files\dotnet\shared\Microsoft.NETCore.App\6.0.0-rc.1.21451.13\System.Threading.Tasks.Dataflow.dll</ModulePath>
      <ModuleTime>2021-09-13T17:34:50Z</ModuleTime>
      <ModuleName>System.Threading.Tasks.Dataflow</ModuleName>
      <Classes />
    </Module>
    <Module skippedDueTo="Filter" hash="C2-5D-04-61-02-38-6D-46-B8-FE-BA-52-1A-76-4A-AF-4B-30-73-DC">
      <ModulePath>C:\Program Files\dotnet\shared\Microsoft.NETCore.App\6.0.0-rc.1.21451.13\System.Security.Principal.Windows.dll</ModulePath>
      <ModuleTime>2021-09-13T17:35:38Z</ModuleTime>
      <ModuleName>System.Security.Principal.Windows</ModuleName>
      <Classes />
    </Module>
    <Module skippedDueTo="Filter" hash="A8-57-92-EE-76-E9-6E-97-08-B8-C8-F1-C8-3C-D5-AD-50-92-6A-A9">
      <ModulePath>C:\Program Files\dotnet\shared\Microsoft.NETCore.App\6.0.0-rc.1.21451.13\System.IO.FileSystem.AccessControl.dll</ModulePath>
      <ModuleTime>2021-09-13T17:34:54Z</ModuleTime>
      <ModuleName>System.IO.FileSystem.AccessControl</ModuleName>
      <Classes />
    </Module>
    <Module skippedDueTo="Filter" hash="6C-CF-24-93-83-59-AE-D4-1B-B8-74-5D-93-08-BD-D2-5A-4C-BF-50">
      <ModulePath>C:\Program Files\dotnet\sdk\6.0.100-rc.1.21463.6\runtimes\win\lib\net6.0\System.ServiceProcess.ServiceController.dll</ModulePath>
      <ModuleTime>2021-09-13T18:03:20Z</ModuleTime>
      <ModuleName>System.ServiceProcess.ServiceController</ModuleName>
      <Classes />
    </Module>
    <Module skippedDueTo="Filter" hash="60-A0-72-07-41-7C-DC-40-50-E7-3B-38-6B-E3-05-BC-08-9F-D0-79">
      <ModulePath>C:\Program Files\dotnet\shared\Microsoft.NETCore.App\6.0.0-rc.1.21451.13\System.Security.Claims.dll</ModulePath>
      <ModuleTime>2021-09-13T17:34:48Z</ModuleTime>
      <ModuleName>System.Security.Claims</ModuleName>
      <Classes />
    </Module>
    <Module skippedDueTo="Filter" hash="96-DF-A3-AE-7D-40-4F-0C-B8-78-0D-69-81-29-50-94-15-8A-09-1C">
      <ModulePath>C:\Program Files\dotnet\shared\Microsoft.NETCore.App\6.0.0-rc.1.21451.13\System.Diagnostics.FileVersionInfo.dll</ModulePath>
      <ModuleTime>2021-09-13T17:34:50Z</ModuleTime>
      <ModuleName>System.Diagnostics.FileVersionInfo</ModuleName>
      <Classes />
    </Module>
    <Module skippedDueTo="MissingPdb" hash="E3-50-1E-4B-29-05-DB-E2-D8-B3-12-73-63-6F-B0-D7-20-06-D2-2D">
      <ModulePath>C:\Program Files\dotnet\sdk\6.0.100-rc.1.21463.6\Microsoft.Build.NuGetSdkResolver.dll</ModulePath>
      <ModuleTime>2021-09-13T18:03:14Z</ModuleTime>
      <ModuleName>Microsoft.Build.NuGetSdkResolver</ModuleName>
      <Classes />
    </Module>
    <Module skippedDueTo="MissingPdb" hash="F9-6F-56-9E-E6-53-9E-7D-77-CF-1A-B5-60-D1-3A-67-07-09-A4-40">
      <ModulePath>C:\Program Files\dotnet\sdk\6.0.100-rc.1.21463.6\Microsoft.NET.Sdk.WorkloadMSBuildSdkResolver.dll</ModulePath>
      <ModuleTime>2021-09-13T18:03:36Z</ModuleTime>
      <ModuleName>Microsoft.NET.Sdk.WorkloadMSBuildSdkResolver</ModuleName>
      <Classes />
    </Module>
    <Module skippedDueTo="Filter" hash="35-AE-02-E5-02-89-1B-BE-C9-F6-FE-84-25-D5-51-F7-D2-29-BD-89">
      <ModulePath>C:\Program Files\dotnet\shared\Microsoft.NETCore.App\6.0.0-rc.1.21451.13\System.IO.FileSystem.dll</ModulePath>
      <ModuleTime>2021-09-13T17:32:46Z</ModuleTime>
      <ModuleName>System.IO.FileSystem</ModuleName>
      <Classes />
    </Module>
    <Module skippedDueTo="MissingPdb" hash="C9-8F-49-A6-7A-6B-8F-46-39-B1-87-46-21-8F-05-E6-B2-A8-4B-0D">
      <ModulePath>C:\Program Files\dotnet\sdk\6.0.100-rc.1.21463.6\Microsoft.DotNet.Cli.Utils.dll</ModulePath>
      <ModuleTime>2021-09-13T18:03:54Z</ModuleTime>
      <ModuleName>Microsoft.DotNet.Cli.Utils</ModuleName>
      <Classes />
    </Module>
    <Module skippedDueTo="MissingPdb" hash="89-1D-F7-35-E2-1F-09-82-15-FD-1F-EE-8B-41-74-80-AA-36-91-22">
      <ModulePath>C:\Program Files\dotnet\sdk\6.0.100-rc.1.21463.6\Microsoft.NET.Sdk.WorkloadManifestReader.dll</ModulePath>
      <ModuleTime>2021-09-13T18:03:58Z</ModuleTime>
      <ModuleName>Microsoft.NET.Sdk.WorkloadManifestReader</ModuleName>
      <Classes />
    </Module>
    <Module skippedDueTo="Filter" hash="79-34-81-C4-06-41-5D-D8-E3-27-A0-7D-54-35-AA-13-69-4D-F1-63">
      <ModulePath>C:\Program Files\dotnet\shared\Microsoft.NETCore.App\6.0.0-rc.1.21451.13\System.Threading.Tasks.Parallel.dll</ModulePath>
      <ModuleTime>2021-09-13T17:34:52Z</ModuleTime>
      <ModuleName>System.Threading.Tasks.Parallel</ModuleName>
      <Classes />
    </Module>
    <Module skippedDueTo="MissingPdb" hash="E4-D3-AA-21-8F-AC-4B-99-26-CA-FE-70-EE-42-2E-4A-71-95-F3-AD">
      <ModulePath>C:\Program Files\dotnet\sdk\6.0.100-rc.1.21463.6\NuGet.Frameworks.dll</ModulePath>
      <ModuleTime>2021-09-13T18:03:12Z</ModuleTime>
      <ModuleName>NuGet.Frameworks</ModuleName>
      <Classes />
    </Module>
    <Module skippedDueTo="MissingPdb" hash="AD-41-71-52-FC-44-C9-8A-04-95-86-1D-A6-0C-94-41-98-A2-B5-2B">
      <ModulePath>C:\Program Files\dotnet\sdk\6.0.100-rc.1.21463.6\Microsoft.Build.Utilities.Core.dll</ModulePath>
      <ModuleTime>2021-09-13T18:03:14Z</ModuleTime>
      <ModuleName>Microsoft.Build.Utilities.Core</ModuleName>
      <Classes />
    </Module>
    <Module skippedDueTo="Filter" hash="44-63-F6-E7-46-9D-BF-3D-53-48-85-E5-32-8E-4B-20-64-7A-7B-F3">
      <ModulePath>C:\Program Files\dotnet\shared\Microsoft.NETCore.App\6.0.0-rc.1.21451.13\System.Reflection.Emit.ILGeneration.dll</ModulePath>
      <ModuleTime>2021-09-13T17:34:52Z</ModuleTime>
      <ModuleName>System.Reflection.Emit.ILGeneration</ModuleName>
      <Classes />
    </Module>
    <Module skippedDueTo="Filter" hash="BD-EE-38-E9-BE-FF-BC-3C-DF-03-79-31-34-2B-B1-FB-63-B6-2C-EA">
      <ModulePath>C:\Program Files\dotnet\shared\Microsoft.NETCore.App\6.0.0-rc.1.21451.13\System.Reflection.Emit.Lightweight.dll</ModulePath>
      <ModuleTime>2021-09-13T17:34:54Z</ModuleTime>
      <ModuleName>System.Reflection.Emit.Lightweight</ModuleName>
      <Classes />
    </Module>
    <Module skippedDueTo="Filter" hash="68-38-24-7B-1D-74-90-7E-05-BF-51-7F-AC-4C-35-1B-A7-72-32-EB">
      <ModulePath>C:\Program Files\dotnet\shared\Microsoft.NETCore.App\6.0.0-rc.1.21451.13\System.Reflection.Primitives.dll</ModulePath>
      <ModuleTime>2021-09-13T17:35:44Z</ModuleTime>
      <ModuleName>System.Reflection.Primitives</ModuleName>
      <Classes />
    </Module>
    <Module skippedDueTo="MissingPdb" hash="19-FC-DA-BE-81-43-06-4B-62-C1-92-02-10-9D-DF-37-EB-28-0F-70">
      <ModulePath>C:\Program Files\dotnet\sdk\6.0.100-rc.1.21463.6\Microsoft.Build.Tasks.Core.dll</ModulePath>
      <ModuleTime>2021-09-13T18:03:14Z</ModuleTime>
      <ModuleName>Microsoft.Build.Tasks.Core</ModuleName>
      <Classes />
    </Module>
    <Module skippedDueTo="Filter" hash="4E-E7-CF-57-F0-F5-96-2A-79-FB-0B-42-5B-3B-63-68-D3-FC-0E-D4">
      <ModulePath>C:\Program Files\dotnet\shared\Microsoft.NETCore.App\6.0.0-rc.1.21451.13\System.Threading.ThreadPool.dll</ModulePath>
      <ModuleTime>2021-09-13T17:34:56Z</ModuleTime>
      <ModuleName>System.Threading.ThreadPool</ModuleName>
      <Classes />
    </Module>
    <Module skippedDueTo="MissingPdb" hash="78-7D-BB-FB-57-E2-84-5F-40-23-CA-CF-A7-E4-3B-8D-06-E0-C3-D8">
      <ModulePath>C:\Program Files\dotnet\sdk\6.0.100-rc.1.21463.6\NuGet.Build.Tasks.dll</ModulePath>
      <ModuleTime>2021-09-13T18:03:12Z</ModuleTime>
      <ModuleName>NuGet.Build.Tasks</ModuleName>
      <Classes />
    </Module>
    <Module skippedDueTo="MissingPdb" hash="87-84-AE-C5-7E-8F-66-EF-FC-E2-2D-C3-FA-FF-80-AC-C0-AF-61-1A">
      <ModulePath>C:\Program Files\dotnet\sdk\6.0.100-rc.1.21463.6\NuGet.Common.dll</ModulePath>
      <ModuleTime>2021-09-13T18:03:58Z</ModuleTime>
      <ModuleName>NuGet.Common</ModuleName>
      <Classes />
    </Module>
    <Module skippedDueTo="MissingPdb" hash="C7-D8-F9-82-13-F2-8A-0F-BA-7D-71-E7-55-79-6D-23-CC-07-1F-18">
      <ModulePath>C:\Program Files\dotnet\sdk\6.0.100-rc.1.21463.6\NuGet.Commands.dll</ModulePath>
      <ModuleTime>2021-09-13T18:03:12Z</ModuleTime>
      <ModuleName>NuGet.Commands</ModuleName>
      <Classes />
    </Module>
    <Module skippedDueTo="MissingPdb" hash="90-4D-70-55-81-79-BD-5B-52-AF-0E-4C-FA-CC-00-BF-E7-EC-95-D9">
      <ModulePath>C:\Program Files\dotnet\sdk\6.0.100-rc.1.21463.6\NuGet.ProjectModel.dll</ModulePath>
      <ModuleTime>2021-09-13T18:03:12Z</ModuleTime>
      <ModuleName>NuGet.ProjectModel</ModuleName>
      <Classes />
    </Module>
    <Module skippedDueTo="MissingPdb" hash="FA-F8-8D-0B-74-07-C9-71-AE-E3-C6-19-3F-0D-DF-B0-3C-06-D8-E7">
      <ModulePath>C:\Program Files\dotnet\sdk\6.0.100-rc.1.21463.6\NuGet.Configuration.dll</ModulePath>
      <ModuleTime>2021-09-13T18:03:58Z</ModuleTime>
      <ModuleName>NuGet.Configuration</ModuleName>
      <Classes />
    </Module>
    <Module skippedDueTo="MissingPdb" hash="B4-CF-1C-5E-05-9F-26-42-0D-92-94-E9-61-56-A2-A3-33-F3-52-D0">
      <ModulePath>C:\Program Files\dotnet\sdk\6.0.100-rc.1.21463.6\NuGet.Versioning.dll</ModulePath>
      <ModuleTime>2021-09-13T18:03:12Z</ModuleTime>
      <ModuleName>NuGet.Versioning</ModuleName>
      <Classes />
    </Module>
    <Module skippedDueTo="MissingPdb" hash="41-1A-3A-D2-A6-DB-81-53-13-12-33-32-87-2B-D8-2F-D6-6A-35-9A">
      <ModulePath>C:\Program Files\dotnet\sdk\6.0.100-rc.1.21463.6\Sdks\Microsoft.NET.Sdk\tools\net6.0\Microsoft.NET.Build.Tasks.dll</ModulePath>
      <ModuleTime>2021-09-13T18:03:46Z</ModuleTime>
      <ModuleName>Microsoft.NET.Build.Tasks</ModuleName>
      <Classes />
    </Module>
    <Module skippedDueTo="MissingPdb" hash="E4-D3-AA-21-8F-AC-4B-99-26-CA-FE-70-EE-42-2E-4A-71-95-F3-AD">
      <ModulePath>C:\Program Files\dotnet\sdk\6.0.100-rc.1.21463.6\NuGet.Frameworks.dll</ModulePath>
      <ModuleTime>2021-09-13T18:03:12Z</ModuleTime>
      <ModuleName>NuGet.Frameworks</ModuleName>
      <Classes />
    </Module>
    <Module skippedDueTo="MissingPdb" hash="DD-F8-7B-0A-9B-7A-74-20-AC-64-8B-61-DE-2D-39-B5-C0-1A-7D-6D">
      <ModulePath>C:\Program Files\dotnet\sdk\6.0.100-rc.1.21463.6\NuGet.Packaging.dll</ModulePath>
      <ModuleTime>2021-09-13T18:03:16Z</ModuleTime>
      <ModuleName>NuGet.Packaging</ModuleName>
      <Classes />
    </Module>
    <Module skippedDueTo="MissingPdb" hash="AE-49-39-3A-60-0F-D0-C3-0E-DB-F7-C3-E7-53-AB-B4-F4-4F-76-31">
      <ModulePath>C:\Program Files\dotnet\sdk\6.0.100-rc.1.21463.6\NuGet.LibraryModel.dll</ModulePath>
      <ModuleTime>2021-09-13T18:03:12Z</ModuleTime>
      <ModuleName>NuGet.LibraryModel</ModuleName>
      <Classes />
    </Module>
    <Module skippedDueTo="MissingPdb" hash="5C-56-B2-2B-A5-A0-5E-AE-41-00-F9-4B-4C-7F-35-7D-E3-2F-16-0D">
      <ModulePath>C:\Program Files\dotnet\sdk\6.0.100-rc.1.21463.6\NuGet.Protocol.dll</ModulePath>
      <ModuleTime>2021-09-13T18:03:12Z</ModuleTime>
      <ModuleName>NuGet.Protocol</ModuleName>
      <Classes />
    </Module>
    <Module skippedDueTo="MissingPdb" hash="76-8A-13-26-EB-28-A2-73-91-21-C6-25-C3-D5-75-E4-11-40-48-70">
      <ModulePath>C:\Program Files\dotnet\sdk\6.0.100-rc.1.21463.6\NuGet.Credentials.dll</ModulePath>
      <ModuleTime>2021-09-13T18:03:12Z</ModuleTime>
      <ModuleName>NuGet.Credentials</ModuleName>
      <Classes />
    </Module>
    <Module skippedDueTo="MissingPdb" hash="C3-1F-3F-EF-29-F0-80-4F-F1-29-12-F4-14-04-7E-E1-53-C9-1B-D6">
      <ModulePath>C:\Program Files\dotnet\sdk\6.0.100-rc.1.21463.6\NuGet.DependencyResolver.Core.dll</ModulePath>
      <ModuleTime>2021-09-13T18:03:10Z</ModuleTime>
      <ModuleName>NuGet.DependencyResolver.Core</ModuleName>
      <Classes />
    </Module>
    <Module skippedDueTo="MissingPdb" hash="F3-F2-05-17-10-34-5F-8D-BB-3F-61-6F-72-37-72-F6-73-29-12-01">
      <ModulePath>C:\Program Files\dotnet\sdk\6.0.100-rc.1.21463.6\Newtonsoft.Json.dll</ModulePath>
      <ModuleTime>2021-09-13T18:07:06Z</ModuleTime>
      <ModuleName>Newtonsoft.Json</ModuleName>
      <Classes />
    </Module>
    <Module skippedDueTo="Filter" hash="C2-31-19-BE-AA-95-E1-65-7B-95-B5-A6-B8-B9-CF-0D-E8-2A-18-25">
      <ModulePath>C:\Program Files\dotnet\shared\Microsoft.NETCore.App\6.0.0-rc.1.21451.13\System.Runtime.Serialization.Primitives.dll</ModulePath>
      <ModuleTime>2021-09-13T17:34:46Z</ModuleTime>
      <ModuleName>System.Runtime.Serialization.Primitives</ModuleName>
      <Classes />
    </Module>
    <Module skippedDueTo="Filter" hash="74-3D-03-13-56-13-D8-65-85-7C-E4-F5-91-99-D5-BB-BC-6F-E0-45">
      <ModulePath>C:\Program Files\dotnet\shared\Microsoft.NETCore.App\6.0.0-rc.1.21451.13\System.Runtime.Numerics.dll</ModulePath>
      <ModuleTime>2021-09-13T17:34:46Z</ModuleTime>
      <ModuleName>System.Runtime.Numerics</ModuleName>
      <Classes />
    </Module>
    <Module skippedDueTo="Filter" hash="EC-35-C1-34-19-19-6A-7A-05-00-6D-BF-39-55-F5-7C-6F-19-A0-78">
      <ModulePath>C:\Program Files\dotnet\shared\Microsoft.NETCore.App\6.0.0-rc.1.21451.13\System.Linq.Expressions.dll</ModulePath>
      <ModuleTime>2021-09-13T17:35:38Z</ModuleTime>
      <ModuleName>System.Linq.Expressions</ModuleName>
      <Classes />
    </Module>
    <Module skippedDueTo="Filter" hash="41-A0-31-44-04-9E-36-F6-E6-B4-9E-20-01-BA-5C-D5-3B-15-F0-A0">
      <ModulePath>C:\Program Files\dotnet\shared\Microsoft.NETCore.App\6.0.0-rc.1.21451.13\System.Net.Requests.dll</ModulePath>
      <ModuleTime>2021-09-13T17:34:38Z</ModuleTime>
      <ModuleName>System.Net.Requests</ModuleName>
      <Classes />
    </Module>
    <Module skippedDueTo="Filter" hash="43-A8-3F-F8-62-33-9E-FB-90-42-4A-97-4F-B0-18-84-86-AA-6F-86">
      <ModulePath>C:\Program Files\dotnet\shared\Microsoft.NETCore.App\6.0.0-rc.1.21451.13\System.Net.NetworkInformation.dll</ModulePath>
      <ModuleTime>2021-09-13T17:34:34Z</ModuleTime>
      <ModuleName>System.Net.NetworkInformation</ModuleName>
      <Classes />
    </Module>
    <Module skippedDueTo="Filter" hash="5C-BD-4E-69-54-D4-26-20-2E-DA-37-77-04-22-A0-26-87-FF-D3-87">
      <ModulePath>C:\Program Files\dotnet\shared\Microsoft.NETCore.App\6.0.0-rc.1.21451.13\System.Net.Quic.dll</ModulePath>
      <ModuleTime>2021-09-13T17:34:36Z</ModuleTime>
      <ModuleName>System.Net.Quic</ModuleName>
      <Classes />
    </Module>
    <Module skippedDueTo="Filter" hash="CD-78-AA-E6-6F-0F-E1-26-9C-37-41-85-28-F4-D4-BF-96-05-7F-46">
      <ModulePath>C:\Program Files\dotnet\shared\Microsoft.NETCore.App\6.0.0-rc.1.21451.13\System.Net.Sockets.dll</ModulePath>
      <ModuleTime>2021-09-13T17:34:36Z</ModuleTime>
      <ModuleName>System.Net.Sockets</ModuleName>
      <Classes />
    </Module>
    <Module skippedDueTo="Filter" hash="B6-99-C2-56-86-D6-C3-6E-20-0C-1C-DB-70-B0-83-37-61-F5-C4-71">
      <ModulePath>C:\Program Files\dotnet\shared\Microsoft.NETCore.App\6.0.0-rc.1.21451.13\System.Threading.Overlapped.dll</ModulePath>
      <ModuleTime>2021-09-13T17:35:42Z</ModuleTime>
      <ModuleName>System.Threading.Overlapped</ModuleName>
      <Classes />
    </Module>
    <Module skippedDueTo="Filter" hash="AB-EB-38-19-E5-0A-E3-53-45-2A-C3-BA-BB-35-47-3D-4C-33-7B-2C">
      <ModulePath>C:\Program Files\dotnet\shared\Microsoft.NETCore.App\6.0.0-rc.1.21451.13\System.Net.NameResolution.dll</ModulePath>
      <ModuleTime>2021-09-13T17:35:36Z</ModuleTime>
      <ModuleName>System.Net.NameResolution</ModuleName>
      <Classes />
    </Module>
    <Module skippedDueTo="Filter" hash="37-4C-EC-BA-12-F6-E0-2D-48-8A-86-59-B3-CC-1E-52-7B-E6-4C-84">
      <ModulePath>C:\Program Files\dotnet\shared\Microsoft.NETCore.App\6.0.0-rc.1.21451.13\System.Security.Cryptography.Encoding.dll</ModulePath>
      <ModuleTime>2021-09-13T17:34:46Z</ModuleTime>
      <ModuleName>System.Security.Cryptography.Encoding</ModuleName>
      <Classes />
    </Module>
    <Module skippedDueTo="Filter" hash="52-B4-20-F0-E5-77-BA-A1-0F-AA-06-8C-D7-5E-92-85-CC-B4-43-03">
      <ModulePath>C:\Program Files\dotnet\shared\Microsoft.NETCore.App\6.0.0-rc.1.21451.13\System.Runtime.Serialization.Formatters.dll</ModulePath>
      <ModuleTime>2021-09-13T17:34:44Z</ModuleTime>
      <ModuleName>System.Runtime.Serialization.Formatters</ModuleName>
      <Classes />
    </Module>
    <Module skippedDueTo="Filter" hash="8A-EB-C0-BC-B7-21-D9-38-05-9A-69-EF-80-32-66-E5-F9-A2-16-4E">
      <ModulePath>C:\Program Files\dotnet\shared\Microsoft.NETCore.App\6.0.0-rc.1.21451.13\System.Data.Common.dll</ModulePath>
      <ModuleTime>2021-09-13T17:34:50Z</ModuleTime>
      <ModuleName>System.Data.Common</ModuleName>
      <Classes />
    </Module>
    <Module skippedDueTo="MissingPdb" hash="">
      <ModulePath>RefEmit_InMemoryManifestModule</ModulePath>
      <ModuleTime>0001-01-01T00:00:00</ModuleTime>
      <ModuleName>Anonymously Hosted DynamicMethods Assembly</ModuleName>
      <Classes />
    </Module>
    <Module skippedDueTo="Filter" hash="20-04-D5-5A-FF-90-7F-91-41-2A-8E-0D-26-4F-22-2F-05-43-DA-A0">
      <ModulePath>C:\Program Files\dotnet\shared\Microsoft.NETCore.App\6.0.0-rc.1.21451.13\System.Diagnostics.StackTrace.dll</ModulePath>
      <ModuleTime>2021-09-13T17:34:52Z</ModuleTime>
      <ModuleName>System.Diagnostics.StackTrace</ModuleName>
      <Classes />
    </Module>
    <Module skippedDueTo="Filter" hash="8B-08-F3-32-94-59-53-73-91-B3-DF-A7-A9-72-F8-1E-24-89-0A-F5">
      <ModulePath>C:\Program Files\dotnet\shared\Microsoft.NETCore.App\6.0.0-rc.1.21451.13\System.Reflection.Metadata.dll</ModulePath>
      <ModuleTime>2021-09-13T17:34:42Z</ModuleTime>
      <ModuleName>System.Reflection.Metadata</ModuleName>
      <Classes />
    </Module>
    <Module skippedDueTo="MissingPdb" hash="08-5C-48-A6-EA-F8-BB-A5-C4-0B-45-5B-CE-12-F0-8C-EF-E2-99-E3">
      <ModulePath>C:\Program Files\dotnet\sdk\6.0.100-rc.1.21463.6\Microsoft.TestPlatform.Build.dll</ModulePath>
      <ModuleTime>2021-09-13T18:03:06Z</ModuleTime>
      <ModuleName>Microsoft.TestPlatform.Build</ModuleName>
      <Classes />
    </Module>
    <Module skippedDueTo="MissingPdb" hash="90-4D-70-55-81-79-BD-5B-52-AF-0E-4C-FA-CC-00-BF-E7-EC-95-D9">
      <ModulePath>C:\Program Files\dotnet\sdk\6.0.100-rc.1.21463.6\NuGet.ProjectModel.dll</ModulePath>
      <ModuleTime>2021-09-13T18:03:12Z</ModuleTime>
      <ModuleName>NuGet.ProjectModel</ModuleName>
      <Classes />
    </Module>
    <Module skippedDueTo="MissingPdb" hash="F3-F2-05-17-10-34-5F-8D-BB-3F-61-6F-72-37-72-F6-73-29-12-01">
      <ModulePath>C:\Program Files\dotnet\sdk\6.0.100-rc.1.21463.6\Newtonsoft.Json.dll</ModulePath>
      <ModuleTime>2021-09-13T18:07:06Z</ModuleTime>
      <ModuleName>Newtonsoft.Json</ModuleName>
      <Classes />
    </Module>
    <Module skippedDueTo="MissingPdb" hash="B4-CF-1C-5E-05-9F-26-42-0D-92-94-E9-61-56-A2-A3-33-F3-52-D0">
      <ModulePath>C:\Program Files\dotnet\sdk\6.0.100-rc.1.21463.6\NuGet.Versioning.dll</ModulePath>
      <ModuleTime>2021-09-13T18:03:12Z</ModuleTime>
      <ModuleName>NuGet.Versioning</ModuleName>
      <Classes />
    </Module>
    <Module skippedDueTo="MissingPdb" hash="DD-F8-7B-0A-9B-7A-74-20-AC-64-8B-61-DE-2D-39-B5-C0-1A-7D-6D">
      <ModulePath>C:\Program Files\dotnet\sdk\6.0.100-rc.1.21463.6\NuGet.Packaging.dll</ModulePath>
      <ModuleTime>2021-09-13T18:03:16Z</ModuleTime>
      <ModuleName>NuGet.Packaging</ModuleName>
      <Classes />
    </Module>
    <Module skippedDueTo="MissingPdb" hash="AE-49-39-3A-60-0F-D0-C3-0E-DB-F7-C3-E7-53-AB-B4-F4-4F-76-31">
      <ModulePath>C:\Program Files\dotnet\sdk\6.0.100-rc.1.21463.6\NuGet.LibraryModel.dll</ModulePath>
      <ModuleTime>2021-09-13T18:03:12Z</ModuleTime>
      <ModuleName>NuGet.LibraryModel</ModuleName>
      <Classes />
    </Module>
    <Module skippedDueTo="MissingPdb" hash="FA-F8-8D-0B-74-07-C9-71-AE-E3-C6-19-3F-0D-DF-B0-3C-06-D8-E7">
      <ModulePath>C:\Program Files\dotnet\sdk\6.0.100-rc.1.21463.6\NuGet.Configuration.dll</ModulePath>
      <ModuleTime>2021-09-13T18:03:58Z</ModuleTime>
      <ModuleName>NuGet.Configuration</ModuleName>
      <Classes />
    </Module>
    <Module skippedDueTo="Filter" hash="F3-F7-9F-BD-6E-82-7B-70-54-98-2D-BF-9D-EB-23-54-26-9E-B7-9C">
      <ModulePath>C:\Program Files\dotnet\shared\Microsoft.NETCore.App\6.0.0-rc.1.21451.13\System.IO.Pipes.dll</ModulePath>
      <ModuleTime>2021-09-13T17:34:54Z</ModuleTime>
      <ModuleName>System.IO.Pipes</ModuleName>
      <Classes />
    </Module>
    <Module skippedDueTo="Filter" hash="88-DC-63-B8-71-5E-2F-C4-CF-59-A7-55-2B-4E-6E-60-2B-EF-E7-C6">
      <ModulePath>C:\Program Files\dotnet\shared\Microsoft.NETCore.App\6.0.0-rc.1.21451.13\System.Private.CoreLib.dll</ModulePath>
      <ModuleTime>2021-09-13T17:34:38Z</ModuleTime>
      <ModuleName>System.Private.CoreLib</ModuleName>
      <Classes />
    </Module>
    <Module skippedDueTo="MissingPdb" hash="9D-4E-04-2A-60-F6-6E-58-12-1D-F6-E6-D2-2C-7C-DB-18-A9-CE-41">
      <ModulePath>C:\Program Files\dotnet\sdk\6.0.100-rc.1.21463.6\MSBuild.dll</ModulePath>
      <ModuleTime>2021-09-13T18:03:58Z</ModuleTime>
      <ModuleName>MSBuild</ModuleName>
      <Classes />
    </Module>
    <Module skippedDueTo="Filter" hash="B9-59-00-2C-98-C9-FB-51-F0-51-F0-13-74-73-25-87-49-A4-06-A8">
      <ModulePath>C:\Program Files\dotnet\shared\Microsoft.NETCore.App\6.0.0-rc.1.21451.13\System.Runtime.dll</ModulePath>
      <ModuleTime>2021-09-13T17:34:54Z</ModuleTime>
      <ModuleName>System.Runtime</ModuleName>
      <Classes />
    </Module>
    <Module skippedDueTo="Filter" hash="EF-21-85-A9-E2-7C-C7-7D-50-0E-D2-93-29-55-1F-48-95-5E-8D-C0">
      <ModulePath>C:\Program Files\dotnet\shared\Microsoft.NETCore.App\6.0.0-rc.1.21451.13\System.Diagnostics.Tracing.dll</ModulePath>
      <ModuleTime>2021-09-13T17:34:56Z</ModuleTime>
      <ModuleName>System.Diagnostics.Tracing</ModuleName>
      <Classes />
    </Module>
    <Module skippedDueTo="Filter" hash="C7-D3-A7-09-54-72-06-C5-7B-59-D2-0D-B2-37-6D-67-81-E2-40-D1">
      <ModulePath>C:\Program Files\dotnet\shared\Microsoft.NETCore.App\6.0.0-rc.1.21451.13\System.Threading.dll</ModulePath>
      <ModuleTime>2021-09-13T17:34:50Z</ModuleTime>
      <ModuleName>System.Threading</ModuleName>
      <Classes />
    </Module>
    <Module skippedDueTo="MissingPdb" hash="3F-C0-78-AC-FF-C3-67-46-8E-F4-1D-22-79-FF-99-C1-58-DF-4C-98">
      <ModulePath>C:\Program Files\dotnet\sdk\6.0.100-rc.1.21463.6\Microsoft.Build.Framework.dll</ModulePath>
      <ModuleTime>2021-09-13T18:03:14Z</ModuleTime>
      <ModuleName>Microsoft.Build.Framework</ModuleName>
      <Classes />
    </Module>
    <Module skippedDueTo="MissingPdb" hash="5C-68-00-3F-F9-78-0A-DC-DA-EC-7E-39-8E-3E-10-EF-7E-6C-9C-1C">
      <ModulePath>C:\Program Files\dotnet\shared\Microsoft.NETCore.App\6.0.0-rc.1.21451.13\netstandard.dll</ModulePath>
      <ModuleTime>2021-09-13T17:33:34Z</ModuleTime>
      <ModuleName>netstandard</ModuleName>
      <Classes />
    </Module>
    <Module skippedDueTo="Filter" hash="3C-37-E4-F1-10-A0-76-5B-98-84-09-46-62-81-52-E5-99-DB-B1-73">
      <ModulePath>C:\Program Files\dotnet\shared\Microsoft.NETCore.App\6.0.0-rc.1.21451.13\System.Runtime.InteropServices.RuntimeInformation.dll</ModulePath>
      <ModuleTime>2021-09-13T17:34:44Z</ModuleTime>
      <ModuleName>System.Runtime.InteropServices.RuntimeInformation</ModuleName>
      <Classes />
    </Module>
    <Module skippedDueTo="Filter" hash="85-42-E1-A2-69-AB-A8-30-4A-04-00-D4-62-17-33-AE-66-45-74-0D">
      <ModulePath>C:\Program Files\dotnet\shared\Microsoft.NETCore.App\6.0.0-rc.1.21451.13\System.Diagnostics.Process.dll</ModulePath>
      <ModuleTime>2021-09-13T17:34:52Z</ModuleTime>
      <ModuleName>System.Diagnostics.Process</ModuleName>
      <Classes />
    </Module>
    <Module skippedDueTo="Filter" hash="A2-5D-D9-AB-11-F4-C0-E3-5B-7C-53-DE-05-F0-CF-CA-8A-91-9E-5A">
      <ModulePath>C:\Program Files\dotnet\shared\Microsoft.NETCore.App\6.0.0-rc.1.21451.13\System.ComponentModel.Primitives.dll</ModulePath>
      <ModuleTime>2021-09-13T17:34:50Z</ModuleTime>
      <ModuleName>System.ComponentModel.Primitives</ModuleName>
      <Classes />
    </Module>
    <Module skippedDueTo="Filter" hash="44-25-7F-68-79-C9-72-21-21-B3-6E-14-47-CE-B4-5F-AB-6B-54-35">
      <ModulePath>C:\Program Files\dotnet\shared\Microsoft.NETCore.App\6.0.0-rc.1.21451.13\System.Linq.dll</ModulePath>
      <ModuleTime>2021-09-13T17:34:34Z</ModuleTime>
      <ModuleName>System.Linq</ModuleName>
      <Classes />
    </Module>
    <Module skippedDueTo="Filter" hash="12-60-A1-D1-B0-15-49-BF-9D-4D-C7-15-E5-9A-CA-06-5C-F6-0F-B2">
      <ModulePath>C:\Program Files\dotnet\shared\Microsoft.NETCore.App\6.0.0-rc.1.21451.13\System.Text.RegularExpressions.dll</ModulePath>
      <ModuleTime>2021-09-13T17:35:36Z</ModuleTime>
      <ModuleName>System.Text.RegularExpressions</ModuleName>
      <Classes />
    </Module>
    <Module skippedDueTo="Filter" hash="FB-D9-CB-C1-3D-F7-D3-A2-EC-59-3C-65-10-29-2A-FE-B0-9D-0D-57">
      <ModulePath>C:\Program Files\dotnet\shared\Microsoft.NETCore.App\6.0.0-rc.1.21451.13\System.Collections.Concurrent.dll</ModulePath>
      <ModuleTime>2021-09-13T17:34:44Z</ModuleTime>
      <ModuleName>System.Collections.Concurrent</ModuleName>
      <Classes />
    </Module>
    <Module skippedDueTo="Filter" hash="DE-79-8B-55-8C-6C-6A-E7-47-30-34-49-A9-DE-F8-59-60-71-7E-14">
      <ModulePath>C:\Program Files\dotnet\shared\Microsoft.NETCore.App\6.0.0-rc.1.21451.13\System.Collections.dll</ModulePath>
      <ModuleTime>2021-09-13T17:35:34Z</ModuleTime>
      <ModuleName>System.Collections</ModuleName>
      <Classes />
    </Module>
    <Module skippedDueTo="Filter" hash="CD-40-7B-EB-C6-8E-70-D2-57-67-05-34-B1-91-B5-A9-60-B8-D2-55">
      <ModulePath>C:\Program Files\dotnet\shared\Microsoft.NETCore.App\6.0.0-rc.1.21451.13\System.Memory.dll</ModulePath>
      <ModuleTime>2021-09-13T17:35:38Z</ModuleTime>
      <ModuleName>System.Memory</ModuleName>
      <Classes />
    </Module>
    <Module skippedDueTo="Filter" hash="A0-5E-5E-31-CC-F1-6A-4F-28-FF-25-03-C6-5C-E6-42-DE-0B-6A-4C">
      <ModulePath>C:\Program Files\dotnet\shared\Microsoft.NETCore.App\6.0.0-rc.1.21451.13\System.Console.dll</ModulePath>
      <ModuleTime>2021-09-13T17:34:50Z</ModuleTime>
      <ModuleName>System.Console</ModuleName>
      <Classes />
    </Module>
    <Module skippedDueTo="MissingPdb" hash="A8-B1-B1-55-C3-5E-59-4A-22-44-81-3C-6D-D5-1B-A3-09-96-7E-4C">
      <ModulePath>C:\Program Files\dotnet\sdk\6.0.100-rc.1.21463.6\Microsoft.Build.dll</ModulePath>
      <ModuleTime>2021-09-13T18:03:14Z</ModuleTime>
      <ModuleName>Microsoft.Build</ModuleName>
      <Classes />
    </Module>
    <Module skippedDueTo="MissingPdb" hash="B6-B1-6B-3D-55-15-CE-0E-B0-63-F0-CF-47-4C-AE-3F-3C-1B-15-53">
      <ModulePath>C:\Program Files\dotnet\shared\Microsoft.NETCore.App\6.0.0-rc.1.21451.13\Microsoft.Win32.Primitives.dll</ModulePath>
      <ModuleTime>2021-09-13T17:34:44Z</ModuleTime>
      <ModuleName>Microsoft.Win32.Primitives</ModuleName>
      <Classes />
    </Module>
    <Module skippedDueTo="Filter" hash="6D-CA-1B-2A-F7-9D-FA-AA-7A-90-AB-B7-72-D3-36-81-10-65-73-9D">
      <ModulePath>C:\Program Files\dotnet\shared\Microsoft.NETCore.App\6.0.0-rc.1.21451.13\System.Runtime.InteropServices.dll</ModulePath>
      <ModuleTime>2021-09-13T17:34:42Z</ModuleTime>
      <ModuleName>System.Runtime.InteropServices</ModuleName>
      <Classes />
    </Module>
    <Module skippedDueTo="Filter" hash="27-49-CB-0A-48-8B-1A-3F-70-9D-0F-E4-22-89-32-09-42-B9-0B-78">
      <ModulePath>C:\Program Files\dotnet\shared\Microsoft.NETCore.App\6.0.0-rc.1.21451.13\System.Text.Encoding.CodePages.dll</ModulePath>
      <ModuleTime>2021-09-13T17:34:48Z</ModuleTime>
      <ModuleName>System.Text.Encoding.CodePages</ModuleName>
      <Classes />
    </Module>
    <Module skippedDueTo="Filter" hash="E1-85-FA-E9-C3-95-E0-61-D5-92-31-71-BF-DF-75-FB-A0-6D-B6-6D">
      <ModulePath>C:\Program Files\dotnet\shared\Microsoft.NETCore.App\6.0.0-rc.1.21451.13\System.Diagnostics.TraceSource.dll</ModulePath>
      <ModuleTime>2021-09-13T17:34:50Z</ModuleTime>
      <ModuleName>System.Diagnostics.TraceSource</ModuleName>
      <Classes />
    </Module>
    <Module skippedDueTo="Filter" hash="F3-F7-9F-BD-6E-82-7B-70-54-98-2D-BF-9D-EB-23-54-26-9E-B7-9C">
      <ModulePath>C:\Program Files\dotnet\shared\Microsoft.NETCore.App\6.0.0-rc.1.21451.13\System.IO.Pipes.dll</ModulePath>
      <ModuleTime>2021-09-13T17:34:54Z</ModuleTime>
      <ModuleName>System.IO.Pipes</ModuleName>
      <Classes />
    </Module>
    <Module skippedDueTo="Filter" hash="D0-1A-15-29-CB-5E-6B-C6-4E-14-08-32-F7-6B-5C-1F-A2-B2-B0-30">
      <ModulePath>C:\Program Files\dotnet\shared\Microsoft.NETCore.App\6.0.0-rc.1.21451.13\System.Security.AccessControl.dll</ModulePath>
      <ModuleTime>2021-09-13T17:35:38Z</ModuleTime>
      <ModuleName>System.Security.AccessControl</ModuleName>
      <Classes />
    </Module>
    <Module skippedDueTo="Filter" hash="C2-5D-04-61-02-38-6D-46-B8-FE-BA-52-1A-76-4A-AF-4B-30-73-DC">
      <ModulePath>C:\Program Files\dotnet\shared\Microsoft.NETCore.App\6.0.0-rc.1.21451.13\System.Security.Principal.Windows.dll</ModulePath>
      <ModuleTime>2021-09-13T17:35:38Z</ModuleTime>
      <ModuleName>System.Security.Principal.Windows</ModuleName>
      <Classes />
    </Module>
    <Module skippedDueTo="Filter" hash="60-A0-72-07-41-7C-DC-40-50-E7-3B-38-6B-E3-05-BC-08-9F-D0-79">
      <ModulePath>C:\Program Files\dotnet\shared\Microsoft.NETCore.App\6.0.0-rc.1.21451.13\System.Security.Claims.dll</ModulePath>
      <ModuleTime>2021-09-13T17:34:48Z</ModuleTime>
      <ModuleName>System.Security.Claims</ModuleName>
      <Classes />
    </Module>
    <Module skippedDueTo="Filter" hash="B6-99-C2-56-86-D6-C3-6E-20-0C-1C-DB-70-B0-83-37-61-F5-C4-71">
      <ModulePath>C:\Program Files\dotnet\shared\Microsoft.NETCore.App\6.0.0-rc.1.21451.13\System.Threading.Overlapped.dll</ModulePath>
      <ModuleTime>2021-09-13T17:35:42Z</ModuleTime>
      <ModuleName>System.Threading.Overlapped</ModuleName>
      <Classes />
    </Module>
    <Module skippedDueTo="Filter" hash="B7-A4-71-48-B8-36-68-F2-F0-64-19-9D-CE-A3-60-BE-F8-85-20-BF">
      <ModulePath>C:\Program Files\dotnet\shared\Microsoft.NETCore.App\6.0.0-rc.1.21451.13\System.Threading.Thread.dll</ModulePath>
      <ModuleTime>2021-09-13T17:34:54Z</ModuleTime>
      <ModuleName>System.Threading.Thread</ModuleName>
      <Classes />
    </Module>
    <Module skippedDueTo="Filter" hash="96-DF-A3-AE-7D-40-4F-0C-B8-78-0D-69-81-29-50-94-15-8A-09-1C">
      <ModulePath>C:\Program Files\dotnet\shared\Microsoft.NETCore.App\6.0.0-rc.1.21451.13\System.Diagnostics.FileVersionInfo.dll</ModulePath>
      <ModuleTime>2021-09-13T17:34:50Z</ModuleTime>
      <ModuleName>System.Diagnostics.FileVersionInfo</ModuleName>
      <Classes />
    </Module>
    <Module skippedDueTo="MissingPdb" hash="8C-49-46-51-BF-F4-E7-74-CD-C9-8F-54-6A-EB-1C-C3-11-9B-2D-49">
      <ModulePath>C:\Program Files\dotnet\sdk\6.0.100-rc.1.21463.6\Microsoft.NET.StringTools.dll</ModulePath>
      <ModuleTime>2021-09-13T18:03:36Z</ModuleTime>
      <ModuleName>Microsoft.NET.StringTools</ModuleName>
      <Classes />
    </Module>
    <Module skippedDueTo="Filter" hash="95-87-96-F7-AC-68-C7-D6-CC-82-45-78-38-1B-64-B8-5E-E5-89-45">
      <ModulePath>C:\Program Files\dotnet\shared\Microsoft.NETCore.App\6.0.0-rc.1.21451.13\System.Runtime.CompilerServices.Unsafe.dll</ModulePath>
      <ModuleTime>2021-09-13T17:34:44Z</ModuleTime>
      <ModuleName>System.Runtime.CompilerServices.Unsafe</ModuleName>
      <Classes />
    </Module>
    <Module skippedDueTo="Filter" hash="C2-55-60-F8-2F-44-22-9E-77-FC-02-B8-B5-8A-5B-A2-A9-F4-C0-DE">
      <ModulePath>C:\Program Files\dotnet\shared\Microsoft.NETCore.App\6.0.0-rc.1.21451.13\System.ObjectModel.dll</ModulePath>
      <ModuleTime>2021-09-13T17:34:40Z</ModuleTime>
      <ModuleName>System.ObjectModel</ModuleName>
      <Classes />
    </Module>
    <Module skippedDueTo="Filter" hash="3D-8D-ED-DE-48-52-48-21-63-6A-C9-6C-9D-94-38-0C-38-A2-7D-15">
      <ModulePath>C:\Program Files\dotnet\shared\Microsoft.NETCore.App\6.0.0-rc.1.21451.13\System.Threading.Tasks.Dataflow.dll</ModulePath>
      <ModuleTime>2021-09-13T17:34:50Z</ModuleTime>
      <ModuleName>System.Threading.Tasks.Dataflow</ModuleName>
      <Classes />
    </Module>
    <Module skippedDueTo="Filter" hash="36-55-C4-2C-2E-2B-C0-76-2A-CA-6D-14-28-EF-B3-4F-08-C5-85-7C">
      <ModulePath>C:\Program Files\dotnet\shared\Microsoft.NETCore.App\6.0.0-rc.1.21451.13\System.Runtime.Loader.dll</ModulePath>
      <ModuleTime>2021-09-13T17:34:54Z</ModuleTime>
      <ModuleName>System.Runtime.Loader</ModuleName>
      <Classes />
    </Module>
    <Module skippedDueTo="MissingPdb" hash="C1-86-B0-30-37-C5-D0-CF-D4-79-5C-A9-C8-F2-4C-C8-12-2D-72-86">
      <ModulePath>C:\Program Files\dotnet\sdk\6.0.100-rc.1.21463.6\dotnet.dll</ModulePath>
      <ModuleTime>2021-09-13T18:04:14Z</ModuleTime>
      <ModuleName>dotnet</ModuleName>
      <Classes />
    </Module>
    <Module skippedDueTo="Filter" hash="23-20-75-D6-B3-71-01-42-61-8F-5C-F0-92-A1-85-21-27-64-C5-71">
      <ModulePath>C:\Program Files\dotnet\shared\Microsoft.NETCore.App\6.0.0-rc.1.21451.13\System.Collections.Immutable.dll</ModulePath>
      <ModuleTime>2021-09-13T17:34:48Z</ModuleTime>
      <ModuleName>System.Collections.Immutable</ModuleName>
      <Classes />
    </Module>
    <Module skippedDueTo="MissingPdb" hash="7D-2D-39-6A-66-83-59-52-06-F1-8D-B7-D4-F7-6E-A9-1F-EE-39-B8">
      <ModulePath>C:\Program Files\dotnet\sdk\6.0.100-rc.1.21463.6\Microsoft.DotNet.Configurer.dll</ModulePath>
      <ModuleTime>2021-09-13T18:03:54Z</ModuleTime>
      <ModuleName>Microsoft.DotNet.Configurer</ModuleName>
      <Classes />
    </Module>
    <Module skippedDueTo="Filter" hash="02-22-9F-F4-6B-3E-BD-D3-93-16-21-5E-7D-58-B5-C4-88-D5-38-B1">
      <ModulePath>C:\Program Files\dotnet\sdk\6.0.100-rc.1.21463.6\System.CommandLine.dll</ModulePath>
      <ModuleTime>2021-09-13T18:03:36Z</ModuleTime>
      <ModuleName>System.CommandLine</ModuleName>
      <Classes />
    </Module>
    <Module skippedDueTo="MissingPdb" hash="5B-3C-F6-0F-D4-A2-51-B1-50-A2-D7-A6-24-F1-45-D5-06-54-B1-54">
      <ModulePath>C:\Program Files\dotnet\sdk\6.0.100-rc.1.21463.6\Microsoft.DotNet.InternalAbstractions.dll</ModulePath>
      <ModuleTime>2021-09-13T18:05:08Z</ModuleTime>
      <ModuleName>Microsoft.DotNet.InternalAbstractions</ModuleName>
      <Classes />
    </Module>
    <Module skippedDueTo="Filter" hash="75-4F-33-6B-4B-FB-80-B1-25-55-AA-EF-4A-8E-C3-9E-43-5D-23-71">
      <ModulePath>C:\Program Files\dotnet\shared\Microsoft.NETCore.App\6.0.0-rc.1.21451.13\System.Xml.ReaderWriter.dll</ModulePath>
      <ModuleTime>2021-09-13T17:32:52Z</ModuleTime>
      <ModuleName>System.Xml.ReaderWriter</ModuleName>
      <Classes />
    </Module>
    <Module skippedDueTo="Filter" hash="31-34-D6-79-27-94-6C-A6-B9-9F-6A-49-1F-46-C9-72-02-EC-FD-2E">
      <ModulePath>C:\Program Files\dotnet\shared\Microsoft.NETCore.App\6.0.0-rc.1.21451.13\System.Private.Xml.dll</ModulePath>
      <ModuleTime>2021-09-13T17:34:40Z</ModuleTime>
      <ModuleName>System.Private.Xml</ModuleName>
      <Classes />
    </Module>
    <Module skippedDueTo="Filter" hash="50-1B-9C-65-38-59-04-79-BD-CF-0A-AC-CD-55-53-E8-1A-28-DD-DD">
      <ModulePath>C:\Program Files\dotnet\shared\Microsoft.NETCore.App\6.0.0-rc.1.21451.13\System.Text.Encoding.Extensions.dll</ModulePath>
      <ModuleTime>2021-09-13T17:34:54Z</ModuleTime>
      <ModuleName>System.Text.Encoding.Extensions</ModuleName>
      <Classes />
    </Module>
    <Module skippedDueTo="Filter" hash="63-CB-22-BB-CC-94-77-93-C1-9C-22-AD-66-11-57-2F-AC-60-62-89">
      <ModulePath>C:\Program Files\dotnet\shared\Microsoft.NETCore.App\6.0.0-rc.1.21451.13\System.Private.Uri.dll</ModulePath>
      <ModuleTime>2021-09-13T17:34:42Z</ModuleTime>
      <ModuleName>System.Private.Uri</ModuleName>
      <Classes />
    </Module>
    <Module skippedDueTo="MissingPdb" hash="1C-9F-35-7B-E6-B3-8B-0F-25-2E-62-C1-25-48-1E-4A-A6-67-2A-CF">
      <ModulePath>C:\Program Files\dotnet\shared\Microsoft.NETCore.App\6.0.0-rc.1.21451.13\Microsoft.Win32.Registry.dll</ModulePath>
      <ModuleTime>2021-09-13T17:34:46Z</ModuleTime>
      <ModuleName>Microsoft.Win32.Registry</ModuleName>
      <Classes />
    </Module>
    <Module skippedDueTo="Filter" hash="79-34-81-C4-06-41-5D-D8-E3-27-A0-7D-54-35-AA-13-69-4D-F1-63">
      <ModulePath>C:\Program Files\dotnet\shared\Microsoft.NETCore.App\6.0.0-rc.1.21451.13\System.Threading.Tasks.Parallel.dll</ModulePath>
      <ModuleTime>2021-09-13T17:34:52Z</ModuleTime>
      <ModuleName>System.Threading.Tasks.Parallel</ModuleName>
      <Classes />
    </Module>
    <Module skippedDueTo="MissingPdb" hash="E4-D3-AA-21-8F-AC-4B-99-26-CA-FE-70-EE-42-2E-4A-71-95-F3-AD">
      <ModulePath>C:\Program Files\dotnet\sdk\6.0.100-rc.1.21463.6\NuGet.Frameworks.dll</ModulePath>
      <ModuleTime>2021-09-13T18:03:12Z</ModuleTime>
      <ModuleName>NuGet.Frameworks</ModuleName>
      <Classes />
    </Module>
    <Module skippedDueTo="MissingPdb" hash="AD-41-71-52-FC-44-C9-8A-04-95-86-1D-A6-0C-94-41-98-A2-B5-2B">
      <ModulePath>C:\Program Files\dotnet\sdk\6.0.100-rc.1.21463.6\Microsoft.Build.Utilities.Core.dll</ModulePath>
      <ModuleTime>2021-09-13T18:03:14Z</ModuleTime>
      <ModuleName>Microsoft.Build.Utilities.Core</ModuleName>
      <Classes />
    </Module>
    <Module skippedDueTo="Filter" hash="44-63-F6-E7-46-9D-BF-3D-53-48-85-E5-32-8E-4B-20-64-7A-7B-F3">
      <ModulePath>C:\Program Files\dotnet\shared\Microsoft.NETCore.App\6.0.0-rc.1.21451.13\System.Reflection.Emit.ILGeneration.dll</ModulePath>
      <ModuleTime>2021-09-13T17:34:52Z</ModuleTime>
      <ModuleName>System.Reflection.Emit.ILGeneration</ModuleName>
      <Classes />
    </Module>
    <Module skippedDueTo="Filter" hash="BD-EE-38-E9-BE-FF-BC-3C-DF-03-79-31-34-2B-B1-FB-63-B6-2C-EA">
      <ModulePath>C:\Program Files\dotnet\shared\Microsoft.NETCore.App\6.0.0-rc.1.21451.13\System.Reflection.Emit.Lightweight.dll</ModulePath>
      <ModuleTime>2021-09-13T17:34:54Z</ModuleTime>
      <ModuleName>System.Reflection.Emit.Lightweight</ModuleName>
      <Classes />
    </Module>
    <Module skippedDueTo="Filter" hash="68-38-24-7B-1D-74-90-7E-05-BF-51-7F-AC-4C-35-1B-A7-72-32-EB">
      <ModulePath>C:\Program Files\dotnet\shared\Microsoft.NETCore.App\6.0.0-rc.1.21451.13\System.Reflection.Primitives.dll</ModulePath>
      <ModuleTime>2021-09-13T17:35:44Z</ModuleTime>
      <ModuleName>System.Reflection.Primitives</ModuleName>
      <Classes />
    </Module>
    <Module skippedDueTo="MissingPdb" hash="19-FC-DA-BE-81-43-06-4B-62-C1-92-02-10-9D-DF-37-EB-28-0F-70">
      <ModulePath>C:\Program Files\dotnet\sdk\6.0.100-rc.1.21463.6\Microsoft.Build.Tasks.Core.dll</ModulePath>
      <ModuleTime>2021-09-13T18:03:14Z</ModuleTime>
      <ModuleName>Microsoft.Build.Tasks.Core</ModuleName>
      <Classes />
    </Module>
    <Module skippedDueTo="Filter" hash="18-AE-6A-D8-A4-93-2C-39-78-2D-3D-CE-E8-C8-74-8E-34-20-41-E0">
      <ModulePath>C:\Program Files\dotnet\shared\Microsoft.NETCore.App\6.0.0-rc.1.21451.13\System.Xml.XDocument.dll</ModulePath>
      <ModuleTime>2021-09-13T17:32:52Z</ModuleTime>
      <ModuleName>System.Xml.XDocument</ModuleName>
      <Classes />
    </Module>
    <Module skippedDueTo="Filter" hash="7C-04-42-68-C3-A2-2E-78-3F-53-FF-EE-23-63-0D-43-8E-49-2A-68">
      <ModulePath>C:\Program Files\dotnet\shared\Microsoft.NETCore.App\6.0.0-rc.1.21451.13\System.Private.Xml.Linq.dll</ModulePath>
      <ModuleTime>2021-09-13T17:35:36Z</ModuleTime>
      <ModuleName>System.Private.Xml.Linq</ModuleName>
      <Classes />
    </Module>
    <Module skippedDueTo="Filter" hash="52-B4-20-F0-E5-77-BA-A1-0F-AA-06-8C-D7-5E-92-85-CC-B4-43-03">
      <ModulePath>C:\Program Files\dotnet\shared\Microsoft.NETCore.App\6.0.0-rc.1.21451.13\System.Runtime.Serialization.Formatters.dll</ModulePath>
      <ModuleTime>2021-09-13T17:34:44Z</ModuleTime>
      <ModuleName>System.Runtime.Serialization.Formatters</ModuleName>
      <Classes />
    </Module>
    <Module skippedDueTo="MissingPdb" hash="41-1A-3A-D2-A6-DB-81-53-13-12-33-32-87-2B-D8-2F-D6-6A-35-9A">
      <ModulePath>C:\Program Files\dotnet\sdk\6.0.100-rc.1.21463.6\Sdks\Microsoft.NET.Sdk\tools\net6.0\Microsoft.NET.Build.Tasks.dll</ModulePath>
      <ModuleTime>2021-09-13T18:03:46Z</ModuleTime>
      <ModuleName>Microsoft.NET.Build.Tasks</ModuleName>
      <Classes />
    </Module>
    <Module skippedDueTo="MissingPdb" hash="E4-D3-AA-21-8F-AC-4B-99-26-CA-FE-70-EE-42-2E-4A-71-95-F3-AD">
      <ModulePath>C:\Program Files\dotnet\sdk\6.0.100-rc.1.21463.6\NuGet.Frameworks.dll</ModulePath>
      <ModuleTime>2021-09-13T18:03:12Z</ModuleTime>
      <ModuleName>NuGet.Frameworks</ModuleName>
      <Classes />
    </Module>
    <Module skippedDueTo="MissingPdb" hash="78-7D-BB-FB-57-E2-84-5F-40-23-CA-CF-A7-E4-3B-8D-06-E0-C3-D8">
      <ModulePath>C:\Program Files\dotnet\sdk\6.0.100-rc.1.21463.6\NuGet.Build.Tasks.dll</ModulePath>
      <ModuleTime>2021-09-13T18:03:12Z</ModuleTime>
      <ModuleName>NuGet.Build.Tasks</ModuleName>
      <Classes />
    </Module>
    <Module skippedDueTo="MissingPdb" hash="87-84-AE-C5-7E-8F-66-EF-FC-E2-2D-C3-FA-FF-80-AC-C0-AF-61-1A">
      <ModulePath>C:\Program Files\dotnet\sdk\6.0.100-rc.1.21463.6\NuGet.Common.dll</ModulePath>
      <ModuleTime>2021-09-13T18:03:58Z</ModuleTime>
      <ModuleName>NuGet.Common</ModuleName>
      <Classes />
    </Module>
    <Module skippedDueTo="MissingPdb" hash="C7-D8-F9-82-13-F2-8A-0F-BA-7D-71-E7-55-79-6D-23-CC-07-1F-18">
      <ModulePath>C:\Program Files\dotnet\sdk\6.0.100-rc.1.21463.6\NuGet.Commands.dll</ModulePath>
      <ModuleTime>2021-09-13T18:03:12Z</ModuleTime>
      <ModuleName>NuGet.Commands</ModuleName>
      <Classes />
    </Module>
    <Module skippedDueTo="MissingPdb" hash="90-4D-70-55-81-79-BD-5B-52-AF-0E-4C-FA-CC-00-BF-E7-EC-95-D9">
      <ModulePath>C:\Program Files\dotnet\sdk\6.0.100-rc.1.21463.6\NuGet.ProjectModel.dll</ModulePath>
      <ModuleTime>2021-09-13T18:03:12Z</ModuleTime>
      <ModuleName>NuGet.ProjectModel</ModuleName>
      <Classes />
    </Module>
    <Module skippedDueTo="Filter" hash="D4-0E-05-9B-B9-17-CB-40-D6-6B-15-24-B5-3E-BE-3D-3A-AB-0E-30">
      <ModulePath>C:\Program Files\dotnet\shared\Microsoft.NETCore.App\6.0.0-rc.1.21451.13\System.Collections.NonGeneric.dll</ModulePath>
      <ModuleTime>2021-09-13T17:34:48Z</ModuleTime>
      <ModuleName>System.Collections.NonGeneric</ModuleName>
      <Classes />
    </Module>
    <Module skippedDueTo="Filter" hash="4E-E7-CF-57-F0-F5-96-2A-79-FB-0B-42-5B-3B-63-68-D3-FC-0E-D4">
      <ModulePath>C:\Program Files\dotnet\shared\Microsoft.NETCore.App\6.0.0-rc.1.21451.13\System.Threading.ThreadPool.dll</ModulePath>
      <ModuleTime>2021-09-13T17:34:56Z</ModuleTime>
      <ModuleName>System.Threading.ThreadPool</ModuleName>
      <Classes />
    </Module>
    <Module skippedDueTo="Filter" hash="5D-65-08-5C-28-F2-01-82-85-49-66-AB-65-0C-01-39-0A-2D-54-B3">
      <ModulePath>C:\Program Files\dotnet\shared\Microsoft.NETCore.App\6.0.0-rc.1.21451.13\System.Security.Cryptography.Primitives.dll</ModulePath>
      <ModuleTime>2021-09-13T17:34:46Z</ModuleTime>
      <ModuleName>System.Security.Cryptography.Primitives</ModuleName>
      <Classes />
    </Module>
    <Module skippedDueTo="Filter" hash="F6-FA-AA-33-13-2B-B8-37-E2-42-EC-45-42-6E-77-67-25-DD-4E-83">
      <ModulePath>C:\Program Files\dotnet\shared\Microsoft.NETCore.App\6.0.0-rc.1.21451.13\System.Security.Cryptography.Algorithms.dll</ModulePath>
      <ModuleTime>2021-09-13T17:34:44Z</ModuleTime>
      <ModuleName>System.Security.Cryptography.Algorithms</ModuleName>
      <Classes />
    </Module>
    <Module skippedDueTo="MissingPdb" hash="90-4D-70-55-81-79-BD-5B-52-AF-0E-4C-FA-CC-00-BF-E7-EC-95-D9">
      <ModulePath>C:\Program Files\dotnet\sdk\6.0.100-rc.1.21463.6\NuGet.ProjectModel.dll</ModulePath>
      <ModuleTime>2021-09-13T18:03:12Z</ModuleTime>
      <ModuleName>NuGet.ProjectModel</ModuleName>
      <Classes />
    </Module>
    <Module skippedDueTo="MissingPdb" hash="B4-CF-1C-5E-05-9F-26-42-0D-92-94-E9-61-56-A2-A3-33-F3-52-D0">
      <ModulePath>C:\Program Files\dotnet\sdk\6.0.100-rc.1.21463.6\NuGet.Versioning.dll</ModulePath>
      <ModuleTime>2021-09-13T18:03:12Z</ModuleTime>
      <ModuleName>NuGet.Versioning</ModuleName>
      <Classes />
    </Module>
    <Module skippedDueTo="MissingPdb" hash="DD-F8-7B-0A-9B-7A-74-20-AC-64-8B-61-DE-2D-39-B5-C0-1A-7D-6D">
      <ModulePath>C:\Program Files\dotnet\sdk\6.0.100-rc.1.21463.6\NuGet.Packaging.dll</ModulePath>
      <ModuleTime>2021-09-13T18:03:16Z</ModuleTime>
      <ModuleName>NuGet.Packaging</ModuleName>
      <Classes />
    </Module>
    <Module skippedDueTo="Filter" hash="35-AE-02-E5-02-89-1B-BE-C9-F6-FE-84-25-D5-51-F7-D2-29-BD-89">
      <ModulePath>C:\Program Files\dotnet\shared\Microsoft.NETCore.App\6.0.0-rc.1.21451.13\System.IO.FileSystem.dll</ModulePath>
      <ModuleTime>2021-09-13T17:32:46Z</ModuleTime>
      <ModuleName>System.IO.FileSystem</ModuleName>
      <Classes />
    </Module>
    <Module skippedDueTo="MissingPdb" hash="87-84-AE-C5-7E-8F-66-EF-FC-E2-2D-C3-FA-FF-80-AC-C0-AF-61-1A">
      <ModulePath>C:\Program Files\dotnet\sdk\6.0.100-rc.1.21463.6\NuGet.Common.dll</ModulePath>
      <ModuleTime>2021-09-13T18:03:58Z</ModuleTime>
      <ModuleName>NuGet.Common</ModuleName>
      <Classes />
    </Module>
    <Module skippedDueTo="Filter" hash="05-48-B9-16-3C-9F-02-11-0D-C2-7E-A2-16-C1-E2-D3-90-22-83-85">
      <ModulePath>C:\Program Files\dotnet\shared\Microsoft.NETCore.App\6.0.0-rc.1.21451.13\System.Net.Primitives.dll</ModulePath>
      <ModuleTime>2021-09-13T17:34:36Z</ModuleTime>
      <ModuleName>System.Net.Primitives</ModuleName>
      <Classes />
    </Module>
    <Module skippedDueTo="Filter" hash="A4-FC-13-42-F1-56-1A-A4-5B-EA-BD-DF-A7-4D-33-52-B0-97-96-3B">
      <ModulePath>C:\Program Files\dotnet\shared\Microsoft.NETCore.App\6.0.0-rc.1.21451.13\System.Buffers.dll</ModulePath>
      <ModuleTime>2021-09-13T17:34:46Z</ModuleTime>
      <ModuleName>System.Buffers</ModuleName>
      <Classes />
    </Module>
    <Module skippedDueTo="Filter" hash="0E-AB-69-ED-26-E7-52-A1-D9-58-EB-78-D3-D9-49-B2-27-1A-AD-5B">
      <ModulePath>C:\Program Files\dotnet\shared\Microsoft.NETCore.App\6.0.0-rc.1.21451.13\System.ComponentModel.dll</ModulePath>
      <ModuleTime>2021-09-13T17:34:46Z</ModuleTime>
      <ModuleName>System.ComponentModel</ModuleName>
      <Classes />
    </Module>
    <Module skippedDueTo="MissingPdb" hash="C8-E8-92-F0-48-FB-76-1A-84-40-6E-C8-C0-13-DE-1B-CB-77-31-0C">
      <ModulePath>C:\Program Files\dotnet\sdk\6.0.100-rc.1.21463.6\Roslyn\Microsoft.Build.Tasks.CodeAnalysis.dll</ModulePath>
      <ModuleTime>2021-09-13T18:03:10Z</ModuleTime>
      <ModuleName>Microsoft.Build.Tasks.CodeAnalysis</ModuleName>
      <Classes />
    </Module>
    <Module skippedDueTo="Filter" hash="D4-1D-67-7D-4F-DA-59-7E-8F-51-4B-0E-22-70-67-77-96-31-58-C8">
      <ModulePath>C:\Program Files\dotnet\shared\Microsoft.NETCore.App\6.0.0-rc.1.21451.13\System.IO.MemoryMappedFiles.dll</ModulePath>
      <ModuleTime>2021-09-13T17:35:40Z</ModuleTime>
      <ModuleName>System.IO.MemoryMappedFiles</ModuleName>
      <Classes />
    </Module>
    <Module skippedDueTo="MissingPdb" hash="C8-E8-92-F0-48-FB-76-1A-84-40-6E-C8-C0-13-DE-1B-CB-77-31-0C">
      <ModulePath>C:\Program Files\dotnet\sdk\6.0.100-rc.1.21463.6\Roslyn\Microsoft.Build.Tasks.CodeAnalysis.dll</ModulePath>
      <ModuleTime>2021-09-13T18:03:10Z</ModuleTime>
      <ModuleName>Microsoft.Build.Tasks.CodeAnalysis</ModuleName>
      <Classes />
    </Module>
    <Module skippedDueTo="Filter" hash="95-D8-4D-F5-2C-2F-BF-FC-E4-82-49-93-D7-2B-FB-6A-50-F3-2C-C8">
      <ModulePath>C:\Program Files\dotnet\sdk\6.0.100-rc.1.21463.6\System.CodeDom.dll</ModulePath>
      <ModuleTime>2021-09-13T17:52:52Z</ModuleTime>
      <ModuleName>System.CodeDom</ModuleName>
      <Classes />
    </Module>
    <Module skippedDueTo="Filter" hash="F9-4B-F3-90-7A-F2-A8-E8-B8-B8-66-CA-5E-9B-2B-13-C3-F2-B5-1F">
      <ModulePath>C:\Program Files\dotnet\shared\Microsoft.NETCore.App\6.0.0-rc.1.21451.13\System.Resources.ResourceManager.dll</ModulePath>
      <ModuleTime>2021-09-13T17:34:54Z</ModuleTime>
      <ModuleName>System.Resources.ResourceManager</ModuleName>
      <Classes />
    </Module>
    <Module skippedDueTo="MissingPdb" hash="2F-43-19-62-22-7B-7C-B3-99-95-E7-2A-81-E3-13-15-5B-DD-8B-F2">
      <ModulePath>C:\Program Files\dotnet\sdk\6.0.100-rc.1.21463.6\Microsoft.Extensions.DependencyModel.dll</ModulePath>
      <ModuleTime>2021-09-13T18:03:04Z</ModuleTime>
      <ModuleName>Microsoft.Extensions.DependencyModel</ModuleName>
      <Classes />
    </Module>
    <Module skippedDueTo="Filter" hash="57-C3-3C-6F-8D-8E-45-DB-D4-4B-73-E7-17-08-A1-CD-B4-6E-81-10">
      <ModulePath>C:\Program Files\dotnet\shared\Microsoft.NETCore.App\6.0.0-rc.1.21451.13\System.Text.Encodings.Web.dll</ModulePath>
      <ModuleTime>2021-09-13T17:35:40Z</ModuleTime>
      <ModuleName>System.Text.Encodings.Web</ModuleName>
      <Classes />
    </Module>
    <Module skippedDueTo="Filter" hash="91-46-34-7E-F3-7B-51-9B-A4-DF-5D-4A-2B-86-07-56-86-BC-77-26">
      <ModulePath>C:\Program Files\dotnet\shared\Microsoft.NETCore.App\6.0.0-rc.1.21451.13\System.Runtime.Intrinsics.dll</ModulePath>
      <ModuleTime>2021-09-13T17:34:42Z</ModuleTime>
      <ModuleName>System.Runtime.Intrinsics</ModuleName>
      <Classes />
    </Module>
    <Module skippedDueTo="Filter" hash="88-DC-63-B8-71-5E-2F-C4-CF-59-A7-55-2B-4E-6E-60-2B-EF-E7-C6">
      <ModulePath>C:\Program Files\dotnet\shared\Microsoft.NETCore.App\6.0.0-rc.1.21451.13\System.Private.CoreLib.dll</ModulePath>
      <ModuleTime>2021-09-13T17:34:38Z</ModuleTime>
      <ModuleName>System.Private.CoreLib</ModuleName>
      <Classes />
    </Module>
    <Module skippedDueTo="MissingPdb" hash="10-67-C0-20-27-CA-16-43-7C-28-F2-C7-9E-35-46-CC-DE-BC-8D-E5">
      <ModulePath>C:\Program Files\dotnet\sdk\6.0.100-rc.1.21463.6\vstest.console.dll</ModulePath>
      <ModuleTime>2021-09-13T18:03:14Z</ModuleTime>
      <ModuleName>vstest.console</ModuleName>
      <Classes />
    </Module>
    <Module skippedDueTo="Filter" hash="B9-59-00-2C-98-C9-FB-51-F0-51-F0-13-74-73-25-87-49-A4-06-A8">
      <ModulePath>C:\Program Files\dotnet\shared\Microsoft.NETCore.App\6.0.0-rc.1.21451.13\System.Runtime.dll</ModulePath>
      <ModuleTime>2021-09-13T17:34:54Z</ModuleTime>
      <ModuleName>System.Runtime</ModuleName>
      <Classes />
    </Module>
    <Module skippedDueTo="MissingPdb" hash="D7-29-23-4F-5E-2E-26-C5-BF-51-FA-7E-0A-8F-DF-8D-5B-F5-70-74">
      <ModulePath>C:\Program Files\dotnet\sdk\6.0.100-rc.1.21463.6\Microsoft.TestPlatform.CoreUtilities.dll</ModulePath>
      <ModuleTime>2021-09-13T18:03:08Z</ModuleTime>
      <ModuleName>Microsoft.TestPlatform.CoreUtilities</ModuleName>
      <Classes />
    </Module>
    <Module skippedDueTo="MissingPdb" hash="5C-68-00-3F-F9-78-0A-DC-DA-EC-7E-39-8E-3E-10-EF-7E-6C-9C-1C">
      <ModulePath>C:\Program Files\dotnet\shared\Microsoft.NETCore.App\6.0.0-rc.1.21451.13\netstandard.dll</ModulePath>
      <ModuleTime>2021-09-13T17:33:34Z</ModuleTime>
      <ModuleName>netstandard</ModuleName>
      <Classes />
    </Module>
    <Module skippedDueTo="Filter" hash="85-42-E1-A2-69-AB-A8-30-4A-04-00-D4-62-17-33-AE-66-45-74-0D">
      <ModulePath>C:\Program Files\dotnet\shared\Microsoft.NETCore.App\6.0.0-rc.1.21451.13\System.Diagnostics.Process.dll</ModulePath>
      <ModuleTime>2021-09-13T17:34:52Z</ModuleTime>
      <ModuleName>System.Diagnostics.Process</ModuleName>
      <Classes />
    </Module>
    <Module skippedDueTo="Filter" hash="A2-5D-D9-AB-11-F4-C0-E3-5B-7C-53-DE-05-F0-CF-CA-8A-91-9E-5A">
      <ModulePath>C:\Program Files\dotnet\shared\Microsoft.NETCore.App\6.0.0-rc.1.21451.13\System.ComponentModel.Primitives.dll</ModulePath>
      <ModuleTime>2021-09-13T17:34:50Z</ModuleTime>
      <ModuleName>System.ComponentModel.Primitives</ModuleName>
      <Classes />
    </Module>
    <Module skippedDueTo="Filter" hash="5D-85-9D-24-5A-D5-A0-29-B6-43-0E-80-0B-24-3B-3A-73-67-ED-E5">
      <ModulePath>C:\Program Files\dotnet\shared\Microsoft.NETCore.App\6.0.0-rc.1.21451.13\System.Runtime.Extensions.dll</ModulePath>
      <ModuleTime>2021-09-13T17:34:52Z</ModuleTime>
      <ModuleName>System.Runtime.Extensions</ModuleName>
      <Classes />
    </Module>
    <Module skippedDueTo="Filter" hash="EF-40-4C-2C-51-15-B6-2B-51-A5-3E-3A-C0-2E-10-96-F0-78-69-E8">
      <ModulePath>C:\Program Files\dotnet\shared\Microsoft.NETCore.App\6.0.0-rc.1.21451.13\System.Diagnostics.Debug.dll</ModulePath>
      <ModuleTime>2021-09-13T17:36:44Z</ModuleTime>
      <ModuleName>System.Diagnostics.Debug</ModuleName>
      <Classes />
    </Module>
    <Module skippedDueTo="Filter" hash="B7-A4-71-48-B8-36-68-F2-F0-64-19-9D-CE-A3-60-BE-F8-85-20-BF">
      <ModulePath>C:\Program Files\dotnet\shared\Microsoft.NETCore.App\6.0.0-rc.1.21451.13\System.Threading.Thread.dll</ModulePath>
      <ModuleTime>2021-09-13T17:34:54Z</ModuleTime>
      <ModuleName>System.Threading.Thread</ModuleName>
      <Classes />
    </Module>
    <Module skippedDueTo="Filter" hash="C7-D3-A7-09-54-72-06-C5-7B-59-D2-0D-B2-37-6D-67-81-E2-40-D1">
      <ModulePath>C:\Program Files\dotnet\shared\Microsoft.NETCore.App\6.0.0-rc.1.21451.13\System.Threading.dll</ModulePath>
      <ModuleTime>2021-09-13T17:34:50Z</ModuleTime>
      <ModuleName>System.Threading</ModuleName>
      <Classes />
    </Module>
    <Module skippedDueTo="Filter" hash="A0-5E-5E-31-CC-F1-6A-4F-28-FF-25-03-C6-5C-E6-42-DE-0B-6A-4C">
      <ModulePath>C:\Program Files\dotnet\shared\Microsoft.NETCore.App\6.0.0-rc.1.21451.13\System.Console.dll</ModulePath>
      <ModuleTime>2021-09-13T17:34:50Z</ModuleTime>
      <ModuleName>System.Console</ModuleName>
      <Classes />
    </Module>
    <Module skippedDueTo="Filter" hash="50-1B-9C-65-38-59-04-79-BD-CF-0A-AC-CD-55-53-E8-1A-28-DD-DD">
      <ModulePath>C:\Program Files\dotnet\shared\Microsoft.NETCore.App\6.0.0-rc.1.21451.13\System.Text.Encoding.Extensions.dll</ModulePath>
      <ModuleTime>2021-09-13T17:34:54Z</ModuleTime>
      <ModuleName>System.Text.Encoding.Extensions</ModuleName>
      <Classes />
    </Module>
    <Module skippedDueTo="Filter" hash="EF-21-85-A9-E2-7C-C7-7D-50-0E-D2-93-29-55-1F-48-95-5E-8D-C0">
      <ModulePath>C:\Program Files\dotnet\shared\Microsoft.NETCore.App\6.0.0-rc.1.21451.13\System.Diagnostics.Tracing.dll</ModulePath>
      <ModuleTime>2021-09-13T17:34:56Z</ModuleTime>
      <ModuleName>System.Diagnostics.Tracing</ModuleName>
      <Classes />
    </Module>
    <Module skippedDueTo="Filter" hash="DE-79-8B-55-8C-6C-6A-E7-47-30-34-49-A9-DE-F8-59-60-71-7E-14">
      <ModulePath>C:\Program Files\dotnet\shared\Microsoft.NETCore.App\6.0.0-rc.1.21451.13\System.Collections.dll</ModulePath>
      <ModuleTime>2021-09-13T17:35:34Z</ModuleTime>
      <ModuleName>System.Collections</ModuleName>
      <Classes />
    </Module>
    <Module skippedDueTo="MissingPdb" hash="0A-0F-37-A3-DC-D7-9E-06-1F-F6-D4-79-3F-DB-1C-9B-ED-38-F7-EC">
      <ModulePath>C:\Program Files\dotnet\sdk\6.0.100-rc.1.21463.6\Microsoft.VisualStudio.TestPlatform.ObjectModel.dll</ModulePath>
      <ModuleTime>2021-09-13T18:03:10Z</ModuleTime>
      <ModuleName>Microsoft.VisualStudio.TestPlatform.ObjectModel</ModuleName>
      <Classes />
    </Module>
    <Module skippedDueTo="MissingPdb" hash="41-54-DA-9C-9D-4A-70-61-A5-75-C9-D6-04-61-58-22-EB-A8-97-7E">
      <ModulePath>C:\Program Files\dotnet\sdk\6.0.100-rc.1.21463.6\Microsoft.VisualStudio.TestPlatform.Client.dll</ModulePath>
      <ModuleTime>2021-09-13T18:03:08Z</ModuleTime>
      <ModuleName>Microsoft.VisualStudio.TestPlatform.Client</ModuleName>
      <Classes />
    </Module>
    <Module skippedDueTo="MissingPdb" hash="39-58-63-38-27-48-59-D6-A7-45-22-D8-AA-AE-E4-8F-CA-56-C0-A0">
      <ModulePath>C:\Program Files\dotnet\sdk\6.0.100-rc.1.21463.6\Microsoft.VisualStudio.TestPlatform.Common.dll</ModulePath>
      <ModuleTime>2021-09-13T18:03:10Z</ModuleTime>
      <ModuleName>Microsoft.VisualStudio.TestPlatform.Common</ModuleName>
      <Classes />
    </Module>
    <Module skippedDueTo="Filter" hash="44-25-7F-68-79-C9-72-21-21-B3-6E-14-47-CE-B4-5F-AB-6B-54-35">
      <ModulePath>C:\Program Files\dotnet\shared\Microsoft.NETCore.App\6.0.0-rc.1.21451.13\System.Linq.dll</ModulePath>
      <ModuleTime>2021-09-13T17:34:34Z</ModuleTime>
      <ModuleName>System.Linq</ModuleName>
      <Classes />
    </Module>
    <Module skippedDueTo="Filter" hash="6D-CA-1B-2A-F7-9D-FA-AA-7A-90-AB-B7-72-D3-36-81-10-65-73-9D">
      <ModulePath>C:\Program Files\dotnet\shared\Microsoft.NETCore.App\6.0.0-rc.1.21451.13\System.Runtime.InteropServices.dll</ModulePath>
      <ModuleTime>2021-09-13T17:34:42Z</ModuleTime>
      <ModuleName>System.Runtime.InteropServices</ModuleName>
      <Classes />
    </Module>
    <Module skippedDueTo="Filter" hash="F9-4B-F3-90-7A-F2-A8-E8-B8-B8-66-CA-5E-9B-2B-13-C3-F2-B5-1F">
      <ModulePath>C:\Program Files\dotnet\shared\Microsoft.NETCore.App\6.0.0-rc.1.21451.13\System.Resources.ResourceManager.dll</ModulePath>
      <ModuleTime>2021-09-13T17:34:54Z</ModuleTime>
      <ModuleName>System.Resources.ResourceManager</ModuleName>
      <Classes />
    </Module>
    <Module skippedDueTo="Filter" hash="75-4F-33-6B-4B-FB-80-B1-25-55-AA-EF-4A-8E-C3-9E-43-5D-23-71">
      <ModulePath>C:\Program Files\dotnet\shared\Microsoft.NETCore.App\6.0.0-rc.1.21451.13\System.Xml.ReaderWriter.dll</ModulePath>
      <ModuleTime>2021-09-13T17:32:52Z</ModuleTime>
      <ModuleName>System.Xml.ReaderWriter</ModuleName>
      <Classes />
    </Module>
    <Module skippedDueTo="Filter" hash="31-34-D6-79-27-94-6C-A6-B9-9F-6A-49-1F-46-C9-72-02-EC-FD-2E">
      <ModulePath>C:\Program Files\dotnet\shared\Microsoft.NETCore.App\6.0.0-rc.1.21451.13\System.Private.Xml.dll</ModulePath>
      <ModuleTime>2021-09-13T17:34:40Z</ModuleTime>
      <ModuleName>System.Private.Xml</ModuleName>
      <Classes />
    </Module>
    <Module skippedDueTo="MissingPdb" hash="71-25-71-D0-DF-DA-17-5B-49-36-88-B1-F5-64-A7-4A-80-3C-6E-90">
      <ModulePath>C:\Program Files\dotnet\sdk\6.0.100-rc.1.21463.6\Microsoft.TestPlatform.PlatformAbstractions.dll</ModulePath>
      <ModuleTime>2021-09-13T18:03:10Z</ModuleTime>
      <ModuleName>Microsoft.TestPlatform.PlatformAbstractions</ModuleName>
      <Classes />
    </Module>
    <Module skippedDueTo="MissingPdb" hash="CA-F3-CE-57-1B-62-29-28-E0-96-F2-F8-6A-14-1C-7C-39-2D-85-A0">
      <ModulePath>C:\Program Files\dotnet\sdk\6.0.100-rc.1.21463.6\Microsoft.TestPlatform.Utilities.dll</ModulePath>
      <ModuleTime>2021-09-13T18:03:08Z</ModuleTime>
      <ModuleName>Microsoft.TestPlatform.Utilities</ModuleName>
      <Classes />
    </Module>
    <Module skippedDueTo="Filter" hash="35-AE-02-E5-02-89-1B-BE-C9-F6-FE-84-25-D5-51-F7-D2-29-BD-89">
      <ModulePath>C:\Program Files\dotnet\shared\Microsoft.NETCore.App\6.0.0-rc.1.21451.13\System.IO.FileSystem.dll</ModulePath>
      <ModuleTime>2021-09-13T17:32:46Z</ModuleTime>
      <ModuleName>System.IO.FileSystem</ModuleName>
      <Classes />
    </Module>
    <Module skippedDueTo="Filter" hash="3C-37-E4-F1-10-A0-76-5B-98-84-09-46-62-81-52-E5-99-DB-B1-73">
      <ModulePath>C:\Program Files\dotnet\shared\Microsoft.NETCore.App\6.0.0-rc.1.21451.13\System.Runtime.InteropServices.RuntimeInformation.dll</ModulePath>
      <ModuleTime>2021-09-13T17:34:44Z</ModuleTime>
      <ModuleName>System.Runtime.InteropServices.RuntimeInformation</ModuleName>
      <Classes />
    </Module>
    <Module skippedDueTo="MissingPdb" hash="E4-D3-AA-21-8F-AC-4B-99-26-CA-FE-70-EE-42-2E-4A-71-95-F3-AD">
      <ModulePath>C:\Program Files\dotnet\sdk\6.0.100-rc.1.21463.6\NuGet.Frameworks.dll</ModulePath>
      <ModuleTime>2021-09-13T18:03:12Z</ModuleTime>
      <ModuleName>NuGet.Frameworks</ModuleName>
      <Classes />
    </Module>
    <Module skippedDueTo="Filter" hash="CD-40-7B-EB-C6-8E-70-D2-57-67-05-34-B1-91-B5-A9-60-B8-D2-55">
      <ModulePath>C:\Program Files\dotnet\shared\Microsoft.NETCore.App\6.0.0-rc.1.21451.13\System.Memory.dll</ModulePath>
      <ModuleTime>2021-09-13T17:35:38Z</ModuleTime>
      <ModuleName>System.Memory</ModuleName>
      <Classes />
    </Module>
    <Module skippedDueTo="Filter" hash="63-CB-22-BB-CC-94-77-93-C1-9C-22-AD-66-11-57-2F-AC-60-62-89">
      <ModulePath>C:\Program Files\dotnet\shared\Microsoft.NETCore.App\6.0.0-rc.1.21451.13\System.Private.Uri.dll</ModulePath>
      <ModuleTime>2021-09-13T17:34:42Z</ModuleTime>
      <ModuleName>System.Private.Uri</ModuleName>
      <Classes />
    </Module>
    <Module skippedDueTo="Filter" hash="95-87-96-F7-AC-68-C7-D6-CC-82-45-78-38-1B-64-B8-5E-E5-89-45">
      <ModulePath>C:\Program Files\dotnet\shared\Microsoft.NETCore.App\6.0.0-rc.1.21451.13\System.Runtime.CompilerServices.Unsafe.dll</ModulePath>
      <ModuleTime>2021-09-13T17:34:44Z</ModuleTime>
      <ModuleName>System.Runtime.CompilerServices.Unsafe</ModuleName>
      <Classes />
    </Module>
    <Module skippedDueTo="Filter" hash="E1-85-FA-E9-C3-95-E0-61-D5-92-31-71-BF-DF-75-FB-A0-6D-B6-6D">
      <ModulePath>C:\Program Files\dotnet\shared\Microsoft.NETCore.App\6.0.0-rc.1.21451.13\System.Diagnostics.TraceSource.dll</ModulePath>
      <ModuleTime>2021-09-13T17:34:50Z</ModuleTime>
      <ModuleName>System.Diagnostics.TraceSource</ModuleName>
      <Classes />
    </Module>
    <Module skippedDueTo="Filter" hash="4E-E7-CF-57-F0-F5-96-2A-79-FB-0B-42-5B-3B-63-68-D3-FC-0E-D4">
      <ModulePath>C:\Program Files\dotnet\shared\Microsoft.NETCore.App\6.0.0-rc.1.21451.13\System.Threading.ThreadPool.dll</ModulePath>
      <ModuleTime>2021-09-13T17:34:56Z</ModuleTime>
      <ModuleName>System.Threading.ThreadPool</ModuleName>
      <Classes />
    </Module>
    <Module skippedDueTo="Filter" hash="D4-0E-05-9B-B9-17-CB-40-D6-6B-15-24-B5-3E-BE-3D-3A-AB-0E-30">
      <ModulePath>C:\Program Files\dotnet\shared\Microsoft.NETCore.App\6.0.0-rc.1.21451.13\System.Collections.NonGeneric.dll</ModulePath>
      <ModuleTime>2021-09-13T17:34:48Z</ModuleTime>
      <ModuleName>System.Collections.NonGeneric</ModuleName>
      <Classes />
    </Module>
    <Module skippedDueTo="MissingPdb" hash="13-D3-F9-09-6B-D6-16-9B-81-69-14-FE-A6-35-5F-A2-D0-B6-EA-0C">
      <ModulePath>C:\Program Files\dotnet\sdk\6.0.100-rc.1.21463.6\Microsoft.Extensions.FileSystemGlobbing.dll</ModulePath>
      <ModuleTime>2021-09-13T18:03:02Z</ModuleTime>
      <ModuleName>Microsoft.Extensions.FileSystemGlobbing</ModuleName>
      <Classes />
    </Module>
    <Module skippedDueTo="MissingPdb" hash="E6-E3-A5-F2-83-B2-EF-79-36-9F-28-16-D3-40-2E-FA-A8-8F-5B-A5">
      <ModulePath>C:\Program Files\dotnet\sdk\6.0.100-rc.1.21463.6\Microsoft.TestPlatform.CrossPlatEngine.dll</ModulePath>
      <ModuleTime>2021-09-13T18:03:08Z</ModuleTime>
      <ModuleName>Microsoft.TestPlatform.CrossPlatEngine</ModuleName>
      <Classes />
    </Module>
    <Module skippedDueTo="Filter" hash="36-55-C4-2C-2E-2B-C0-76-2A-CA-6D-14-28-EF-B3-4F-08-C5-85-7C">
      <ModulePath>C:\Program Files\dotnet\shared\Microsoft.NETCore.App\6.0.0-rc.1.21451.13\System.Runtime.Loader.dll</ModulePath>
      <ModuleTime>2021-09-13T17:34:54Z</ModuleTime>
      <ModuleName>System.Runtime.Loader</ModuleName>
      <Classes />
    </Module>
    <Module skippedDueTo="MissingPdb" hash="10-B1-75-BB-FE-BE-DB-B8-25-E1-02-81-40-D4-25-61-72-43-DB-DE">
      <ModulePath>C:\Program Files\dotnet\sdk\6.0.100-rc.1.21463.6\Extensions\Microsoft.Diagnostics.NETCore.Client.dll</ModulePath>
      <ModuleTime>2021-09-13T18:03:14Z</ModuleTime>
      <ModuleName>Microsoft.Diagnostics.NETCore.Client</ModuleName>
      <Classes />
    </Module>
    <Module skippedDueTo="Filter" hash="CD-78-AA-E6-6F-0F-E1-26-9C-37-41-85-28-F4-D4-BF-96-05-7F-46">
      <ModulePath>C:\Program Files\dotnet\shared\Microsoft.NETCore.App\6.0.0-rc.1.21451.13\System.Net.Sockets.dll</ModulePath>
      <ModuleTime>2021-09-13T17:34:36Z</ModuleTime>
      <ModuleName>System.Net.Sockets</ModuleName>
      <Classes />
    </Module>
    <Module skippedDueTo="Filter" hash="05-48-B9-16-3C-9F-02-11-0D-C2-7E-A2-16-C1-E2-D3-90-22-83-85">
      <ModulePath>C:\Program Files\dotnet\shared\Microsoft.NETCore.App\6.0.0-rc.1.21451.13\System.Net.Primitives.dll</ModulePath>
      <ModuleTime>2021-09-13T17:34:36Z</ModuleTime>
      <ModuleName>System.Net.Primitives</ModuleName>
      <Classes />
    </Module>
    <Module skippedDueTo="Filter" hash="FD-B2-BC-58-95-6F-87-3B-B3-DF-09-AA-F4-8C-60-E4-AC-4A-2F-AA">
      <ModulePath>C:\Program Files\dotnet\shared\Microsoft.NETCore.App\6.0.0-rc.1.21451.13\System.Threading.Tasks.Extensions.dll</ModulePath>
      <ModuleTime>2021-09-13T17:34:50Z</ModuleTime>
      <ModuleName>System.Threading.Tasks.Extensions</ModuleName>
      <Classes />
    </Module>
    <Module skippedDueTo="Filter" hash="20-04-D5-5A-FF-90-7F-91-41-2A-8E-0D-26-4F-22-2F-05-43-DA-A0">
      <ModulePath>C:\Program Files\dotnet\shared\Microsoft.NETCore.App\6.0.0-rc.1.21451.13\System.Diagnostics.StackTrace.dll</ModulePath>
      <ModuleTime>2021-09-13T17:34:52Z</ModuleTime>
      <ModuleName>System.Diagnostics.StackTrace</ModuleName>
      <Classes />
    </Module>
    <Module skippedDueTo="Filter" hash="8B-08-F3-32-94-59-53-73-91-B3-DF-A7-A9-72-F8-1E-24-89-0A-F5">
      <ModulePath>C:\Program Files\dotnet\shared\Microsoft.NETCore.App\6.0.0-rc.1.21451.13\System.Reflection.Metadata.dll</ModulePath>
      <ModuleTime>2021-09-13T17:34:42Z</ModuleTime>
      <ModuleName>System.Reflection.Metadata</ModuleName>
      <Classes />
    </Module>
    <Module skippedDueTo="Filter" hash="23-20-75-D6-B3-71-01-42-61-8F-5C-F0-92-A1-85-21-27-64-C5-71">
      <ModulePath>C:\Program Files\dotnet\shared\Microsoft.NETCore.App\6.0.0-rc.1.21451.13\System.Collections.Immutable.dll</ModulePath>
      <ModuleTime>2021-09-13T17:34:48Z</ModuleTime>
      <ModuleName>System.Collections.Immutable</ModuleName>
      <Classes />
    </Module>
    <Module skippedDueTo="MissingPdb" hash="93-5F-3A-94-5B-E3-94-C6-14-1B-17-17-79-C3-BE-85-0F-EC-A9-BA">
      <ModulePath>C:\Program Files\dotnet\sdk\6.0.100-rc.1.21463.6\Extensions\Microsoft.TestPlatform.Extensions.BlameDataCollector.dll</ModulePath>
      <ModuleTime>2021-09-13T18:03:14Z</ModuleTime>
      <ModuleName>Microsoft.TestPlatform.Extensions.BlameDataCollector</ModuleName>
      <Classes />
    </Module>
    <Module skippedDueTo="MissingPdb" hash="D1-98-07-F4-E7-78-CA-FF-45-DE-D7-7A-B8-BD-75-89-06-BA-33-35">
      <ModulePath>C:\Program Files\dotnet\sdk\6.0.100-rc.1.21463.6\Extensions\Microsoft.TestPlatform.Extensions.EventLogCollector.dll</ModulePath>
      <ModuleTime>2021-08-17T12:55:38Z</ModuleTime>
      <ModuleName>Microsoft.TestPlatform.Extensions.EventLogCollector</ModuleName>
      <Classes />
    </Module>
    <Module skippedDueTo="Filter" hash="23-8D-1F-5E-B9-B3-72-33-68-D0-E4-2D-BD-4D-6B-65-D9-6E-C5-99">
      <ModulePath>C:\Program Files\dotnet\shared\Microsoft.NETCore.App\6.0.0-rc.1.21451.13\mscorlib.dll</ModulePath>
      <ModuleTime>2021-09-13T17:34:50Z</ModuleTime>
      <ModuleName>mscorlib</ModuleName>
      <Classes />
    </Module>
    <Module skippedDueTo="Filter" hash="28-D2-F2-A1-61-45-F6-D6-FA-EF-83-9C-1F-46-BF-7D-52-C1-7C-E8">
      <ModulePath>C:\Program Files\dotnet\shared\Microsoft.NETCore.App\6.0.0-rc.1.21451.13\System.Xml.dll</ModulePath>
      <ModuleTime>2021-09-13T17:34:58Z</ModuleTime>
      <ModuleName>System.Xml</ModuleName>
      <Classes />
    </Module>
    <Module skippedDueTo="MissingPdb" hash="95-EF-48-29-36-A9-F4-1E-33-2B-AC-79-BE-65-10-07-ED-13-02-FA">
      <ModulePath>C:\Program Files\dotnet\sdk\6.0.100-rc.1.21463.6\Extensions\Microsoft.TestPlatform.TestHostRuntimeProvider.dll</ModulePath>
      <ModuleTime>2021-09-13T18:03:14Z</ModuleTime>
      <ModuleName>Microsoft.TestPlatform.TestHostRuntimeProvider</ModuleName>
      <Classes />
    </Module>
    <Module skippedDueTo="MissingPdb" hash="E4-AA-A1-A5-C2-F3-96-A2-A7-F2-39-8E-B1-7D-0E-03-82-5C-A9-23">
      <ModulePath>C:\Program Files\dotnet\sdk\6.0.100-rc.1.21463.6\Extensions\Microsoft.VisualStudio.TestPlatform.Extensions.Html.TestLogger.dll</ModulePath>
      <ModuleTime>2021-09-13T18:03:14Z</ModuleTime>
      <ModuleName>Microsoft.VisualStudio.TestPlatform.Extensions.Html.TestLogger</ModuleName>
      <Classes />
    </Module>
    <Module skippedDueTo="MissingPdb" hash="8D-A6-89-68-65-C1-B8-A0-A0-71-B7-66-19-AC-72-58-23-15-E7-F4">
      <ModulePath>C:\Program Files\dotnet\sdk\6.0.100-rc.1.21463.6\Extensions\Microsoft.VisualStudio.TestPlatform.Extensions.Trx.TestLogger.dll</ModulePath>
      <ModuleTime>2021-09-13T18:03:16Z</ModuleTime>
      <ModuleName>Microsoft.VisualStudio.TestPlatform.Extensions.Trx.TestLogger</ModuleName>
      <Classes />
    </Module>
    <Module skippedDueTo="Filter" hash="88-30-A4-2C-E8-B5-52-1A-55-E6-AA-C4-C3-A0-95-36-80-72-22-D9">
      <ModulePath>C:\Program Files\dotnet\shared\Microsoft.NETCore.App\6.0.0-rc.1.21451.13\System.Threading.Tasks.dll</ModulePath>
      <ModuleTime>2021-09-13T17:34:54Z</ModuleTime>
      <ModuleName>System.Threading.Tasks</ModuleName>
      <Classes />
    </Module>
    <Module skippedDueTo="Filter" hash="FB-D9-CB-C1-3D-F7-D3-A2-EC-59-3C-65-10-29-2A-FE-B0-9D-0D-57">
      <ModulePath>C:\Program Files\dotnet\shared\Microsoft.NETCore.App\6.0.0-rc.1.21451.13\System.Collections.Concurrent.dll</ModulePath>
      <ModuleTime>2021-09-13T17:34:44Z</ModuleTime>
      <ModuleName>System.Collections.Concurrent</ModuleName>
      <Classes />
    </Module>
    <Module skippedDueTo="MissingPdb" hash="B6-B1-6B-3D-55-15-CE-0E-B0-63-F0-CF-47-4C-AE-3F-3C-1B-15-53">
      <ModulePath>C:\Program Files\dotnet\shared\Microsoft.NETCore.App\6.0.0-rc.1.21451.13\Microsoft.Win32.Primitives.dll</ModulePath>
      <ModuleTime>2021-09-13T17:34:44Z</ModuleTime>
      <ModuleName>Microsoft.Win32.Primitives</ModuleName>
      <Classes />
    </Module>
    <Module skippedDueTo="MissingPdb" hash="E1-12-1C-72-1F-73-11-E2-16-FF-53-67-68-E9-02-38-A9-8B-EA-C4">
      <ModulePath>C:\Program Files\dotnet\sdk\6.0.100-rc.1.21463.6\Microsoft.TestPlatform.CommunicationUtilities.dll</ModulePath>
      <ModuleTime>2021-09-13T18:03:34Z</ModuleTime>
      <ModuleName>Microsoft.TestPlatform.CommunicationUtilities</ModuleName>
      <Classes />
    </Module>
    <Module skippedDueTo="MissingPdb" hash="F3-F2-05-17-10-34-5F-8D-BB-3F-61-6F-72-37-72-F6-73-29-12-01">
      <ModulePath>C:\Program Files\dotnet\sdk\6.0.100-rc.1.21463.6\Newtonsoft.Json.dll</ModulePath>
      <ModuleTime>2021-09-13T18:07:06Z</ModuleTime>
      <ModuleName>Newtonsoft.Json</ModuleName>
      <Classes />
    </Module>
    <Module skippedDueTo="Filter" hash="52-B4-20-F0-E5-77-BA-A1-0F-AA-06-8C-D7-5E-92-85-CC-B4-43-03">
      <ModulePath>C:\Program Files\dotnet\shared\Microsoft.NETCore.App\6.0.0-rc.1.21451.13\System.Runtime.Serialization.Formatters.dll</ModulePath>
      <ModuleTime>2021-09-13T17:34:44Z</ModuleTime>
      <ModuleName>System.Runtime.Serialization.Formatters</ModuleName>
      <Classes />
    </Module>
    <Module skippedDueTo="Filter" hash="B6-99-C2-56-86-D6-C3-6E-20-0C-1C-DB-70-B0-83-37-61-F5-C4-71">
      <ModulePath>C:\Program Files\dotnet\shared\Microsoft.NETCore.App\6.0.0-rc.1.21451.13\System.Threading.Overlapped.dll</ModulePath>
      <ModuleTime>2021-09-13T17:35:42Z</ModuleTime>
      <ModuleName>System.Threading.Overlapped</ModuleName>
      <Classes />
    </Module>
    <Module skippedDueTo="MissingPdb" hash="2F-43-19-62-22-7B-7C-B3-99-95-E7-2A-81-E3-13-15-5B-DD-8B-F2">
      <ModulePath>C:\Program Files\dotnet\sdk\6.0.100-rc.1.21463.6\Microsoft.Extensions.DependencyModel.dll</ModulePath>
      <ModuleTime>2021-09-13T18:03:04Z</ModuleTime>
      <ModuleName>Microsoft.Extensions.DependencyModel</ModuleName>
      <Classes />
    </Module>
    <Module skippedDueTo="Filter" hash="EC-35-C1-34-19-19-6A-7A-05-00-6D-BF-39-55-F5-7C-6F-19-A0-78">
      <ModulePath>C:\Program Files\dotnet\shared\Microsoft.NETCore.App\6.0.0-rc.1.21451.13\System.Linq.Expressions.dll</ModulePath>
      <ModuleTime>2021-09-13T17:35:38Z</ModuleTime>
      <ModuleName>System.Linq.Expressions</ModuleName>
      <Classes />
    </Module>
    <Module skippedDueTo="Filter" hash="33-FE-08-5E-6A-8D-98-88-D1-79-0A-73-00-96-1E-F7-71-4D-C0-8C">
      <ModulePath>C:\Program Files\dotnet\shared\Microsoft.NETCore.App\6.0.0-rc.1.21451.13\System.ComponentModel.TypeConverter.dll</ModulePath>
      <ModuleTime>2021-09-13T17:34:50Z</ModuleTime>
      <ModuleName>System.ComponentModel.TypeConverter</ModuleName>
      <Classes />
    </Module>
    <Module skippedDueTo="Filter" hash="C2-55-60-F8-2F-44-22-9E-77-FC-02-B8-B5-8A-5B-A2-A9-F4-C0-DE">
      <ModulePath>C:\Program Files\dotnet\shared\Microsoft.NETCore.App\6.0.0-rc.1.21451.13\System.ObjectModel.dll</ModulePath>
      <ModuleTime>2021-09-13T17:34:40Z</ModuleTime>
      <ModuleName>System.ObjectModel</ModuleName>
      <Classes />
    </Module>
    <Module skippedDueTo="Filter" hash="21-11-A7-0A-55-B2-6E-3D-DE-85-D1-44-7A-FA-A7-5A-6B-E7-82-0C">
      <ModulePath>C:\Program Files\dotnet\shared\Microsoft.NETCore.App\6.0.0-rc.1.21451.13\System.Text.Json.dll</ModulePath>
      <ModuleTime>2021-09-13T17:34:48Z</ModuleTime>
      <ModuleName>System.Text.Json</ModuleName>
      <Classes />
    </Module>
    <Module skippedDueTo="Filter" hash="A4-FC-13-42-F1-56-1A-A4-5B-EA-BD-DF-A7-4D-33-52-B0-97-96-3B">
      <ModulePath>C:\Program Files\dotnet\shared\Microsoft.NETCore.App\6.0.0-rc.1.21451.13\System.Buffers.dll</ModulePath>
      <ModuleTime>2021-09-13T17:34:46Z</ModuleTime>
      <ModuleName>System.Buffers</ModuleName>
      <Classes />
    </Module>
    <Module skippedDueTo="Filter" hash="8A-AD-94-53-78-B3-8D-EC-D9-BB-7F-23-85-E2-B8-53-14-77-BB-F7">
      <ModulePath>C:\Program Files\dotnet\shared\Microsoft.NETCore.App\6.0.0-rc.1.21451.13\System.Numerics.Vectors.dll</ModulePath>
      <ModuleTime>2021-09-13T17:34:50Z</ModuleTime>
      <ModuleName>System.Numerics.Vectors</ModuleName>
      <Classes />
    </Module>
    <Module skippedDueTo="Filter" hash="74-3D-03-13-56-13-D8-65-85-7C-E4-F5-91-99-D5-BB-BC-6F-E0-45">
      <ModulePath>C:\Program Files\dotnet\shared\Microsoft.NETCore.App\6.0.0-rc.1.21451.13\System.Runtime.Numerics.dll</ModulePath>
      <ModuleTime>2021-09-13T17:34:46Z</ModuleTime>
      <ModuleName>System.Runtime.Numerics</ModuleName>
      <Classes />
    </Module>
    <Module skippedDueTo="Filter" hash="0E-AB-69-ED-26-E7-52-A1-D9-58-EB-78-D3-D9-49-B2-27-1A-AD-5B">
      <ModulePath>C:\Program Files\dotnet\shared\Microsoft.NETCore.App\6.0.0-rc.1.21451.13\System.ComponentModel.dll</ModulePath>
      <ModuleTime>2021-09-13T17:34:46Z</ModuleTime>
      <ModuleName>System.ComponentModel</ModuleName>
      <Classes />
    </Module>
    <Module skippedDueTo="Filter" hash="2E-30-88-C6-F4-CA-CF-46-F1-00-47-7F-5D-BC-C4-C3-8C-15-12-63">
      <ModulePath>C:\Program Files\dotnet\shared\Microsoft.NETCore.App\3.1.19\System.Private.CoreLib.dll</ModulePath>
      <ModuleTime>2021-08-11T12:19:32Z</ModuleTime>
      <ModuleName>System.Private.CoreLib</ModuleName>
      <Classes />
    </Module>
    <Module skippedDueTo="MissingPdb" hash="84-19-AD-81-8F-07-C4-DA-0C-76-0C-0D-B2-E6-1B-C2-C9-72-6B-2C">
      <ModulePath>C:\Users\Aditya Nair\.nuget\packages\microsoft.testplatform.testhost\16.5.0\build\netcoreapp2.1\x64\testhost.dll</ModulePath>
      <ModuleTime>2020-02-04T20:55:24Z</ModuleTime>
      <ModuleName>testhost</ModuleName>
      <Classes />
    </Module>
    <Module skippedDueTo="Filter" hash="66-ED-E0-5B-92-2E-3B-09-33-1B-BB-BD-1A-F0-4B-86-EE-F1-CB-5E">
      <ModulePath>C:\Program Files\dotnet\shared\Microsoft.NETCore.App\3.1.19\System.Runtime.dll</ModulePath>
      <ModuleTime>2021-08-16T20:03:50Z</ModuleTime>
      <ModuleName>System.Runtime</ModuleName>
      <Classes />
    </Module>
    <Module skippedDueTo="MissingPdb" hash="72-CD-4C-29-1F-8A-A2-EE-EE-49-B7-39-D7-D2-59-25-D4-15-8A-47">
      <ModulePath>C:\OpenSource\grok.net-forked\src\Grok.Net.Tests\bin\Release\netcoreapp3.1\Microsoft.TestPlatform.CoreUtilities.dll</ModulePath>
      <ModuleTime>2020-02-04T20:55:22Z</ModuleTime>
      <ModuleName>Microsoft.TestPlatform.CoreUtilities</ModuleName>
      <Classes />
    </Module>
    <Module skippedDueTo="MissingPdb" hash="EB-40-74-F9-AE-AD-30-FC-E2-B8-89-CF-37-84-6E-39-98-D9-99-6B">
      <ModulePath>C:\Program Files\dotnet\shared\Microsoft.NETCore.App\3.1.19\netstandard.dll</ModulePath>
      <ModuleTime>2021-08-16T20:03:06Z</ModuleTime>
      <ModuleName>netstandard</ModuleName>
      <Classes />
    </Module>
    <Module skippedDueTo="Filter" hash="53-A2-81-EC-89-58-66-AB-7E-6C-3F-44-9F-87-0A-FD-C0-22-EF-5D">
      <ModulePath>C:\Program Files\dotnet\shared\Microsoft.NETCore.App\3.1.19\System.Diagnostics.Tracing.dll</ModulePath>
      <ModuleTime>2021-08-16T20:03:38Z</ModuleTime>
      <ModuleName>System.Diagnostics.Tracing</ModuleName>
      <Classes />
    </Module>
    <Module skippedDueTo="MissingPdb" hash="03-17-2D-A2-47-E8-DA-D5-28-CB-74-74-E2-56-70-6A-C0-5A-AB-58">
      <ModulePath>C:\OpenSource\grok.net-forked\src\Grok.Net.Tests\bin\Release\netcoreapp3.1\Microsoft.TestPlatform.PlatformAbstractions.dll</ModulePath>
      <ModuleTime>2020-02-04T20:55:22Z</ModuleTime>
      <ModuleName>Microsoft.TestPlatform.PlatformAbstractions</ModuleName>
      <Classes />
    </Module>
    <Module skippedDueTo="Filter" hash="B5-31-1C-7F-04-71-76-4C-86-CD-A6-33-DC-09-08-12-41-6E-6C-E2">
      <ModulePath>C:\Program Files\dotnet\shared\Microsoft.NETCore.App\3.1.19\System.Runtime.Extensions.dll</ModulePath>
      <ModuleTime>2021-08-16T20:03:18Z</ModuleTime>
      <ModuleName>System.Runtime.Extensions</ModuleName>
      <Classes />
    </Module>
    <Module skippedDueTo="Filter" hash="9B-69-E1-07-C2-1F-7D-6B-F6-59-51-1D-74-91-10-0D-F9-71-E1-EE">
      <ModulePath>C:\Program Files\dotnet\shared\Microsoft.NETCore.App\3.1.19\System.Diagnostics.Debug.dll</ModulePath>
      <ModuleTime>2021-08-16T20:03:10Z</ModuleTime>
      <ModuleName>System.Diagnostics.Debug</ModuleName>
      <Classes />
    </Module>
    <Module skippedDueTo="Filter" hash="0F-25-6B-97-CD-90-A7-F3-B7-36-6C-B5-1C-04-75-18-AB-D9-8F-F3">
      <ModulePath>C:\Program Files\dotnet\shared\Microsoft.NETCore.App\3.1.19\System.Collections.dll</ModulePath>
      <ModuleTime>2021-08-16T20:03:06Z</ModuleTime>
      <ModuleName>System.Collections</ModuleName>
      <Classes />
    </Module>
    <Module skippedDueTo="MissingPdb" hash="C3-FB-C2-9E-95-BB-9F-EC-54-E9-D6-2E-96-6F-43-6E-95-D3-F0-A1">
      <ModulePath>C:\OpenSource\grok.net-forked\src\Grok.Net.Tests\bin\Release\netcoreapp3.1\Microsoft.TestPlatform.CrossPlatEngine.dll</ModulePath>
      <ModuleTime>2020-02-04T20:55:24Z</ModuleTime>
      <ModuleName>Microsoft.TestPlatform.CrossPlatEngine</ModuleName>
      <Classes />
    </Module>
    <Module skippedDueTo="MissingPdb" hash="7E-1F-2A-CD-BD-DB-46-49-18-E0-16-C3-50-2A-47-26-74-E0-FA-63">
      <ModulePath>C:\OpenSource\grok.net-forked\src\Grok.Net.Tests\bin\Release\netcoreapp3.1\Microsoft.TestPlatform.CommunicationUtilities.dll</ModulePath>
      <ModuleTime>2020-02-04T20:55:24Z</ModuleTime>
      <ModuleName>Microsoft.TestPlatform.CommunicationUtilities</ModuleName>
      <Classes />
    </Module>
    <Module skippedDueTo="MissingPdb" hash="40-25-A6-0F-A5-B4-71-8F-77-23-6F-C1-FC-B2-A9-94-DA-7B-5F-2E">
      <ModulePath>C:\OpenSource\grok.net-forked\src\Grok.Net.Tests\bin\Release\netcoreapp3.1\Microsoft.VisualStudio.TestPlatform.ObjectModel.dll</ModulePath>
      <ModuleTime>2020-02-04T20:55:22Z</ModuleTime>
      <ModuleName>Microsoft.VisualStudio.TestPlatform.ObjectModel</ModuleName>
      <Classes />
    </Module>
    <Module skippedDueTo="MissingPdb" hash="C9-48-8A-EF-A0-7E-17-43-0F-BC-D2-F3-4D-26-76-B6-7D-DE-DF-67">
      <ModulePath>C:\OpenSource\grok.net-forked\src\Grok.Net.Tests\bin\Release\netcoreapp3.1\Microsoft.VisualStudio.TestPlatform.Common.dll</ModulePath>
      <ModuleTime>2020-02-04T20:55:24Z</ModuleTime>
      <ModuleName>Microsoft.VisualStudio.TestPlatform.Common</ModuleName>
      <Classes />
    </Module>
    <Module skippedDueTo="MissingPdb" hash="53-D0-A3-B9-10-36-09-21-32-F4-D0-88-75-00-B5-DC-77-89-1D-78">
      <ModulePath>C:\OpenSource\grok.net-forked\src\Grok.Net.Tests\bin\Release\netcoreapp3.1\Newtonsoft.Json.dll</ModulePath>
      <ModuleTime>2016-06-13T23:06:14Z</ModuleTime>
      <ModuleName>Newtonsoft.Json</ModuleName>
      <Classes />
    </Module>
    <Module skippedDueTo="Filter" hash="64-24-7E-8A-9E-48-CC-B6-BF-17-38-B3-FE-2A-8F-C8-28-9B-8C-68">
      <ModulePath>C:\Program Files\dotnet\shared\Microsoft.NETCore.App\3.1.19\System.Runtime.Serialization.Primitives.dll</ModulePath>
      <ModuleTime>2021-08-16T20:03:22Z</ModuleTime>
      <ModuleName>System.Runtime.Serialization.Primitives</ModuleName>
      <Classes />
    </Module>
    <Module skippedDueTo="Filter" hash="0E-61-50-7C-0F-C2-B8-F9-2C-A3-AA-71-D9-14-DB-55-A9-64-8A-F4">
      <ModulePath>C:\Program Files\dotnet\shared\Microsoft.NETCore.App\3.1.19\System.Globalization.dll</ModulePath>
      <ModuleTime>2021-08-16T20:03:12Z</ModuleTime>
      <ModuleName>System.Globalization</ModuleName>
      <Classes />
    </Module>
    <Module skippedDueTo="Filter" hash="5A-61-C2-0F-20-AF-26-F0-64-13-6E-DA-17-A2-19-18-B8-FE-04-D2">
      <ModulePath>C:\Program Files\dotnet\shared\Microsoft.NETCore.App\3.1.19\System.Threading.dll</ModulePath>
      <ModuleTime>2021-08-16T20:03:30Z</ModuleTime>
      <ModuleName>System.Threading</ModuleName>
      <Classes />
    </Module>
    <Module skippedDueTo="Filter" hash="81-30-92-65-FE-FF-3E-FF-37-FA-A9-AB-50-DE-2A-11-59-A5-88-3C">
      <ModulePath>C:\Program Files\dotnet\shared\Microsoft.NETCore.App\3.1.19\System.Diagnostics.TraceSource.dll</ModulePath>
      <ModuleTime>2021-08-16T20:03:12Z</ModuleTime>
      <ModuleName>System.Diagnostics.TraceSource</ModuleName>
      <Classes />
    </Module>
    <Module skippedDueTo="Filter" hash="73-97-9A-70-96-59-00-68-E5-B8-FE-2D-62-5D-27-86-A5-11-19-3A">
      <ModulePath>C:\Program Files\dotnet\shared\Microsoft.NETCore.App\3.1.19\System.Diagnostics.Process.dll</ModulePath>
      <ModuleTime>2021-08-16T20:03:12Z</ModuleTime>
      <ModuleName>System.Diagnostics.Process</ModuleName>
      <Classes />
    </Module>
    <Module skippedDueTo="Filter" hash="26-E2-83-E0-B0-17-59-79-1C-29-D5-E9-AD-B7-D8-52-52-8E-DF-EC">
      <ModulePath>C:\Program Files\dotnet\shared\Microsoft.NETCore.App\3.1.19\System.ComponentModel.Primitives.dll</ModulePath>
      <ModuleTime>2021-08-16T20:03:08Z</ModuleTime>
      <ModuleName>System.ComponentModel.Primitives</ModuleName>
      <Classes />
    </Module>
    <Module skippedDueTo="Filter" hash="DF-60-05-A1-1B-6A-6D-41-E7-ED-CE-8B-CA-99-68-26-57-3F-7C-C1">
      <ModulePath>C:\Program Files\dotnet\shared\Microsoft.NETCore.App\3.1.19\System.Memory.dll</ModulePath>
      <ModuleTime>2021-08-16T20:03:16Z</ModuleTime>
      <ModuleName>System.Memory</ModuleName>
      <Classes />
    </Module>
    <Module skippedDueTo="Filter" hash="97-B2-50-70-AF-83-17-9B-84-09-34-C7-9C-FC-D0-80-7B-CB-72-AD">
      <ModulePath>C:\Program Files\dotnet\shared\Microsoft.NETCore.App\3.1.19\System.Threading.ThreadPool.dll</ModulePath>
      <ModuleTime>2021-08-16T20:03:08Z</ModuleTime>
      <ModuleName>System.Threading.ThreadPool</ModuleName>
      <Classes />
    </Module>
    <Module skippedDueTo="Filter" hash="21-CC-A1-05-67-E4-D6-23-59-63-CB-79-62-92-26-DC-43-36-E8-8C">
      <ModulePath>C:\Program Files\dotnet\shared\Microsoft.NETCore.App\3.1.19\System.Runtime.InteropServices.dll</ModulePath>
      <ModuleTime>2021-08-16T20:03:16Z</ModuleTime>
      <ModuleName>System.Runtime.InteropServices</ModuleName>
      <Classes />
    </Module>
    <Module skippedDueTo="MissingPdb" hash="70-B1-B3-8B-6C-EB-95-C6-4F-BA-6A-2B-96-E7-3F-C6-9F-9C-77-02">
      <ModulePath>C:\Program Files\dotnet\shared\Microsoft.NETCore.App\3.1.19\Microsoft.Win32.Primitives.dll</ModulePath>
      <ModuleTime>2021-08-16T20:03:36Z</ModuleTime>
      <ModuleName>Microsoft.Win32.Primitives</ModuleName>
      <Classes />
    </Module>
    <Module skippedDueTo="Filter" hash="F8-B2-5D-36-7A-02-31-82-66-54-6D-11-AF-15-29-94-89-79-D8-B1">
      <ModulePath>C:\Program Files\dotnet\shared\Microsoft.NETCore.App\3.1.19\System.Net.Primitives.dll</ModulePath>
      <ModuleTime>2021-08-16T20:03:08Z</ModuleTime>
      <ModuleName>System.Net.Primitives</ModuleName>
      <Classes />
    </Module>
    <Module skippedDueTo="Filter" hash="77-61-4A-C2-0E-85-22-39-A0-C9-50-D4-02-11-BB-6B-91-CD-3C-5C">
      <ModulePath>C:\Program Files\dotnet\shared\Microsoft.NETCore.App\3.1.19\System.Threading.Tasks.dll</ModulePath>
      <ModuleTime>2021-08-16T20:03:28Z</ModuleTime>
      <ModuleName>System.Threading.Tasks</ModuleName>
      <Classes />
    </Module>
    <Module skippedDueTo="Filter" hash="66-30-74-F6-08-AF-FC-7E-5E-F5-68-95-32-39-C5-31-3A-FA-84-CC">
      <ModulePath>C:\Program Files\dotnet\shared\Microsoft.NETCore.App\3.1.19\System.Net.Sockets.dll</ModulePath>
      <ModuleTime>2021-08-16T20:03:08Z</ModuleTime>
      <ModuleName>System.Net.Sockets</ModuleName>
      <Classes />
    </Module>
    <Module skippedDueTo="Filter" hash="D2-F7-F8-AC-3D-8A-4D-14-91-8C-4C-30-E8-D6-DD-75-53-63-2A-A1">
      <ModulePath>C:\Program Files\dotnet\shared\Microsoft.NETCore.App\3.1.19\System.Threading.Overlapped.dll</ModulePath>
      <ModuleTime>2021-08-16T20:03:30Z</ModuleTime>
      <ModuleName>System.Threading.Overlapped</ModuleName>
      <Classes />
    </Module>
    <Module skippedDueTo="Filter" hash="08-EA-97-64-CF-25-E1-AA-A3-96-57-F5-51-FE-4A-A2-2D-73-7B-4C">
      <ModulePath>C:\Program Files\dotnet\shared\Microsoft.NETCore.App\3.1.19\System.Net.NameResolution.dll</ModulePath>
      <ModuleTime>2021-08-16T20:03:18Z</ModuleTime>
      <ModuleName>System.Net.NameResolution</ModuleName>
      <Classes />
    </Module>
    <Module skippedDueTo="Filter" hash="75-33-19-C6-3C-86-B2-4D-52-E8-60-2B-92-9E-86-DD-5F-E8-C2-F0">
      <ModulePath>C:\Program Files\dotnet\shared\Microsoft.NETCore.App\3.1.19\System.Private.Uri.dll</ModulePath>
      <ModuleTime>2021-08-16T20:03:12Z</ModuleTime>
      <ModuleName>System.Private.Uri</ModuleName>
      <Classes />
    </Module>
    <Module skippedDueTo="Filter" hash="D8-4A-0F-C2-0C-88-81-94-A7-29-8C-3C-72-30-5D-0B-F1-D5-C5-15">
      <ModulePath>C:\Program Files\dotnet\shared\Microsoft.NETCore.App\3.1.19\System.Security.Principal.Windows.dll</ModulePath>
      <ModuleTime>2021-08-16T20:03:50Z</ModuleTime>
      <ModuleName>System.Security.Principal.Windows</ModuleName>
      <Classes />
    </Module>
    <Module skippedDueTo="Filter" hash="C2-31-19-BE-AA-95-E1-65-7B-95-B5-A6-B8-B9-CF-0D-E8-2A-18-25">
      <ModulePath>C:\Program Files\dotnet\shared\Microsoft.NETCore.App\6.0.0-rc.1.21451.13\System.Runtime.Serialization.Primitives.dll</ModulePath>
      <ModuleTime>2021-09-13T17:34:46Z</ModuleTime>
      <ModuleName>System.Runtime.Serialization.Primitives</ModuleName>
      <Classes />
    </Module>
    <Module skippedDueTo="Filter" hash="15-C3-73-8D-DB-72-FC-A2-2F-73-80-09-2B-0D-F3-91-17-45-C8-A3">
      <ModulePath>C:\Program Files\dotnet\shared\Microsoft.NETCore.App\3.1.19\System.Security.Claims.dll</ModulePath>
      <ModuleTime>2021-08-16T20:03:50Z</ModuleTime>
      <ModuleName>System.Security.Claims</ModuleName>
      <Classes />
    </Module>
    <Module skippedDueTo="Filter" hash="0C-29-1F-C9-02-B1-C5-36-F7-B9-54-DE-C9-E6-FB-62-DD-EB-DC-DA">
      <ModulePath>C:\Program Files\dotnet\shared\Microsoft.NETCore.App\3.1.19\System.Security.Principal.dll</ModulePath>
      <ModuleTime>2021-08-16T20:03:26Z</ModuleTime>
      <ModuleName>System.Security.Principal</ModuleName>
      <Classes />
    </Module>
    <Module skippedDueTo="Filter" hash="8A-EB-C0-BC-B7-21-D9-38-05-9A-69-EF-80-32-66-E5-F9-A2-16-4E">
      <ModulePath>C:\Program Files\dotnet\shared\Microsoft.NETCore.App\6.0.0-rc.1.21451.13\System.Data.Common.dll</ModulePath>
      <ModuleTime>2021-09-13T17:34:50Z</ModuleTime>
      <ModuleName>System.Data.Common</ModuleName>
      <Classes />
    </Module>
    <Module skippedDueTo="Filter" hash="44-63-F6-E7-46-9D-BF-3D-53-48-85-E5-32-8E-4B-20-64-7A-7B-F3">
      <ModulePath>C:\Program Files\dotnet\shared\Microsoft.NETCore.App\6.0.0-rc.1.21451.13\System.Reflection.Emit.ILGeneration.dll</ModulePath>
      <ModuleTime>2021-09-13T17:34:52Z</ModuleTime>
      <ModuleName>System.Reflection.Emit.ILGeneration</ModuleName>
      <Classes />
    </Module>
    <Module skippedDueTo="Filter" hash="BD-EE-38-E9-BE-FF-BC-3C-DF-03-79-31-34-2B-B1-FB-63-B6-2C-EA">
      <ModulePath>C:\Program Files\dotnet\shared\Microsoft.NETCore.App\6.0.0-rc.1.21451.13\System.Reflection.Emit.Lightweight.dll</ModulePath>
      <ModuleTime>2021-09-13T17:34:54Z</ModuleTime>
      <ModuleName>System.Reflection.Emit.Lightweight</ModuleName>
      <Classes />
    </Module>
    <Module skippedDueTo="Filter" hash="68-38-24-7B-1D-74-90-7E-05-BF-51-7F-AC-4C-35-1B-A7-72-32-EB">
      <ModulePath>C:\Program Files\dotnet\shared\Microsoft.NETCore.App\6.0.0-rc.1.21451.13\System.Reflection.Primitives.dll</ModulePath>
      <ModuleTime>2021-09-13T17:35:44Z</ModuleTime>
      <ModuleName>System.Reflection.Primitives</ModuleName>
      <Classes />
    </Module>
    <Module skippedDueTo="MissingPdb" hash="">
      <ModulePath>RefEmit_InMemoryManifestModule</ModulePath>
      <ModuleTime>0001-01-01T00:00:00</ModuleTime>
      <ModuleName>Anonymously Hosted DynamicMethods Assembly</ModuleName>
      <Classes />
    </Module>
    <Module skippedDueTo="Filter" hash="AA-12-18-99-EF-55-42-63-C1-46-AB-6E-79-02-7D-CB-B1-A1-B5-EC">
      <ModulePath>C:\Program Files\dotnet\shared\Microsoft.NETCore.App\3.1.19\System.IO.dll</ModulePath>
      <ModuleTime>2021-08-16T20:03:38Z</ModuleTime>
      <ModuleName>System.IO</ModuleName>
      <Classes />
    </Module>
    <Module skippedDueTo="Filter" hash="81-06-E8-EE-67-3F-47-3E-31-BC-E6-F2-5C-76-02-EC-85-8B-E8-A4">
      <ModulePath>C:\Program Files\dotnet\shared\Microsoft.NETCore.App\3.1.19\System.Dynamic.Runtime.dll</ModulePath>
      <ModuleTime>2021-08-16T20:03:12Z</ModuleTime>
      <ModuleName>System.Dynamic.Runtime</ModuleName>
      <Classes />
    </Module>
    <Module skippedDueTo="Filter" hash="62-FD-95-6E-9E-C2-CF-6D-56-19-71-80-E9-70-EC-1D-2C-BF-BA-A8">
      <ModulePath>C:\Program Files\dotnet\shared\Microsoft.NETCore.App\3.1.19\System.Linq.Expressions.dll</ModulePath>
      <ModuleTime>2021-08-16T20:03:16Z</ModuleTime>
      <ModuleName>System.Linq.Expressions</ModuleName>
      <Classes />
    </Module>
    <Module skippedDueTo="Filter" hash="78-4F-06-C4-01-4B-47-CD-FC-D7-53-B0-62-CE-47-DE-FF-30-D9-D9">
      <ModulePath>C:\Program Files\dotnet\shared\Microsoft.NETCore.App\3.1.19\System.Reflection.dll</ModulePath>
      <ModuleTime>2021-08-16T20:03:14Z</ModuleTime>
      <ModuleName>System.Reflection</ModuleName>
      <Classes />
    </Module>
    <Module skippedDueTo="Filter" hash="AB-DD-5C-36-00-94-6C-E9-55-3D-9F-66-26-CF-DB-D0-4D-DE-95-3E">
      <ModulePath>C:\Program Files\dotnet\shared\Microsoft.NETCore.App\3.1.19\System.Reflection.Extensions.dll</ModulePath>
      <ModuleTime>2021-08-16T20:03:12Z</ModuleTime>
      <ModuleName>System.Reflection.Extensions</ModuleName>
      <Classes />
    </Module>
    <Module skippedDueTo="Filter" hash="F3-C3-67-42-1E-F2-7F-02-6A-62-1B-93-3E-F8-C5-BE-0C-78-E6-DE">
      <ModulePath>C:\Program Files\dotnet\shared\Microsoft.NETCore.App\3.1.19\System.Linq.dll</ModulePath>
      <ModuleTime>2021-08-16T20:03:16Z</ModuleTime>
      <ModuleName>System.Linq</ModuleName>
      <Classes />
    </Module>
    <Module skippedDueTo="Filter" hash="A8-DD-DA-DB-26-18-4E-E7-A0-D1-9E-17-5D-B1-68-4A-E2-97-EE-70">
      <ModulePath>C:\Program Files\dotnet\shared\Microsoft.NETCore.App\3.1.19\System.ObjectModel.dll</ModulePath>
      <ModuleTime>2021-08-16T20:03:08Z</ModuleTime>
      <ModuleName>System.ObjectModel</ModuleName>
      <Classes />
    </Module>
    <Module skippedDueTo="Filter" hash="BF-EA-48-43-E6-C3-D4-2D-35-3D-17-39-04-4D-78-89-46-88-FA-19">
      <ModulePath>C:\Program Files\dotnet\shared\Microsoft.NETCore.App\3.1.19\System.Xml.XDocument.dll</ModulePath>
      <ModuleTime>2021-08-16T20:03:08Z</ModuleTime>
      <ModuleName>System.Xml.XDocument</ModuleName>
      <Classes />
    </Module>
    <Module skippedDueTo="Filter" hash="95-23-BC-8F-93-BE-3B-F6-4D-BF-E9-A8-22-01-95-B9-4D-5F-C1-9F">
      <ModulePath>C:\Program Files\dotnet\shared\Microsoft.NETCore.App\3.1.19\System.Private.Xml.Linq.dll</ModulePath>
      <ModuleTime>2021-08-16T20:03:12Z</ModuleTime>
      <ModuleName>System.Private.Xml.Linq</ModuleName>
      <Classes />
    </Module>
    <Module skippedDueTo="Filter" hash="60-6E-8E-6D-C4-BD-F4-61-3B-46-81-14-5F-D3-F7-9F-D9-7B-12-48">
      <ModulePath>C:\Program Files\dotnet\shared\Microsoft.NETCore.App\3.1.19\System.Private.Xml.dll</ModulePath>
      <ModuleTime>2021-08-16T20:03:10Z</ModuleTime>
      <ModuleName>System.Private.Xml</ModuleName>
      <Classes />
    </Module>
    <Module skippedDueTo="Filter" hash="02-FE-5E-3A-93-93-5F-94-6F-76-E3-40-45-B1-03-F1-50-5A-59-CA">
      <ModulePath>C:\Program Files\dotnet\shared\Microsoft.NETCore.App\3.1.19\System.Text.RegularExpressions.dll</ModulePath>
      <ModuleTime>2021-08-16T20:03:28Z</ModuleTime>
      <ModuleName>System.Text.RegularExpressions</ModuleName>
      <Classes />
    </Module>
    <Module skippedDueTo="Filter" hash="CB-C9-FB-28-95-65-C4-53-FA-9C-EF-66-A5-9B-A7-70-4C-C2-45-69">
      <ModulePath>C:\Program Files\dotnet\shared\Microsoft.NETCore.App\3.1.19\System.Reflection.Emit.ILGeneration.dll</ModulePath>
      <ModuleTime>2021-08-16T20:03:14Z</ModuleTime>
      <ModuleName>System.Reflection.Emit.ILGeneration</ModuleName>
      <Classes />
    </Module>
    <Module skippedDueTo="Filter" hash="7C-FC-9E-31-05-00-0A-93-55-67-93-62-FC-29-2C-4E-F8-DF-D5-79">
      <ModulePath>C:\Program Files\dotnet\shared\Microsoft.NETCore.App\3.1.19\System.Reflection.Emit.Lightweight.dll</ModulePath>
      <ModuleTime>2021-08-16T20:03:14Z</ModuleTime>
      <ModuleName>System.Reflection.Emit.Lightweight</ModuleName>
      <Classes />
    </Module>
    <Module skippedDueTo="Filter" hash="8D-E8-37-A7-7E-23-D3-29-21-8A-89-AA-65-24-28-64-E1-01-16-38">
      <ModulePath>C:\Program Files\dotnet\shared\Microsoft.NETCore.App\3.1.19\System.Reflection.Primitives.dll</ModulePath>
      <ModuleTime>2021-08-16T20:03:16Z</ModuleTime>
      <ModuleName>System.Reflection.Primitives</ModuleName>
      <Classes />
    </Module>
    <Module skippedDueTo="MissingPdb" hash="">
      <ModulePath>RefEmit_InMemoryManifestModule</ModulePath>
      <ModuleTime>0001-01-01T00:00:00</ModuleTime>
      <ModuleName>Anonymously Hosted DynamicMethods Assembly</ModuleName>
      <Classes />
    </Module>
    <Module skippedDueTo="Filter" hash="03-43-EA-36-1A-03-87-25-E6-F9-0D-20-D4-1A-BC-C4-5E-CE-1C-DD">
      <ModulePath>C:\Program Files\dotnet\shared\Microsoft.NETCore.App\3.1.19\System.Collections.NonGeneric.dll</ModulePath>
      <ModuleTime>2021-08-16T20:03:38Z</ModuleTime>
      <ModuleName>System.Collections.NonGeneric</ModuleName>
      <Classes />
    </Module>
    <Module skippedDueTo="Filter" hash="77-0D-2A-F9-41-29-3A-E3-58-71-74-C0-4A-63-4F-09-04-B9-5F-A4">
      <ModulePath>C:\Program Files\dotnet\shared\Microsoft.NETCore.App\3.1.19\System.IO.FileSystem.dll</ModulePath>
      <ModuleTime>2021-08-16T20:03:14Z</ModuleTime>
      <ModuleName>System.IO.FileSystem</ModuleName>
      <Classes />
    </Module>
    <Module skippedDueTo="Filter" hash="5F-8F-B3-5F-2C-DB-B2-5F-67-98-D7-CC-A3-67-C1-DE-E9-DA-8A-D2">
      <ModulePath>C:\Program Files\dotnet\shared\Microsoft.NETCore.App\3.1.19\System.Runtime.Loader.dll</ModulePath>
      <ModuleTime>2021-08-16T20:03:20Z</ModuleTime>
      <ModuleName>System.Runtime.Loader</ModuleName>
      <Classes />
    </Module>
    <Module skippedDueTo="Filter" hash="81-48-8E-CA-A5-B9-7A-0F-00-04-D9-05-3D-F8-9B-C8-CC-66-86-A7">
      <ModulePath>C:\OpenSource\grok.net-forked\src\Grok.Net.Tests\bin\Release\netcoreapp3.1\xunit.runner.visualstudio.dotnetcore.testadapter.dll</ModulePath>
      <ModuleTime>2018-10-29T04:17:12Z</ModuleTime>
      <ModuleName>xunit.runner.visualstudio.dotnetcore.testadapter</ModuleName>
      <Classes />
    </Module>
    <Module skippedDueTo="Filter" hash="8E-2A-C1-AE-CA-89-FD-0B-92-04-26-50-B5-CB-EF-E4-D3-E8-63-10">
      <ModulePath>C:\Program Files\dotnet\shared\Microsoft.NETCore.App\3.1.19\System.IO.FileSystem.Primitives.dll</ModulePath>
      <ModuleTime>2021-08-16T20:03:14Z</ModuleTime>
      <ModuleName>System.IO.FileSystem.Primitives</ModuleName>
      <Classes />
    </Module>
    <Module skippedDueTo="Filter" hash="92-A0-D3-58-E7-34-2E-3D-A1-E7-3D-FB-27-C7-83-DE-55-A3-79-C1">
      <ModulePath>C:\OpenSource\grok.net-forked\src\Grok.Net.Tests\bin\Release\netcoreapp3.1\xunit.abstractions.dll</ModulePath>
      <ModuleTime>2018-08-25T19:54:14Z</ModuleTime>
      <ModuleName>xunit.abstractions</ModuleName>
      <Classes />
    </Module>
    <Module skippedDueTo="Filter" hash="29-D3-D9-92-54-28-91-92-36-B3-58-62-1E-ED-35-37-12-83-B8-5A">
      <ModulePath>C:\OpenSource\grok.net-forked\src\Grok.Net.Tests\bin\Release\netcoreapp3.1\xunit.runner.utility.netcoreapp10.dll</ModulePath>
      <ModuleTime>2018-10-29T04:17:14Z</ModuleTime>
      <ModuleName>xunit.runner.utility.netcoreapp10</ModuleName>
      <Classes />
    </Module>
    <Module skippedDueTo="Filter" hash="D2-67-89-C3-D0-68-D5-29-EB-8E-D3-3D-52-81-93-2A-78-36-06-C9">
      <ModulePath>C:\Program Files\dotnet\shared\Microsoft.NETCore.App\3.1.19\System.Xml.ReaderWriter.dll</ModulePath>
      <ModuleTime>2021-08-16T20:03:10Z</ModuleTime>
      <ModuleName>System.Xml.ReaderWriter</ModuleName>
      <Classes />
    </Module>
    <Module skippedDueTo="Filter" hash="2E-2A-BB-FC-BD-66-F9-51-13-15-A1-86-67-20-F6-E3-F5-81-CE-25">
      <ModulePath>C:\Program Files\dotnet\shared\Microsoft.NETCore.App\3.1.19\System.Threading.Thread.dll</ModulePath>
      <ModuleTime>2021-08-16T20:03:12Z</ModuleTime>
      <ModuleName>System.Threading.Thread</ModuleName>
      <Classes />
    </Module>
    <Module skippedDueTo="Filter" hash="8A-BF-8A-BC-EF-CC-15-52-D5-D3-F7-22-1E-6A-CE-A1-44-3D-79-C0">
      <ModulePath>C:\Program Files\dotnet\shared\Microsoft.NETCore.App\3.1.19\System.Security.Cryptography.Algorithms.dll</ModulePath>
      <ModuleTime>2021-08-16T20:03:24Z</ModuleTime>
      <ModuleName>System.Security.Cryptography.Algorithms</ModuleName>
      <Classes />
    </Module>
    <Module skippedDueTo="Filter" hash="D5-F4-FA-F0-76-37-DD-C6-94-2A-9B-81-31-E3-34-00-0C-92-65-FF">
      <ModulePath>C:\Program Files\dotnet\shared\Microsoft.NETCore.App\3.1.19\System.Threading.Timer.dll</ModulePath>
      <ModuleTime>2021-08-16T20:03:10Z</ModuleTime>
      <ModuleName>System.Threading.Timer</ModuleName>
      <Classes />
    </Module>
    <Module skippedDueTo="Filter" hash="F0-AD-8E-9B-C1-5B-BF-40-C5-13-4B-45-B6-37-02-27-19-69-88-8C">
      <ModulePath>C:\Program Files\dotnet\shared\Microsoft.NETCore.App\3.1.19\System.Resources.ResourceManager.dll</ModulePath>
      <ModuleTime>2021-08-16T20:03:18Z</ModuleTime>
      <ModuleName>System.Resources.ResourceManager</ModuleName>
      <Classes />
    </Module>
    <Module skippedDueTo="Filter" hash="5A-5E-B7-9E-EE-88-D0-72-19-05-6B-F1-49-94-E9-0E-6E-CC-25-7E">
      <ModulePath>C:\Program Files\dotnet\shared\Microsoft.NETCore.App\3.1.19\System.Runtime.InteropServices.RuntimeInformation.dll</ModulePath>
      <ModuleTime>2021-08-16T20:03:16Z</ModuleTime>
      <ModuleName>System.Runtime.InteropServices.RuntimeInformation</ModuleName>
      <Classes />
    </Module>
    <Module skippedDueTo="MissingPdb" hash="C1-E6-95-46-6B-22-AB-AD-8C-29-08-C6-4F-A8-BC-C8-E3-D9-B3-83">
      <ModulePath>C:\OpenSource\grok.net-forked\src\Grok.Net.Tests\bin\Release\netcoreapp3.1\NuGet.Frameworks.dll</ModulePath>
      <ModuleTime>2019-04-01T18:23:50Z</ModuleTime>
      <ModuleName>NuGet.Frameworks</ModuleName>
      <Classes />
    </Module>
    <Module skippedDueTo="Filter" hash="E9-8B-1B-63-3E-EA-12-B9-00-8B-13-53-DA-67-53-74-6D-21-4F-BB">
      <ModulePath>C:\Program Files\dotnet\shared\Microsoft.NETCore.App\3.1.19\System.Reflection.Metadata.dll</ModulePath>
      <ModuleTime>2021-08-16T20:03:14Z</ModuleTime>
      <ModuleName>System.Reflection.Metadata</ModuleName>
      <Classes />
    </Module>
    <Module skippedDueTo="Filter" hash="01-A8-3D-ED-C0-B9-AB-A6-52-D6-97-B3-98-28-C7-17-B1-9F-44-37">
      <ModulePath>C:\Program Files\dotnet\shared\Microsoft.NETCore.App\3.1.19\System.Collections.Immutable.dll</ModulePath>
      <ModuleTime>2021-08-16T20:03:10Z</ModuleTime>
      <ModuleName>System.Collections.Immutable</ModuleName>
      <Classes />
    </Module>
    <Module skippedDueTo="Filter" hash="08-88-83-26-5C-0C-37-9E-DE-DB-99-4B-D3-7A-37-42-D2-12-9D-5A">
      <ModulePath>C:\Program Files\dotnet\shared\Microsoft.NETCore.App\3.1.19\System.Text.Encoding.Extensions.dll</ModulePath>
      <ModuleTime>2021-08-16T20:03:30Z</ModuleTime>
      <ModuleName>System.Text.Encoding.Extensions</ModuleName>
      <Classes />
    </Module>
    <Module skippedDueTo="Filter" hash="D3-9A-41-91-FB-56-E6-1D-36-8B-B6-EF-93-8B-E8-F0-90-67-76-69">
      <ModulePath>C:\Program Files\dotnet\shared\Microsoft.NETCore.App\3.1.19\System.Console.dll</ModulePath>
      <ModuleTime>2021-08-16T20:03:10Z</ModuleTime>
      <ModuleName>System.Console</ModuleName>
      <Classes />
    </Module>
    <Module skippedDueTo="Filter" hash="F7-48-B2-BD-CF-9C-24-B5-DB-A8-87-D4-45-C2-18-61-B8-6D-83-F4">
      <ModulePath>C:\Program Files\dotnet\shared\Microsoft.NETCore.App\3.1.19\System.AppContext.dll</ModulePath>
      <ModuleTime>2021-08-16T20:03:36Z</ModuleTime>
      <ModuleName>System.AppContext</ModuleName>
      <Classes />
    </Module>
    <Module skippedDueTo="Filter" hash="20-A6-B0-12-97-38-11-FC-BB-DC-12-DB-00-09-B9-66-04-E3-F0-57">
      <ModulePath>C:\Program Files\dotnet\shared\Microsoft.NETCore.App\3.1.19\System.Text.Encoding.dll</ModulePath>
      <ModuleTime>2021-08-16T20:03:26Z</ModuleTime>
      <ModuleName>System.Text.Encoding</ModuleName>
      <Classes />
    </Module>
    <Module skippedDueTo="Filter" hash="75-35-DE-FE-E9-8F-97-43-80-B5-16-92-08-97-7C-E1-28-DC-9A-3F">
      <ModulePath>C:\Program Files\dotnet\shared\Microsoft.NETCore.App\3.1.19\System.Buffers.dll</ModulePath>
      <ModuleTime>2021-08-16T20:03:38Z</ModuleTime>
      <ModuleName>System.Buffers</ModuleName>
      <Classes />
    </Module>
    <Module hash="97-16-BD-CE-46-D9-87-91-CC-A0-6D-98-35-E6-59-2B-F3-B1-CC-DD">
      <Summary numSequencePoints="73" visitedSequencePoints="68" numBranchPoints="13" visitedBranchPoints="11" sequenceCoverage="93.15" branchCoverage="84.62" maxCyclomaticComplexity="1" minCyclomaticComplexity="1" maxCrapScore="2" minCrapScore="1" visitedClasses="1" numClasses="3" visitedMethods="11" numMethods="13" />
      <ModulePath>C:\OpenSource\grok.net-forked\src\Grok.Net.Tests\bin\Release\netcoreapp3.1\Grok.Net.Tests.dll</ModulePath>
      <ModuleTime>2021-10-13T18:24:28.3904542Z</ModuleTime>
      <ModuleName>Grok.Net.Tests</ModuleName>
      <Files>
        <File uid="1" fullPath="C:\Users\Aditya Nair\.nuget\packages\microsoft.net.test.sdk\16.5.0\build\netcoreapp2.1\Microsoft.NET.Test.Sdk.Program.cs" />
        <File uid="2" fullPath="C:\OpenSource\grok.net-forked\src\Grok.Net.Tests\UnitTests.cs" />
      </Files>
      <Classes>
        <Class>
          <Summary numSequencePoints="0" visitedSequencePoints="0" numBranchPoints="0" visitedBranchPoints="0" sequenceCoverage="0" branchCoverage="0" maxCyclomaticComplexity="0" minCyclomaticComplexity="0" maxCrapScore="0" minCrapScore="0" visitedClasses="0" numClasses="0" visitedMethods="0" numMethods="0" />
          <FullName>&lt;Module&gt;</FullName>
          <Methods />
        </Class>
        <Class>
          <Summary numSequencePoints="1" visitedSequencePoints="0" numBranchPoints="1" visitedBranchPoints="0" sequenceCoverage="0" branchCoverage="0" maxCyclomaticComplexity="1" minCyclomaticComplexity="1" maxCrapScore="2" minCrapScore="2" visitedClasses="0" numClasses="1" visitedMethods="0" numMethods="1" />
          <FullName>AutoGeneratedProgram</FullName>
          <Methods>
            <Method visited="false" cyclomaticComplexity="1" nPathComplexity="0" sequenceCoverage="0" branchCoverage="0" crapScore="2" isConstructor="false" isStatic="true" isGetter="false" isSetter="false">
              <Summary numSequencePoints="1" visitedSequencePoints="0" numBranchPoints="1" visitedBranchPoints="0" sequenceCoverage="0" branchCoverage="0" maxCyclomaticComplexity="1" minCyclomaticComplexity="1" maxCrapScore="2" minCrapScore="2" visitedClasses="0" numClasses="0" visitedMethods="0" numMethods="1" />
              <MetadataToken>100663297</MetadataToken>
              <Name>System.Void AutoGeneratedProgram::Main(System.String[])</Name>
              <FileRef uid="1" />
              <SequencePoints>
                <SequencePoint vc="0" uspid="1" ordinal="0" offset="0" sl="4" sc="61" el="4" ec="62" bec="0" bev="0" fileid="1" />
              </SequencePoints>
              <BranchPoints />
              <MethodPoint xsi:type="SequencePoint" vc="0" uspid="1" ordinal="0" offset="0" sl="4" sc="61" el="4" ec="62" bec="0" bev="0" fileid="1" />
            </Method>
            <Method visited="false" cyclomaticComplexity="1" nPathComplexity="0" sequenceCoverage="0" branchCoverage="0" crapScore="2" isConstructor="true" isStatic="false" isGetter="false" isSetter="false">
              <Summary numSequencePoints="0" visitedSequencePoints="0" numBranchPoints="0" visitedBranchPoints="0" sequenceCoverage="0" branchCoverage="0" maxCyclomaticComplexity="1" minCyclomaticComplexity="1" maxCrapScore="2" minCrapScore="2" visitedClasses="0" numClasses="0" visitedMethods="0" numMethods="0" />
              <MetadataToken>100663298</MetadataToken>
              <Name>System.Void AutoGeneratedProgram::.ctor()</Name>
              <SequencePoints />
              <BranchPoints />
              <MethodPoint vc="0" uspid="2" ordinal="0" offset="0" />
            </Method>
          </Methods>
        </Class>
        <Class>
          <Summary numSequencePoints="71" visitedSequencePoints="68" numBranchPoints="11" visitedBranchPoints="11" sequenceCoverage="95.77" branchCoverage="100" maxCyclomaticComplexity="1" minCyclomaticComplexity="1" maxCrapScore="2" minCrapScore="1" visitedClasses="1" numClasses="1" visitedMethods="11" numMethods="11" />
          <FullName>GrokNetTests.UnitTests</FullName>
          <Methods>
            <Method visited="true" cyclomaticComplexity="1" nPathComplexity="0" sequenceCoverage="100" branchCoverage="100" crapScore="1" isConstructor="false" isStatic="false" isGetter="false" isSetter="false">
              <Summary numSequencePoints="5" visitedSequencePoints="5" numBranchPoints="1" visitedBranchPoints="1" sequenceCoverage="100" branchCoverage="100" maxCyclomaticComplexity="1" minCyclomaticComplexity="1" maxCrapScore="1" minCrapScore="1" visitedClasses="0" numClasses="0" visitedMethods="1" numMethods="1" />
              <MetadataToken>100663299</MetadataToken>
              <Name>System.Void GrokNetTests.UnitTests::Parse_Empty_Logs_Not_Throws()</Name>
              <FileRef uid="2" />
              <SequencePoints>
                <SequencePoint vc="1" uspid="3" ordinal="0" offset="0" sl="14" sc="13" el="14" ec="45" bec="0" bev="0" fileid="2" />
                <SequencePoint vc="1" uspid="4" ordinal="1" offset="11" sl="17" sc="13" el="17" ec="53" bec="0" bev="0" fileid="2" />
                <SequencePoint vc="1" uspid="5" ordinal="2" offset="23" sl="20" sc="13" el="20" ec="40" bec="0" bev="0" fileid="2" />
                <SequencePoint vc="1" uspid="6" ordinal="3" offset="29" sl="21" sc="13" el="21" ec="38" bec="0" bev="0" fileid="2" />
                <SequencePoint vc="1" uspid="7" ordinal="4" offset="35" sl="22" sc="9" el="22" ec="10" bec="0" bev="0" fileid="2" />
              </SequencePoints>
              <BranchPoints />
              <MethodPoint xsi:type="SequencePoint" vc="1" uspid="3" ordinal="0" offset="0" sl="14" sc="13" el="14" ec="45" bec="0" bev="0" fileid="2" />
            </Method>
            <Method visited="true" cyclomaticComplexity="1" nPathComplexity="0" sequenceCoverage="100" branchCoverage="100" crapScore="1" isConstructor="false" isStatic="false" isGetter="false" isSetter="false">
              <Summary numSequencePoints="5" visitedSequencePoints="5" numBranchPoints="1" visitedBranchPoints="1" sequenceCoverage="100" branchCoverage="100" maxCyclomaticComplexity="1" minCyclomaticComplexity="1" maxCrapScore="1" minCrapScore="1" visitedClasses="0" numClasses="0" visitedMethods="1" numMethods="1" />
              <MetadataToken>100663300</MetadataToken>
              <Name>System.Void GrokNetTests.UnitTests::Expected_Elements_Count()</Name>
              <FileRef uid="2" />
              <SequencePoints>
                <SequencePoint vc="1" uspid="8" ordinal="0" offset="0" sl="31" sc="13" el="31" ec="45" bec="0" bev="0" fileid="2" />
                <SequencePoint vc="1" uspid="9" ordinal="1" offset="11" sl="34" sc="13" el="34" ec="53" bec="0" bev="0" fileid="2" />
                <SequencePoint vc="1" uspid="10" ordinal="2" offset="23" sl="37" sc="13" el="37" ec="40" bec="0" bev="0" fileid="2" />
                <SequencePoint vc="1" uspid="11" ordinal="3" offset="29" sl="38" sc="13" el="38" ec="48" bec="0" bev="0" fileid="2" />
                <SequencePoint vc="1" uspid="12" ordinal="4" offset="42" sl="39" sc="9" el="39" ec="10" bec="0" bev="0" fileid="2" />
              </SequencePoints>
              <BranchPoints />
              <MethodPoint xsi:type="SequencePoint" vc="1" uspid="8" ordinal="0" offset="0" sl="31" sc="13" el="31" ec="45" bec="0" bev="0" fileid="2" />
            </Method>
            <Method visited="true" cyclomaticComplexity="1" nPathComplexity="0" sequenceCoverage="100" branchCoverage="100" crapScore="1" isConstructor="false" isStatic="false" isGetter="false" isSetter="false">
              <Summary numSequencePoints="15" visitedSequencePoints="15" numBranchPoints="1" visitedBranchPoints="1" sequenceCoverage="100" branchCoverage="100" maxCyclomaticComplexity="1" minCyclomaticComplexity="1" maxCrapScore="1" minCrapScore="1" visitedClasses="0" numClasses="0" visitedMethods="1" numMethods="1" />
              <MetadataToken>100663301</MetadataToken>
              <Name>System.Void GrokNetTests.UnitTests::Parse_MonthDay_Pattern()</Name>
              <FileRef uid="2" />
              <SequencePoints>
                <SequencePoint vc="1" uspid="13" ordinal="0" offset="0" sl="50" sc="13" el="50" ec="167" bec="0" bev="0" fileid="2" />
                <SequencePoint vc="1" uspid="14" ordinal="1" offset="11" sl="53" sc="13" el="53" ec="53" bec="0" bev="0" fileid="2" />
                <SequencePoint vc="1" uspid="15" ordinal="2" offset="23" sl="56" sc="13" el="56" ec="54" bec="0" bev="0" fileid="2" />
                <SequencePoint vc="1" uspid="16" ordinal="3" offset="45" sl="57" sc="13" el="57" ec="54" bec="0" bev="0" fileid="2" />
                <SequencePoint vc="1" uspid="17" ordinal="4" offset="67" sl="58" sc="13" el="58" ec="52" bec="0" bev="0" fileid="2" />
                <SequencePoint vc="1" uspid="18" ordinal="5" offset="89" sl="59" sc="13" el="59" ec="52" bec="0" bev="0" fileid="2" />
                <SequencePoint vc="1" uspid="19" ordinal="6" offset="111" sl="60" sc="13" el="60" ec="53" bec="0" bev="0" fileid="2" />
                <SequencePoint vc="1" uspid="20" ordinal="7" offset="133" sl="61" sc="13" el="61" ec="53" bec="0" bev="0" fileid="2" />
                <SequencePoint vc="1" uspid="21" ordinal="8" offset="155" sl="62" sc="13" el="62" ec="54" bec="0" bev="0" fileid="2" />
                <SequencePoint vc="1" uspid="22" ordinal="9" offset="177" sl="63" sc="13" el="63" ec="54" bec="0" bev="0" fileid="2" />
                <SequencePoint vc="1" uspid="23" ordinal="10" offset="199" sl="64" sc="13" el="64" ec="52" bec="0" bev="0" fileid="2" />
                <SequencePoint vc="1" uspid="24" ordinal="11" offset="222" sl="65" sc="13" el="65" ec="52" bec="0" bev="0" fileid="2" />
                <SequencePoint vc="1" uspid="25" ordinal="12" offset="245" sl="66" sc="13" el="66" ec="54" bec="0" bev="0" fileid="2" />
                <SequencePoint vc="1" uspid="26" ordinal="13" offset="268" sl="67" sc="13" el="67" ec="54" bec="0" bev="0" fileid="2" />
                <SequencePoint vc="1" uspid="27" ordinal="14" offset="291" sl="68" sc="9" el="68" ec="10" bec="0" bev="0" fileid="2" />
              </SequencePoints>
              <BranchPoints />
              <MethodPoint xsi:type="SequencePoint" vc="1" uspid="13" ordinal="0" offset="0" sl="50" sc="13" el="50" ec="167" bec="0" bev="0" fileid="2" />
            </Method>
            <Method visited="true" cyclomaticComplexity="1" nPathComplexity="0" sequenceCoverage="100" branchCoverage="100" crapScore="1" isConstructor="false" isStatic="false" isGetter="false" isSetter="false">
              <Summary numSequencePoints="5" visitedSequencePoints="5" numBranchPoints="1" visitedBranchPoints="1" sequenceCoverage="100" branchCoverage="100" maxCyclomaticComplexity="1" minCyclomaticComplexity="1" maxCrapScore="1" minCrapScore="1" visitedClasses="0" numClasses="0" visitedMethods="1" numMethods="1" />
              <MetadataToken>100663302</MetadataToken>
              <Name>System.Void GrokNetTests.UnitTests::Parse_Time_Pattern()</Name>
              <FileRef uid="2" />
              <SequencePoints>
                <SequencePoint vc="1" uspid="28" ordinal="0" offset="0" sl="76" sc="13" el="76" ec="167" bec="0" bev="0" fileid="2" />
                <SequencePoint vc="1" uspid="29" ordinal="1" offset="11" sl="79" sc="13" el="79" ec="53" bec="0" bev="0" fileid="2" />
                <SequencePoint vc="1" uspid="30" ordinal="2" offset="23" sl="82" sc="13" el="82" ec="66" bec="0" bev="0" fileid="2" />
                <SequencePoint vc="1" uspid="31" ordinal="3" offset="45" sl="83" sc="13" el="83" ec="67" bec="0" bev="0" fileid="2" />
                <SequencePoint vc="1" uspid="32" ordinal="4" offset="68" sl="84" sc="9" el="84" ec="10" bec="0" bev="0" fileid="2" />
              </SequencePoints>
              <BranchPoints />
              <MethodPoint xsi:type="SequencePoint" vc="1" uspid="28" ordinal="0" offset="0" sl="76" sc="13" el="76" ec="167" bec="0" bev="0" fileid="2" />
            </Method>
            <Method visited="true" cyclomaticComplexity="1" nPathComplexity="0" sequenceCoverage="100" branchCoverage="100" crapScore="1" isConstructor="false" isStatic="false" isGetter="false" isSetter="false">
              <Summary numSequencePoints="7" visitedSequencePoints="7" numBranchPoints="1" visitedBranchPoints="1" sequenceCoverage="100" branchCoverage="100" maxCyclomaticComplexity="1" minCyclomaticComplexity="1" maxCrapScore="1" minCrapScore="1" visitedClasses="0" numClasses="0" visitedMethods="1" numMethods="1" />
              <MetadataToken>100663303</MetadataToken>
              <Name>System.Void GrokNetTests.UnitTests::Parse_Email_Pattern()</Name>
              <FileRef uid="2" />
              <SequencePoints>
                <SequencePoint vc="1" uspid="33" ordinal="0" offset="0" sl="92" sc="13" el="92" ec="79" bec="0" bev="0" fileid="2" />
                <SequencePoint vc="1" uspid="34" ordinal="1" offset="11" sl="95" sc="13" el="95" ec="76" bec="0" bev="0" fileid="2" />
                <SequencePoint vc="1" uspid="35" ordinal="2" offset="23" sl="98" sc="13" el="98" ec="61" bec="0" bev="0" fileid="2" />
                <SequencePoint vc="1" uspid="36" ordinal="3" offset="45" sl="99" sc="13" el="99" ec="56" bec="0" bev="0" fileid="2" />
                <SequencePoint vc="1" uspid="37" ordinal="4" offset="67" sl="100" sc="13" el="100" ec="54" bec="0" bev="0" fileid="2" />
                <SequencePoint vc="1" uspid="38" ordinal="5" offset="89" sl="101" sc="13" el="101" ec="56" bec="0" bev="0" fileid="2" />
                <SequencePoint vc="1" uspid="39" ordinal="6" offset="111" sl="102" sc="9" el="102" ec="10" bec="0" bev="0" fileid="2" />
              </SequencePoints>
              <BranchPoints />
              <MethodPoint xsi:type="SequencePoint" vc="1" uspid="33" ordinal="0" offset="0" sl="92" sc="13" el="92" ec="79" bec="0" bev="0" fileid="2" />
            </Method>
            <Method visited="true" cyclomaticComplexity="1" nPathComplexity="0" sequenceCoverage="100" branchCoverage="100" crapScore="1" isConstructor="false" isStatic="false" isGetter="false" isSetter="false">
              <Summary numSequencePoints="5" visitedSequencePoints="5" numBranchPoints="1" visitedBranchPoints="1" sequenceCoverage="100" branchCoverage="100" maxCyclomaticComplexity="1" minCyclomaticComplexity="1" maxCrapScore="1" minCrapScore="1" visitedClasses="0" numClasses="0" visitedMethods="1" numMethods="1" />
              <MetadataToken>100663304</MetadataToken>
              <Name>System.Void GrokNetTests.UnitTests::Parse_IPv4_Pattern()</Name>
              <FileRef uid="2" />
              <SequencePoints>
                <SequencePoint vc="1" uspid="40" ordinal="0" offset="0" sl="110" sc="13" el="110" ec="68" bec="0" bev="0" fileid="2" />
                <SequencePoint vc="1" uspid="41" ordinal="1" offset="11" sl="113" sc="13" el="113" ec="73" bec="0" bev="0" fileid="2" />
                <SequencePoint vc="1" uspid="42" ordinal="2" offset="23" sl="116" sc="13" el="116" ec="58" bec="0" bev="0" fileid="2" />
                <SequencePoint vc="1" uspid="43" ordinal="3" offset="45" sl="117" sc="13" el="117" ec="56" bec="0" bev="0" fileid="2" />
                <SequencePoint vc="1" uspid="44" ordinal="4" offset="67" sl="118" sc="9" el="118" ec="10" bec="0" bev="0" fileid="2" />
              </SequencePoints>
              <BranchPoints />
              <MethodPoint xsi:type="SequencePoint" vc="1" uspid="40" ordinal="0" offset="0" sl="110" sc="13" el="110" ec="68" bec="0" bev="0" fileid="2" />
            </Method>
            <Method visited="true" cyclomaticComplexity="1" nPathComplexity="0" sequenceCoverage="100" branchCoverage="100" crapScore="1" isConstructor="false" isStatic="false" isGetter="false" isSetter="false">
              <Summary numSequencePoints="5" visitedSequencePoints="5" numBranchPoints="1" visitedBranchPoints="1" sequenceCoverage="100" branchCoverage="100" maxCyclomaticComplexity="1" minCyclomaticComplexity="1" maxCrapScore="1" minCrapScore="1" visitedClasses="0" numClasses="0" visitedMethods="1" numMethods="1" />
              <MetadataToken>100663305</MetadataToken>
              <Name>System.Void GrokNetTests.UnitTests::Parse_IPv6_Pattern(System.String)</Name>
              <FileRef uid="2" />
              <SequencePoints>
                <SequencePoint vc="5" uspid="45" ordinal="0" offset="0" sl="130" sc="13" el="130" ec="68" bec="0" bev="0" fileid="2" />
                <SequencePoint vc="5" uspid="46" ordinal="1" offset="11" sl="133" sc="13" el="133" ec="73" bec="0" bev="0" fileid="2" />
                <SequencePoint vc="5" uspid="47" ordinal="2" offset="29" sl="136" sc="13" el="136" ec="58" bec="0" bev="0" fileid="2" />
                <SequencePoint vc="5" uspid="48" ordinal="3" offset="47" sl="137" sc="13" el="137" ec="56" bec="0" bev="0" fileid="2" />
                <SequencePoint vc="5" uspid="49" ordinal="4" offset="69" sl="138" sc="9" el="138" ec="10" bec="0" bev="0" fileid="2" />
              </SequencePoints>
              <BranchPoints />
              <MethodPoint xsi:type="SequencePoint" vc="5" uspid="45" ordinal="0" offset="0" sl="130" sc="13" el="130" ec="68" bec="0" bev="0" fileid="2" />
            </Method>
            <Method visited="true" cyclomaticComplexity="1" nPathComplexity="0" sequenceCoverage="100" branchCoverage="100" crapScore="1" isConstructor="false" isStatic="false" isGetter="false" isSetter="false">
              <Summary numSequencePoints="5" visitedSequencePoints="5" numBranchPoints="1" visitedBranchPoints="1" sequenceCoverage="100" branchCoverage="100" maxCyclomaticComplexity="1" minCyclomaticComplexity="1" maxCrapScore="1" minCrapScore="1" visitedClasses="0" numClasses="0" visitedMethods="1" numMethods="1" />
              <MetadataToken>100663306</MetadataToken>
              <Name>System.Void GrokNetTests.UnitTests::Parse_Hostname_Pattern(System.String)</Name>
              <FileRef uid="2" />
              <SequencePoints>
                <SequencePoint vc="2" uspid="50" ordinal="0" offset="0" sl="147" sc="13" el="147" ec="70" bec="0" bev="0" fileid="2" />
                <SequencePoint vc="2" uspid="51" ordinal="1" offset="11" sl="150" sc="13" el="150" ec="74" bec="0" bev="0" fileid="2" />
                <SequencePoint vc="2" uspid="52" ordinal="2" offset="29" sl="153" sc="13" el="153" ec="57" bec="0" bev="0" fileid="2" />
                <SequencePoint vc="2" uspid="53" ordinal="3" offset="47" sl="154" sc="13" el="154" ec="58" bec="0" bev="0" fileid="2" />
                <SequencePoint vc="2" uspid="54" ordinal="4" offset="69" sl="155" sc="9" el="155" ec="10" bec="0" bev="0" fileid="2" />
              </SequencePoints>
              <BranchPoints />
              <MethodPoint xsi:type="SequencePoint" vc="2" uspid="50" ordinal="0" offset="0" sl="147" sc="13" el="147" ec="70" bec="0" bev="0" fileid="2" />
            </Method>
            <Method visited="true" cyclomaticComplexity="1" nPathComplexity="0" sequenceCoverage="100" branchCoverage="100" crapScore="1" isConstructor="false" isStatic="false" isGetter="false" isSetter="false">
              <Summary numSequencePoints="5" visitedSequencePoints="5" numBranchPoints="1" visitedBranchPoints="1" sequenceCoverage="100" branchCoverage="100" maxCyclomaticComplexity="1" minCyclomaticComplexity="1" maxCrapScore="1" minCrapScore="1" visitedClasses="0" numClasses="0" visitedMethods="1" numMethods="1" />
              <MetadataToken>100663307</MetadataToken>
              <Name>System.Void GrokNetTests.UnitTests::Parse_Mac_Pattern(System.String)</Name>
              <FileRef uid="2" />
              <SequencePoints>
                <SequencePoint vc="3" uspid="55" ordinal="0" offset="0" sl="165" sc="13" el="165" ec="64" bec="0" bev="0" fileid="2" />
                <SequencePoint vc="3" uspid="56" ordinal="1" offset="11" sl="168" sc="13" el="168" ec="76" bec="0" bev="0" fileid="2" />
                <SequencePoint vc="3" uspid="57" ordinal="2" offset="29" sl="171" sc="13" el="171" ec="59" bec="0" bev="0" fileid="2" />
                <SequencePoint vc="3" uspid="58" ordinal="3" offset="47" sl="172" sc="13" el="172" ec="58" bec="0" bev="0" fileid="2" />
                <SequencePoint vc="3" uspid="59" ordinal="4" offset="69" sl="173" sc="9" el="173" ec="10" bec="0" bev="0" fileid="2" />
              </SequencePoints>
              <BranchPoints />
              <MethodPoint xsi:type="SequencePoint" vc="3" uspid="55" ordinal="0" offset="0" sl="165" sc="13" el="165" ec="64" bec="0" bev="0" fileid="2" />
            </Method>
            <Method visited="true" cyclomaticComplexity="1" nPathComplexity="0" sequenceCoverage="100" branchCoverage="100" crapScore="1" isConstructor="false" isStatic="false" isGetter="false" isSetter="false">
              <Summary numSequencePoints="5" visitedSequencePoints="5" numBranchPoints="1" visitedBranchPoints="1" sequenceCoverage="100" branchCoverage="100" maxCyclomaticComplexity="1" minCyclomaticComplexity="1" maxCrapScore="1" minCrapScore="1" visitedClasses="0" numClasses="0" visitedMethods="1" numMethods="1" />
              <MetadataToken>100663308</MetadataToken>
              <Name>System.Void GrokNetTests.UnitTests::LoadCustomPatterns(System.String)</Name>
              <FileRef uid="2" />
              <SequencePoints>
                <SequencePoint vc="3" uspid="60" ordinal="0" offset="0" sl="183" sc="13" el="183" ec="76" bec="0" bev="0" fileid="2" />
                <SequencePoint vc="3" uspid="61" ordinal="1" offset="11" sl="186" sc="13" el="186" ec="62" bec="0" bev="0" fileid="2" />
                <SequencePoint vc="3" uspid="62" ordinal="2" offset="29" sl="189" sc="13" el="189" ec="56" bec="0" bev="0" fileid="2" />
                <SequencePoint vc="3" uspid="63" ordinal="3" offset="47" sl="190" sc="13" el="190" ec="54" bec="0" bev="0" fileid="2" />
                <SequencePoint vc="3" uspid="64" ordinal="4" offset="69" sl="191" sc="9" el="191" ec="10" bec="0" bev="0" fileid="2" />
              </SequencePoints>
              <BranchPoints />
              <MethodPoint xsi:type="SequencePoint" vc="3" uspid="60" ordinal="0" offset="0" sl="183" sc="13" el="183" ec="76" bec="0" bev="0" fileid="2" />
            </Method>
            <Method visited="true" cyclomaticComplexity="1" nPathComplexity="0" sequenceCoverage="66.67" branchCoverage="100" crapScore="1.04" isConstructor="false" isStatic="false" isGetter="false" isSetter="false">
              <Summary numSequencePoints="9" visitedSequencePoints="6" numBranchPoints="1" visitedBranchPoints="1" sequenceCoverage="66.67" branchCoverage="100" maxCyclomaticComplexity="1" minCyclomaticComplexity="1" maxCrapScore="1.04" minCrapScore="1.04" visitedClasses="0" numClasses="0" visitedMethods="1" numMethods="1" />
              <MetadataToken>100663309</MetadataToken>
              <Name>System.Void GrokNetTests.UnitTests::LoadWrongCustomPatterns()</Name>
              <FileRef uid="2" />
              <SequencePoints>
                <SequencePoint vc="1" uspid="65" ordinal="0" offset="6" sl="200" sc="13" el="200" ec="85" bec="0" bev="0" fileid="2" />
                <SequencePoint vc="1" uspid="66" ordinal="1" offset="22" sl="205" sc="17" el="205" ec="68" bec="0" bev="0" fileid="2" />
                <SequencePoint vc="1" uspid="67" ordinal="2" offset="39" sl="208" sc="17" el="208" ec="55" bec="0" bev="0" fileid="2" />
                <SequencePoint vc="1" uspid="68" ordinal="3" offset="61" sl="209" sc="17" el="209" ec="55" bec="0" bev="0" fileid="2" />
                <SequencePoint vc="1" uspid="69" ordinal="4" offset="83" sl="210" sc="13" el="210" ec="14" bec="0" bev="0" fileid="2" />
                <SequencePoint vc="0" uspid="70" ordinal="5" offset="85" sl="211" sc="13" el="211" ec="18" bec="0" bev="0" fileid="2" />
                <SequencePoint vc="0" uspid="71" ordinal="6" offset="86" sl="214" sc="17" el="214" ec="96" bec="0" bev="0" fileid="2" />
                <SequencePoint vc="0" uspid="72" ordinal="7" offset="104" sl="215" sc="13" el="215" ec="14" bec="0" bev="0" fileid="2" />
                <SequencePoint vc="1" uspid="73" ordinal="8" offset="106" sl="216" sc="9" el="216" ec="10" bec="0" bev="0" fileid="2" />
              </SequencePoints>
              <BranchPoints />
              <MethodPoint vc="1" uspid="74" ordinal="0" offset="0" />
            </Method>
            <Method visited="false" cyclomaticComplexity="1" nPathComplexity="0" sequenceCoverage="0" branchCoverage="0" crapScore="2" isConstructor="true" isStatic="false" isGetter="false" isSetter="false">
              <Summary numSequencePoints="0" visitedSequencePoints="0" numBranchPoints="0" visitedBranchPoints="0" sequenceCoverage="0" branchCoverage="0" maxCyclomaticComplexity="1" minCyclomaticComplexity="1" maxCrapScore="2" minCrapScore="2" visitedClasses="0" numClasses="0" visitedMethods="0" numMethods="0" />
              <MetadataToken>100663310</MetadataToken>
              <Name>System.Void GrokNetTests.UnitTests::.ctor()</Name>
              <SequencePoints />
              <BranchPoints />
              <MethodPoint vc="0" uspid="75" ordinal="0" offset="0" />
            </Method>
          </Methods>
        </Class>
        <Class>
          <Summary numSequencePoints="1" visitedSequencePoints="0" numBranchPoints="1" visitedBranchPoints="0" sequenceCoverage="0" branchCoverage="0" maxCyclomaticComplexity="1" minCyclomaticComplexity="1" maxCrapScore="2" minCrapScore="2" visitedClasses="0" numClasses="1" visitedMethods="0" numMethods="1" />
          <FullName>GrokNetTests.UnitTests/&lt;&gt;c__DisplayClass10_0</FullName>
          <Methods>
            <Method visited="false" cyclomaticComplexity="1" nPathComplexity="0" sequenceCoverage="0" branchCoverage="0" crapScore="2" isConstructor="true" isStatic="false" isGetter="false" isSetter="false">
              <Summary numSequencePoints="0" visitedSequencePoints="0" numBranchPoints="0" visitedBranchPoints="0" sequenceCoverage="0" branchCoverage="0" maxCyclomaticComplexity="1" minCyclomaticComplexity="1" maxCrapScore="2" minCrapScore="2" visitedClasses="0" numClasses="0" visitedMethods="0" numMethods="0" />
              <MetadataToken>100663311</MetadataToken>
              <Name>System.Void GrokNetTests.UnitTests/&lt;&gt;c__DisplayClass10_0::.ctor()</Name>
              <SequencePoints />
              <BranchPoints />
              <MethodPoint vc="0" uspid="76" ordinal="0" offset="0" />
            </Method>
            <Method visited="false" cyclomaticComplexity="1" nPathComplexity="0" sequenceCoverage="0" branchCoverage="0" crapScore="2" isConstructor="false" isStatic="false" isGetter="false" isSetter="false">
              <Summary numSequencePoints="1" visitedSequencePoints="0" numBranchPoints="1" visitedBranchPoints="0" sequenceCoverage="0" branchCoverage="0" maxCyclomaticComplexity="1" minCyclomaticComplexity="1" maxCrapScore="2" minCrapScore="2" visitedClasses="0" numClasses="0" visitedMethods="0" numMethods="1" />
              <MetadataToken>100663312</MetadataToken>
              <Name>System.Object GrokNetTests.UnitTests/&lt;&gt;c__DisplayClass10_0::&lt;LoadWrongCustomPatterns&gt;b__0()</Name>
              <FileRef uid="2" />
              <SequencePoints>
                <SequencePoint vc="0" uspid="77" ordinal="0" offset="0" sl="214" sc="61" el="214" ec="94" bec="0" bev="0" fileid="2" />
              </SequencePoints>
              <BranchPoints />
              <MethodPoint xsi:type="SequencePoint" vc="0" uspid="77" ordinal="0" offset="0" sl="214" sc="61" el="214" ec="94" bec="0" bev="0" fileid="2" />
            </Method>
          </Methods>
        </Class>
      </Classes>
    </Module>
    <Module skippedDueTo="MissingPdb" hash="96-CC-DD-26-7A-AD-E9-7C-DC-16-F9-A3-9F-A3-4F-D3-89-76-4E-55">
      <ModulePath>C:\OpenSource\grok.net-forked\src\Grok.Net.Tests\bin\Release\netcoreapp3.1\Microsoft.VisualStudio.CodeCoverage.Shim.dll</ModulePath>
      <ModuleTime>2020-02-04T20:55:08Z</ModuleTime>
      <ModuleName>Microsoft.VisualStudio.CodeCoverage.Shim</ModuleName>
      <Classes />
    </Module>
    <Module skippedDueTo="Filter" hash="28-99-2E-BB-DA-56-2E-B6-FD-6A-59-F4-7B-B7-9A-70-43-AA-74-E5">
      <ModulePath>C:\Program Files\dotnet\shared\Microsoft.NETCore.App\3.1.19\mscorlib.dll</ModulePath>
      <ModuleTime>2021-08-16T13:29:56Z</ModuleTime>
      <ModuleName>mscorlib</ModuleName>
      <Classes />
    </Module>
    <Module skippedDueTo="Filter" hash="3D-EC-A8-0B-CD-59-18-6E-FD-91-9B-08-EB-23-91-37-3F-54-70-29">
      <ModulePath>C:\Program Files\dotnet\shared\Microsoft.NETCore.App\3.1.19\System.Diagnostics.TextWriterTraceListener.dll</ModulePath>
      <ModuleTime>2021-08-16T20:03:40Z</ModuleTime>
      <ModuleName>System.Diagnostics.TextWriterTraceListener</ModuleName>
      <Classes />
    </Module>
    <Module skippedDueTo="Filter" hash="6A-1F-74-04-C0-AD-86-5F-43-89-32-02-19-EA-F7-FB-0D-59-FE-13">
      <ModulePath>C:\Program Files\dotnet\shared\Microsoft.NETCore.App\3.1.19\System.ComponentModel.TypeConverter.dll</ModulePath>
      <ModuleTime>2021-08-16T20:03:10Z</ModuleTime>
      <ModuleName>System.ComponentModel.TypeConverter</ModuleName>
      <Classes />
    </Module>
    <Module skippedDueTo="MissingPdb" hash="20-A4-49-7B-C5-3A-9B-56-DA-3A-C9-8E-D0-DD-13-79-E4-62-EF-FF">
      <ModulePath>C:\OpenSource\grok.net-forked\src\Grok.Net.Tests\bin\Release\netcoreapp3.1\Microsoft.TestPlatform.Utilities.dll</ModulePath>
      <ModuleTime>2020-02-04T20:55:24Z</ModuleTime>
      <ModuleName>Microsoft.TestPlatform.Utilities</ModuleName>
      <Classes />
    </Module>
    <Module skippedDueTo="Filter" hash="F2-94-2D-00-A1-79-77-F0-C4-B0-16-C6-F0-97-C9-BA-92-E5-E2-18">
      <ModulePath>C:\Program Files\dotnet\shared\Microsoft.NETCore.App\3.1.19\System.ComponentModel.EventBasedAsync.dll</ModulePath>
      <ModuleTime>2021-08-16T20:03:08Z</ModuleTime>
      <ModuleName>System.ComponentModel.EventBasedAsync</ModuleName>
      <Classes />
    </Module>
    <Module skippedDueTo="Filter" hash="B8-F5-F3-D5-06-36-35-76-5B-E0-BE-AB-80-32-9A-0C-1D-A8-76-19">
      <ModulePath>C:\OpenSource\grok.net-forked\src\Grok.Net.Tests\bin\Release\netcoreapp3.1\xunit.assert.dll</ModulePath>
      <ModuleTime>2018-10-29T04:16:52Z</ModuleTime>
      <ModuleName>xunit.assert</ModuleName>
      <Classes />
    </Module>
    <Module skippedDueTo="Filter" hash="04-8A-E8-86-D2-B9-0C-14-B0-FB-AC-8F-85-2A-95-37-A1-72-00-13">
      <ModulePath>C:\OpenSource\grok.net-forked\src\Grok.Net.Tests\bin\Release\netcoreapp3.1\xunit.core.dll</ModulePath>
      <ModuleTime>2018-10-29T04:16:58Z</ModuleTime>
      <ModuleName>xunit.core</ModuleName>
      <Classes />
    </Module>
    <Module skippedDueTo="Filter" hash="E3-6E-00-D8-65-B5-77-8F-A6-87-2B-7E-91-AA-43-C2-F5-06-E3-D2">
      <ModulePath>C:\OpenSource\grok.net-forked\src\Grok.Net.Tests\bin\Release\netcoreapp3.1\xunit.execution.dotnet.dll</ModulePath>
      <ModuleTime>2018-10-29T04:17:00Z</ModuleTime>
      <ModuleName>xunit.execution.dotnet</ModuleName>
      <Classes />
    </Module>
    <Module hash="E0-2E-86-C9-79-EC-74-17-A9-23-92-22-7E-B5-B2-EB-8E-F1-92-55">
      <Summary numSequencePoints="101" visitedSequencePoints="87" numBranchPoints="58" visitedBranchPoints="42" sequenceCoverage="86.14" branchCoverage="72.41" maxCyclomaticComplexity="10" minCyclomaticComplexity="1" maxCrapScore="20" minCrapScore="1" visitedClasses="3" numClasses="3" visitedMethods="13" numMethods="14" />
      <ModulePath>C:\OpenSource\grok.net-forked\src\Grok.Net.Tests\bin\Release\netcoreapp3.1\Grok.Net.dll</ModulePath>
      <ModuleTime>2021-10-13T18:24:05.308174Z</ModuleTime>
      <ModuleName>Grok.Net</ModuleName>
      <Files>
        <File uid="7" fullPath="C:\OpenSource\grok.net-forked\src\Grok.Net\Grok.cs" />
        <File uid="8" fullPath="C:\OpenSource\grok.net-forked\src\Grok.Net\GrokItem.cs" />
        <File uid="9" fullPath="C:\OpenSource\grok.net-forked\src\Grok.Net\GrokResult.cs" />
      </Files>
      <Classes>
        <Class>
          <Summary numSequencePoints="0" visitedSequencePoints="0" numBranchPoints="0" visitedBranchPoints="0" sequenceCoverage="0" branchCoverage="0" maxCyclomaticComplexity="0" minCyclomaticComplexity="0" maxCrapScore="0" minCrapScore="0" visitedClasses="0" numClasses="0" visitedMethods="0" numMethods="0" />
          <FullName>&lt;Module&gt;</FullName>
          <Methods />
        </Class>
        <Class>
          <Summary numSequencePoints="93" visitedSequencePoints="79" numBranchPoints="52" visitedBranchPoints="37" sequenceCoverage="84.95" branchCoverage="71.15" maxCyclomaticComplexity="10" minCyclomaticComplexity="1" maxCrapScore="20" minCrapScore="1" visitedClasses="1" numClasses="1" visitedMethods="9" numMethods="10" />
          <FullName>GrokNet.Grok</FullName>
          <Methods>
            <Method visited="true" cyclomaticComplexity="1" nPathComplexity="0" sequenceCoverage="100" branchCoverage="100" crapScore="1" isConstructor="true" isStatic="false" isGetter="false" isSetter="false">
              <Summary numSequencePoints="5" visitedSequencePoints="5" numBranchPoints="1" visitedBranchPoints="1" sequenceCoverage="100" branchCoverage="100" maxCyclomaticComplexity="1" minCyclomaticComplexity="1" maxCrapScore="1" minCrapScore="1" visitedClasses="0" numClasses="0" visitedMethods="1" numMethods="1" />
              <MetadataToken>100663297</MetadataToken>
              <Name>System.Void GrokNet.Grok::.ctor(System.String)</Name>
              <FileRef uid="7" />
              <SequencePoints>
                <SequencePoint vc="20" uspid="78" ordinal="0" offset="0" sl="24" sc="9" el="24" ec="40" bec="0" bev="0" fileid="7" />
                <SequencePoint vc="20" uspid="79" ordinal="1" offset="6" sl="26" sc="13" el="26" ec="40" bec="0" bev="0" fileid="7" />
                <SequencePoint vc="20" uspid="80" ordinal="2" offset="13" sl="27" sc="13" el="27" ec="58" bec="0" bev="0" fileid="7" />
                <SequencePoint vc="20" uspid="81" ordinal="3" offset="24" sl="28" sc="13" el="28" ec="58" bec="0" bev="0" fileid="7" />
                <SequencePoint vc="20" uspid="82" ordinal="4" offset="35" sl="29" sc="9" el="29" ec="10" bec="0" bev="0" fileid="7" />
              </SequencePoints>
              <BranchPoints />
              <MethodPoint xsi:type="SequencePoint" vc="20" uspid="78" ordinal="0" offset="0" sl="24" sc="9" el="24" ec="40" bec="0" bev="0" fileid="7" />
            </Method>
            <Method visited="true" cyclomaticComplexity="7" nPathComplexity="8" sequenceCoverage="100" branchCoverage="71.43" crapScore="7" isConstructor="false" isStatic="false" isGetter="false" isSetter="false">
              <Summary numSequencePoints="12" visitedSequencePoints="12" numBranchPoints="7" visitedBranchPoints="5" sequenceCoverage="100" branchCoverage="71.43" maxCyclomaticComplexity="7" minCyclomaticComplexity="7" maxCrapScore="7" minCrapScore="7" visitedClasses="0" numClasses="0" visitedMethods="1" numMethods="1" />
              <MetadataToken>100663298</MetadataToken>
              <Name>GrokNet.GrokResult GrokNet.Grok::Parse(System.String)</Name>
              <FileRef uid="7" />
              <SequencePoints>
                <SequencePoint vc="20" uspid="83" ordinal="0" offset="0" sl="33" sc="13" el="33" ec="40" bec="2" bev="1" fileid="7" />
                <SequencePoint vc="20" uspid="84" ordinal="1" offset="8" sl="35" sc="17" el="35" ec="35" bec="0" bev="0" fileid="7" />
                <SequencePoint vc="20" uspid="85" ordinal="2" offset="14" sl="38" sc="13" el="38" ec="50" bec="0" bev="0" fileid="7" />
                <SequencePoint vc="20" uspid="86" ordinal="3" offset="20" sl="40" sc="37" el="40" ec="65" bec="0" bev="0" fileid="7" />
                <SequencePoint vc="23" uspid="87" ordinal="4" offset="43" sl="40" sc="22" el="40" ec="33" bec="0" bev="0" fileid="7" />
                <SequencePoint vc="23" uspid="88" ordinal="5" offset="55" sl="42" sc="46" el="42" ec="57" bec="0" bev="0" fileid="7" />
                <SequencePoint vc="103" uspid="89" ordinal="6" offset="69" sl="42" sc="26" el="42" ec="42" bec="0" bev="0" fileid="7" />
                <SequencePoint vc="103" uspid="90" ordinal="7" offset="78" sl="44" sc="21" el="44" ec="42" bec="2" bev="2" fileid="7" />
                <SequencePoint vc="80" uspid="91" ordinal="8" offset="92" sl="46" sc="25" el="48" ec="87" bec="2" bev="1" fileid="7" />
                <SequencePoint vc="126" uspid="92" ordinal="9" offset="183" sl="42" sc="43" el="42" ec="45" bec="0" bev="0" fileid="7" />
                <SequencePoint vc="43" uspid="93" ordinal="10" offset="208" sl="40" sc="34" el="40" ec="36" bec="0" bev="0" fileid="7" />
                <SequencePoint vc="20" uspid="94" ordinal="11" offset="241" sl="52" sc="13" el="52" ec="46" bec="0" bev="0" fileid="7" />
              </SequencePoints>
              <BranchPoints>
                <BranchPoint vc="20" uspid="95" ordinal="0" offset="6" sl="33" path="0" offsetend="8" fileid="7" />
                <BranchPoint vc="0" uspid="96" ordinal="1" offset="6" sl="33" path="1" offsetend="14" fileid="7" />
                <BranchPoint vc="80" uspid="97" ordinal="2" offset="90" sl="44" path="0" offsetend="92" fileid="7" />
                <BranchPoint vc="23" uspid="98" ordinal="3" offset="90" sl="44" path="1" offsetend="183" fileid="7" />
                <BranchPoint vc="80" uspid="99" ordinal="4" offset="106" sl="46" path="0" offsetend="108" fileid="7" />
                <BranchPoint vc="0" uspid="100" ordinal="5" offset="106" sl="46" path="1" offsetend="135" fileid="7" />
              </BranchPoints>
              <MethodPoint xsi:type="SequencePoint" vc="20" uspid="83" ordinal="0" offset="0" sl="33" sc="13" el="33" ec="40" bec="2" bev="1" fileid="7" />
            </Method>
            <Method visited="true" cyclomaticComplexity="10" nPathComplexity="32" sequenceCoverage="88.24" branchCoverage="90.91" crapScore="10.16" isConstructor="false" isStatic="false" isGetter="false" isSetter="false">
              <Summary numSequencePoints="17" visitedSequencePoints="15" numBranchPoints="11" visitedBranchPoints="10" sequenceCoverage="88.24" branchCoverage="90.91" maxCyclomaticComplexity="10" minCyclomaticComplexity="10" maxCrapScore="10.16" minCrapScore="10.16" visitedClasses="0" numClasses="0" visitedMethods="1" numMethods="1" />
              <MetadataToken>100663299</MetadataToken>
              <Name>System.Void GrokNet.Grok::ParseGrokString()</Name>
              <FileRef uid="7" />
              <SequencePoints>
                <SequencePoint vc="20" uspid="103" ordinal="0" offset="0" sl="57" sc="13" el="57" ec="34" bec="2" bev="1" fileid="7" />
                <SequencePoint vc="20" uspid="104" ordinal="1" offset="8" sl="59" sc="17" el="59" ec="32" bec="0" bev="0" fileid="7" />
                <SequencePoint vc="20" uspid="105" ordinal="2" offset="14" sl="62" sc="13" el="62" ec="43" bec="0" bev="0" fileid="7" />
                <SequencePoint vc="39" uspid="106" ordinal="3" offset="20" sl="67" sc="17" el="67" ec="30" bec="0" bev="0" fileid="7" />
                <SequencePoint vc="39" uspid="107" ordinal="4" offset="22" sl="69" sc="17" el="69" ec="126" bec="2" bev="2" fileid="7" />
                <SequencePoint vc="39" uspid="108" ordinal="5" offset="49" sl="70" sc="41" el="70" ec="48" bec="0" bev="0" fileid="7" />
                <SequencePoint vc="0" uspid="109" ordinal="6" offset="57" sl="70" sc="26" el="70" ec="37" bec="0" bev="0" fileid="7" />
                <SequencePoint vc="0" uspid="110" ordinal="7" offset="69" sl="72" sc="21" el="72" ec="81" bec="0" bev="0" fileid="7" />
                <SequencePoint vc="39" uspid="111" ordinal="8" offset="114" sl="70" sc="38" el="70" ec="40" bec="0" bev="0" fileid="7" />
                <SequencePoint vc="39" uspid="112" ordinal="9" offset="144" sl="75" sc="17" el="75" ec="168" bec="2" bev="2" fileid="7" />
                <SequencePoint vc="39" uspid="113" ordinal="10" offset="205" sl="76" sc="17" el="76" ec="84" bec="2" bev="2" fileid="7" />
                <SequencePoint vc="20" uspid="114" ordinal="11" offset="215" sl="78" sc="21" el="78" ec="33" bec="0" bev="0" fileid="7" />
                <SequencePoint vc="39" uspid="115" ordinal="12" offset="217" sl="81" sc="17" el="81" ec="31" bec="0" bev="0" fileid="7" />
                <SequencePoint vc="39" uspid="116" ordinal="13" offset="218" sl="83" sc="15" el="83" ec="29" bec="2" bev="2" fileid="7" />
                <SequencePoint vc="20" uspid="117" ordinal="14" offset="224" sl="85" sc="13" el="85" ec="103" bec="0" bev="0" fileid="7" />
                <SequencePoint vc="20" uspid="118" ordinal="15" offset="238" sl="86" sc="13" el="86" ec="67" bec="0" bev="0" fileid="7" />
                <SequencePoint vc="20" uspid="119" ordinal="16" offset="260" sl="87" sc="9" el="87" ec="10" bec="0" bev="0" fileid="7" />
              </SequencePoints>
              <BranchPoints>
                <BranchPoint vc="20" uspid="120" ordinal="0" offset="6" sl="57" path="0" offsetend="8" fileid="7" />
                <BranchPoint vc="0" uspid="121" ordinal="1" offset="6" sl="57" path="1" offsetend="14" fileid="7" />
                <BranchPoint vc="19" uspid="122" ordinal="2" offset="33" sl="69" path="0" offsetend="35" fileid="7" />
                <BranchPoint vc="20" uspid="123" ordinal="3" offset="33" sl="69" path="1" offsetend="38" fileid="7" />
                <BranchPoint vc="19" uspid="124" ordinal="4" offset="160" sl="75" path="0" offsetend="162" fileid="7" />
                <BranchPoint vc="20" uspid="125" ordinal="5" offset="160" sl="75" path="1" offsetend="165" fileid="7" />
                <BranchPoint vc="20" uspid="126" ordinal="6" offset="213" sl="76" path="0" offsetend="215" fileid="7" />
                <BranchPoint vc="19" uspid="127" ordinal="7" offset="213" sl="76" path="1" offsetend="217" fileid="7" />
                <BranchPoint vc="20" uspid="128" ordinal="8" offset="219" sl="83" path="0" offsetend="224" fileid="7" />
                <BranchPoint vc="19" uspid="129" ordinal="9" offset="219" sl="83" path="1" offsetend="20" fileid="7" />
              </BranchPoints>
              <MethodPoint xsi:type="SequencePoint" vc="20" uspid="103" ordinal="0" offset="0" sl="57" sc="13" el="57" ec="34" bec="2" bev="1" fileid="7" />
            </Method>
            <Method visited="false" cyclomaticComplexity="4" nPathComplexity="8" sequenceCoverage="0" branchCoverage="0" crapScore="20" isConstructor="false" isStatic="true" isGetter="false" isSetter="false">
              <Summary numSequencePoints="9" visitedSequencePoints="0" numBranchPoints="7" visitedBranchPoints="0" sequenceCoverage="0" branchCoverage="0" maxCyclomaticComplexity="4" minCyclomaticComplexity="4" maxCrapScore="20" minCrapScore="20" visitedClasses="0" numClasses="0" visitedMethods="0" numMethods="1" />
              <MetadataToken>100663300</MetadataToken>
              <Name>System.Object GrokNet.Grok::MapType(System.String,System.String)</Name>
              <FileRef uid="7" />
              <SequencePoints>
                <SequencePoint vc="0" uspid="130" ordinal="0" offset="0" sl="91" sc="13" el="91" ec="61" bec="6" bev="0" fileid="7" />
                <SequencePoint vc="0" uspid="131" ordinal="1" offset="48" sl="97" sc="25" el="97" ec="54" bec="0" bev="0" fileid="7" />
                <SequencePoint vc="0" uspid="132" ordinal="2" offset="62" sl="99" sc="25" el="99" ec="55" bec="0" bev="0" fileid="7" />
                <SequencePoint vc="0" uspid="133" ordinal="3" offset="76" sl="101" sc="25" el="101" ec="53" bec="0" bev="0" fileid="7" />
                <SequencePoint vc="0" uspid="134" ordinal="4" offset="90" sl="103" sc="13" el="103" ec="14" bec="0" bev="0" fileid="7" />
                <SequencePoint vc="0" uspid="135" ordinal="5" offset="92" sl="104" sc="13" el="104" ec="30" bec="0" bev="0" fileid="7" />
                <SequencePoint vc="0" uspid="136" ordinal="6" offset="93" sl="107" sc="13" el="107" ec="14" bec="0" bev="0" fileid="7" />
                <SequencePoint vc="0" uspid="137" ordinal="7" offset="95" sl="109" sc="13" el="109" ec="25" bec="0" bev="0" fileid="7" />
                <SequencePoint vc="0" uspid="138" ordinal="8" offset="97" sl="110" sc="9" el="110" ec="10" bec="0" bev="0" fileid="7" />
              </SequencePoints>
              <BranchPoints>
                <BranchPoint vc="0" uspid="139" ordinal="0" offset="18" sl="91" path="0" offsetend="20" fileid="7" />
                <BranchPoint vc="0" uspid="140" ordinal="1" offset="18" sl="91" path="1" offsetend="48" fileid="7" />
                <BranchPoint vc="0" uspid="141" ordinal="2" offset="31" sl="91" path="0" offsetend="33" fileid="7" />
                <BranchPoint vc="0" uspid="142" ordinal="3" offset="31" sl="91" path="1" offsetend="62" fileid="7" />
                <BranchPoint vc="0" uspid="143" ordinal="4" offset="44" sl="91" path="0" offsetchain="46" offsetend="90" fileid="7" />
                <BranchPoint vc="0" uspid="144" ordinal="5" offset="44" sl="91" path="1" offsetend="76" fileid="7" />
              </BranchPoints>
              <MethodPoint xsi:type="SequencePoint" vc="0" uspid="130" ordinal="0" offset="0" sl="91" sc="13" el="91" ec="61" bec="6" bev="0" fileid="7" />
            </Method>
            <Method visited="true" cyclomaticComplexity="5" nPathComplexity="4" sequenceCoverage="100" branchCoverage="80" crapScore="5" isConstructor="false" isStatic="false" isGetter="false" isSetter="false">
              <Summary numSequencePoints="12" visitedSequencePoints="12" numBranchPoints="5" visitedBranchPoints="4" sequenceCoverage="100" branchCoverage="80" maxCyclomaticComplexity="5" minCyclomaticComplexity="5" maxCrapScore="5" minCrapScore="5" visitedClasses="0" numClasses="0" visitedMethods="1" numMethods="1" />
              <MetadataToken>100663301</MetadataToken>
              <Name>System.Void GrokNet.Grok::LoadPatterns()</Name>
              <FileRef uid="7" />
              <SequencePoints>
                <SequencePoint vc="20" uspid="145" ordinal="0" offset="0" sl="114" sc="13" el="114" ec="69" bec="0" bev="0" fileid="7" />
                <SequencePoint vc="20" uspid="146" ordinal="1" offset="21" sl="115" sc="50" el="115" ec="85" bec="0" bev="0" fileid="7" />
                <SequencePoint vc="20" uspid="147" ordinal="2" offset="32" sl="115" sc="22" el="115" ec="46" bec="0" bev="0" fileid="7" />
                <SequencePoint vc="20" uspid="148" ordinal="3" offset="36" sl="117" sc="17" el="117" ec="68" bec="2" bev="1" fileid="7" />
                <SequencePoint vc="20" uspid="149" ordinal="4" offset="49" sl="119" sc="28" el="119" ec="126" bec="0" bev="0" fileid="7" />
                <SequencePoint vc="1900" uspid="150" ordinal="5" offset="70" sl="123" sc="29" el="123" ec="63" bec="0" bev="0" fileid="7" />
                <SequencePoint vc="1920" uspid="151" ordinal="6" offset="83" sl="121" sc="25" el="121" ec="48" bec="2" bev="2" fileid="7" />
                <SequencePoint vc="20" uspid="152" ordinal="7" offset="92" sl="125" sc="21" el="125" ec="22" bec="0" bev="0" fileid="7" />
                <SequencePoint vc="40" uspid="153" ordinal="8" offset="110" sl="115" sc="47" el="115" ec="49" bec="0" bev="0" fileid="7" />
                <SequencePoint vc="20" uspid="154" ordinal="9" offset="116" sl="129" sc="13" el="129" ec="34" bec="0" bev="0" fileid="7" />
                <SequencePoint vc="20" uspid="155" ordinal="10" offset="122" sl="131" sc="13" el="131" ec="36" bec="0" bev="0" fileid="7" />
                <SequencePoint vc="20" uspid="156" ordinal="11" offset="129" sl="132" sc="9" el="132" ec="10" bec="0" bev="0" fileid="7" />
              </SequencePoints>
              <BranchPoints>
                <BranchPoint vc="20" uspid="157" ordinal="0" offset="47" sl="117" path="0" offsetend="49" fileid="7" />
                <BranchPoint vc="0" uspid="158" ordinal="1" offset="47" sl="117" path="1" offsetend="106" fileid="7" />
                <BranchPoint vc="20" uspid="159" ordinal="2" offset="90" sl="121" path="0" offsetend="92" fileid="7" />
                <BranchPoint vc="1900" uspid="160" ordinal="3" offset="90" sl="121" path="1" offsetend="70" fileid="7" />
              </BranchPoints>
              <MethodPoint xsi:type="SequencePoint" vc="20" uspid="145" ordinal="0" offset="0" sl="114" sc="13" el="114" ec="69" bec="0" bev="0" fileid="7" />
            </Method>
            <Method visited="true" cyclomaticComplexity="5" nPathComplexity="4" sequenceCoverage="90.91" branchCoverage="80" crapScore="5.02" isConstructor="false" isStatic="false" isGetter="false" isSetter="false">
              <Summary numSequencePoints="11" visitedSequencePoints="10" numBranchPoints="5" visitedBranchPoints="4" sequenceCoverage="90.91" branchCoverage="80" maxCyclomaticComplexity="5" minCyclomaticComplexity="5" maxCrapScore="5.02" minCrapScore="5.02" visitedClasses="0" numClasses="0" visitedMethods="1" numMethods="1" />
              <MetadataToken>100663302</MetadataToken>
              <Name>System.Void GrokNet.Grok::LoadCustomPatterns()</Name>
              <FileRef uid="7" />
              <SequencePoints>
                <SequencePoint vc="20" uspid="163" ordinal="0" offset="0" sl="136" sc="13" el="136" ec="63" bec="0" bev="0" fileid="7" />
                <SequencePoint vc="20" uspid="164" ordinal="1" offset="11" sl="137" sc="13" el="137" ec="39" bec="2" bev="1" fileid="7" />
                <SequencePoint vc="0" uspid="165" ordinal="2" offset="19" sl="139" sc="17" el="139" ec="24" bec="0" bev="0" fileid="7" />
                <SequencePoint vc="20" uspid="166" ordinal="3" offset="20" sl="141" sc="39" el="141" ec="95" bec="0" bev="0" fileid="7" />
                <SequencePoint vc="20" uspid="167" ordinal="4" offset="37" sl="141" sc="22" el="141" ec="35" bec="0" bev="0" fileid="7" />
                <SequencePoint vc="20" uspid="168" ordinal="5" offset="40" sl="143" sc="24" el="143" ec="57" bec="0" bev="0" fileid="7" />
                <SequencePoint vc="60" uspid="169" ordinal="6" offset="48" sl="147" sc="25" el="147" ec="59" bec="0" bev="0" fileid="7" />
                <SequencePoint vc="80" uspid="170" ordinal="7" offset="60" sl="145" sc="21" el="145" ec="44" bec="2" bev="2" fileid="7" />
                <SequencePoint vc="20" uspid="171" ordinal="8" offset="68" sl="149" sc="17" el="149" ec="18" bec="0" bev="0" fileid="7" />
                <SequencePoint vc="40" uspid="172" ordinal="9" offset="84" sl="141" sc="36" el="141" ec="38" bec="0" bev="0" fileid="7" />
                <SequencePoint vc="20" uspid="173" ordinal="10" offset="90" sl="151" sc="9" el="151" ec="10" bec="0" bev="0" fileid="7" />
              </SequencePoints>
              <BranchPoints>
                <BranchPoint vc="0" uspid="174" ordinal="0" offset="17" sl="137" path="0" offsetend="19" fileid="7" />
                <BranchPoint vc="20" uspid="175" ordinal="1" offset="17" sl="137" path="1" offsetend="20" fileid="7" />
                <BranchPoint vc="20" uspid="176" ordinal="2" offset="66" sl="145" path="0" offsetend="68" fileid="7" />
                <BranchPoint vc="60" uspid="177" ordinal="3" offset="66" sl="145" path="1" offsetend="48" fileid="7" />
              </BranchPoints>
              <MethodPoint xsi:type="SequencePoint" vc="20" uspid="163" ordinal="0" offset="0" sl="136" sc="13" el="136" ec="63" bec="0" bev="0" fileid="7" />
            </Method>
            <Method visited="true" cyclomaticComplexity="5" nPathComplexity="16" sequenceCoverage="92.86" branchCoverage="77.78" crapScore="5.01" isConstructor="false" isStatic="false" isGetter="false" isSetter="false">
              <Summary numSequencePoints="14" visitedSequencePoints="13" numBranchPoints="9" visitedBranchPoints="7" sequenceCoverage="92.86" branchCoverage="77.78" maxCyclomaticComplexity="5" minCyclomaticComplexity="5" maxCrapScore="5.01" minCrapScore="5.01" visitedClasses="0" numClasses="0" visitedMethods="1" numMethods="1" />
              <MetadataToken>100663303</MetadataToken>
              <Name>System.Void GrokNet.Grok::ProcessPatternLine(System.String)</Name>
              <FileRef uid="7" />
              <SequencePoints>
                <SequencePoint vc="1960" uspid="180" ordinal="0" offset="0" sl="155" sc="13" el="155" ec="44" bec="2" bev="2" fileid="7" />
                <SequencePoint vc="200" uspid="181" ordinal="1" offset="8" sl="157" sc="17" el="157" ec="24" bec="0" bev="0" fileid="7" />
                <SequencePoint vc="1760" uspid="182" ordinal="2" offset="9" sl="160" sc="13" el="160" ec="62" bec="0" bev="0" fileid="7" />
                <SequencePoint vc="1760" uspid="183" ordinal="3" offset="28" sl="161" sc="13" el="161" ec="38" bec="2" bev="1" fileid="7" />
                <SequencePoint vc="0" uspid="184" ordinal="4" offset="34" sl="163" sc="17" el="163" ec="87" bec="0" bev="0" fileid="7" />
                <SequencePoint vc="1760" uspid="185" ordinal="5" offset="45" sl="166" sc="13" el="166" ec="77" bec="2" bev="2" fileid="7" />
                <SequencePoint vc="280" uspid="186" ordinal="6" offset="61" sl="168" sc="17" el="168" ec="24" bec="0" bev="0" fileid="7" />
                <SequencePoint vc="1480" uspid="187" ordinal="7" offset="63" sl="172" sc="17" el="172" ec="46" bec="0" bev="0" fileid="7" />
                <SequencePoint vc="1440" uspid="188" ordinal="8" offset="77" sl="173" sc="13" el="173" ec="14" bec="0" bev="0" fileid="7" />
                <SequencePoint vc="40" uspid="189" ordinal="9" offset="79" sl="174" sc="13" el="174" ec="18" bec="0" bev="0" fileid="7" />
                <SequencePoint vc="40" uspid="190" ordinal="10" offset="80" sl="176" sc="17" el="176" ec="24" bec="0" bev="0" fileid="7" />
                <SequencePoint vc="1440" uspid="191" ordinal="11" offset="82" sl="180" sc="13" el="180" ec="53" bec="2" bev="1" fileid="7" />
                <SequencePoint vc="1440" uspid="192" ordinal="12" offset="98" sl="182" sc="17" el="182" ec="57" bec="0" bev="0" fileid="7" />
                <SequencePoint vc="1480" uspid="193" ordinal="13" offset="115" sl="184" sc="9" el="184" ec="10" bec="0" bev="0" fileid="7" />
              </SequencePoints>
              <BranchPoints>
                <BranchPoint vc="200" uspid="194" ordinal="0" offset="6" sl="155" path="0" offsetend="8" fileid="7" />
                <BranchPoint vc="1760" uspid="195" ordinal="1" offset="6" sl="155" path="1" offsetend="9" fileid="7" />
                <BranchPoint vc="0" uspid="196" ordinal="2" offset="32" sl="161" path="0" offsetend="34" fileid="7" />
                <BranchPoint vc="1760" uspid="197" ordinal="3" offset="32" sl="161" path="1" offsetend="45" fileid="7" />
                <BranchPoint vc="280" uspid="198" ordinal="4" offset="59" sl="166" path="0" offsetend="61" fileid="7" />
                <BranchPoint vc="1480" uspid="199" ordinal="5" offset="59" sl="166" path="1" offsetend="62" fileid="7" />
                <BranchPoint vc="1440" uspid="200" ordinal="6" offset="96" sl="180" path="0" offsetend="98" fileid="7" />
                <BranchPoint vc="0" uspid="201" ordinal="7" offset="96" sl="180" path="1" offsetend="115" fileid="7" />
              </BranchPoints>
              <MethodPoint xsi:type="SequencePoint" vc="1960" uspid="180" ordinal="0" offset="0" sl="155" sc="13" el="155" ec="44" bec="2" bev="2" fileid="7" />
            </Method>
            <Method visited="true" cyclomaticComplexity="2" nPathComplexity="2" sequenceCoverage="100" branchCoverage="100" crapScore="2" isConstructor="false" isStatic="false" isGetter="false" isSetter="false">
              <Summary numSequencePoints="5" visitedSequencePoints="5" numBranchPoints="3" visitedBranchPoints="3" sequenceCoverage="100" branchCoverage="100" maxCyclomaticComplexity="2" minCyclomaticComplexity="2" maxCrapScore="2" minCrapScore="2" visitedClasses="0" numClasses="0" visitedMethods="1" numMethods="1" />
              <MetadataToken>100663304</MetadataToken>
              <Name>System.String GrokNet.Grok::ReplaceWithName(System.Text.RegularExpressions.Match)</Name>
              <FileRef uid="7" />
              <SequencePoints>
                <SequencePoint vc="56" uspid="202" ordinal="0" offset="0" sl="188" sc="13" el="188" ec="44" bec="0" bev="0" fileid="7" />
                <SequencePoint vc="56" uspid="203" ordinal="1" offset="13" sl="189" sc="13" el="189" ec="44" bec="0" bev="0" fileid="7" />
                <SequencePoint vc="56" uspid="204" ordinal="2" offset="26" sl="191" sc="13" el="191" ec="66" bec="2" bev="2" fileid="7" />
                <SequencePoint vc="54" uspid="205" ordinal="3" offset="47" sl="193" sc="17" el="193" ec="46" bec="0" bev="0" fileid="7" />
                <SequencePoint vc="2" uspid="206" ordinal="4" offset="60" sl="196" sc="13" el="196" ec="37" bec="0" bev="0" fileid="7" />
              </SequencePoints>
              <BranchPoints>
                <BranchPoint vc="54" uspid="207" ordinal="0" offset="45" sl="191" path="0" offsetend="47" fileid="7" />
                <BranchPoint vc="2" uspid="208" ordinal="1" offset="45" sl="191" path="1" offsetend="60" fileid="7" />
              </BranchPoints>
              <MethodPoint xsi:type="SequencePoint" vc="56" uspid="202" ordinal="0" offset="0" sl="188" sc="13" el="188" ec="44" bec="0" bev="0" fileid="7" />
            </Method>
            <Method visited="true" cyclomaticComplexity="2" nPathComplexity="2" sequenceCoverage="80" branchCoverage="66.67" crapScore="2.03" isConstructor="false" isStatic="false" isGetter="false" isSetter="false">
              <Summary numSequencePoints="5" visitedSequencePoints="4" numBranchPoints="3" visitedBranchPoints="2" sequenceCoverage="80" branchCoverage="66.67" maxCyclomaticComplexity="2" minCyclomaticComplexity="2" maxCrapScore="2.03" minCrapScore="2.03" visitedClasses="0" numClasses="0" visitedMethods="1" numMethods="1" />
              <MetadataToken>100663305</MetadataToken>
              <Name>System.String GrokNet.Grok::ReplaceWithoutName(System.Text.RegularExpressions.Match)</Name>
              <FileRef uid="7" />
              <SequencePoints>
                <SequencePoint vc="41" uspid="209" ordinal="0" offset="0" sl="201" sc="13" el="201" ec="43" bec="0" bev="0" fileid="7" />
                <SequencePoint vc="41" uspid="210" ordinal="1" offset="13" sl="203" sc="13" el="203" ec="65" bec="2" bev="1" fileid="7" />
                <SequencePoint vc="41" uspid="211" ordinal="2" offset="34" sl="205" sc="17" el="205" ec="46" bec="0" bev="0" fileid="7" />
                <SequencePoint vc="41" uspid="212" ordinal="3" offset="52" sl="206" sc="17" el="206" ec="35" bec="0" bev="0" fileid="7" />
                <SequencePoint vc="0" uspid="213" ordinal="4" offset="69" sl="209" sc="13" el="209" ec="25" bec="0" bev="0" fileid="7" />
              </SequencePoints>
              <BranchPoints>
                <BranchPoint vc="41" uspid="214" ordinal="0" offset="32" sl="203" path="0" offsetend="34" fileid="7" />
                <BranchPoint vc="0" uspid="215" ordinal="1" offset="32" sl="203" path="1" offsetend="69" fileid="7" />
              </BranchPoints>
              <MethodPoint xsi:type="SequencePoint" vc="41" uspid="209" ordinal="0" offset="0" sl="201" sc="13" el="201" ec="43" bec="0" bev="0" fileid="7" />
            </Method>
            <Method visited="true" cyclomaticComplexity="1" nPathComplexity="0" sequenceCoverage="100" branchCoverage="100" crapScore="1" isConstructor="true" isStatic="true" isGetter="false" isSetter="false">
              <Summary numSequencePoints="3" visitedSequencePoints="3" numBranchPoints="1" visitedBranchPoints="1" sequenceCoverage="100" branchCoverage="100" maxCyclomaticComplexity="1" minCyclomaticComplexity="1" maxCrapScore="1" minCrapScore="1" visitedClasses="0" numClasses="0" visitedMethods="1" numMethods="1" />
              <MetadataToken>100663306</MetadataToken>
              <Name>System.Void GrokNet.Grok::.cctor()</Name>
              <FileRef uid="7" />
              <SequencePoints>
                <SequencePoint vc="1" uspid="216" ordinal="0" offset="0" sl="20" sc="9" el="20" ec="115" bec="0" bev="0" fileid="7" />
                <SequencePoint vc="1" uspid="217" ordinal="1" offset="16" sl="21" sc="9" el="21" ec="121" bec="0" bev="0" fileid="7" />
                <SequencePoint vc="1" uspid="218" ordinal="2" offset="32" sl="22" sc="9" el="22" ec="104" bec="0" bev="0" fileid="7" />
              </SequencePoints>
              <BranchPoints />
              <MethodPoint xsi:type="SequencePoint" vc="1" uspid="216" ordinal="0" offset="0" sl="20" sc="9" el="20" ec="115" bec="0" bev="0" fileid="7" />
            </Method>
          </Methods>
        </Class>
        <Class>
          <Summary numSequencePoints="6" visitedSequencePoints="6" numBranchPoints="3" visitedBranchPoints="3" sequenceCoverage="100" branchCoverage="100" maxCyclomaticComplexity="1" minCyclomaticComplexity="1" maxCrapScore="1" minCrapScore="1" visitedClasses="1" numClasses="1" visitedMethods="3" numMethods="3" />
          <FullName>GrokNet.GrokItem</FullName>
          <Methods>
            <Method visited="true" cyclomaticComplexity="1" nPathComplexity="0" sequenceCoverage="100" branchCoverage="100" crapScore="1" isConstructor="false" isStatic="false" isGetter="true" isSetter="false">
              <Summary numSequencePoints="1" visitedSequencePoints="1" numBranchPoints="1" visitedBranchPoints="1" sequenceCoverage="100" branchCoverage="100" maxCyclomaticComplexity="1" minCyclomaticComplexity="1" maxCrapScore="1" minCrapScore="1" visitedClasses="0" numClasses="0" visitedMethods="1" numMethods="1" />
              <MetadataToken>100663308</MetadataToken>
              <Name>System.String GrokNet.GrokItem::get_Key()</Name>
              <FileRef uid="8" />
              <SequencePoints>
                <SequencePoint vc="8" uspid="219" ordinal="0" offset="0" sl="11" sc="29" el="11" ec="33" bec="0" bev="0" fileid="8" />
              </SequencePoints>
              <BranchPoints />
              <MethodPoint xsi:type="SequencePoint" vc="8" uspid="219" ordinal="0" offset="0" sl="11" sc="29" el="11" ec="33" bec="0" bev="0" fileid="8" />
            </Method>
            <Method visited="true" cyclomaticComplexity="1" nPathComplexity="0" sequenceCoverage="100" branchCoverage="100" crapScore="1" isConstructor="false" isStatic="false" isGetter="true" isSetter="false">
              <Summary numSequencePoints="1" visitedSequencePoints="1" numBranchPoints="1" visitedBranchPoints="1" sequenceCoverage="100" branchCoverage="100" maxCyclomaticComplexity="1" minCyclomaticComplexity="1" maxCrapScore="1" minCrapScore="1" visitedClasses="0" numClasses="0" visitedMethods="1" numMethods="1" />
              <MetadataToken>100663309</MetadataToken>
              <Name>System.Object GrokNet.GrokItem::get_Value()</Name>
              <FileRef uid="8" />
              <SequencePoints>
                <SequencePoint vc="40" uspid="220" ordinal="0" offset="0" sl="12" sc="31" el="12" ec="35" bec="0" bev="0" fileid="8" />
              </SequencePoints>
              <BranchPoints />
              <MethodPoint xsi:type="SequencePoint" vc="40" uspid="220" ordinal="0" offset="0" sl="12" sc="31" el="12" ec="35" bec="0" bev="0" fileid="8" />
            </Method>
            <Method visited="true" cyclomaticComplexity="1" nPathComplexity="0" sequenceCoverage="100" branchCoverage="100" crapScore="1" isConstructor="true" isStatic="false" isGetter="false" isSetter="false">
              <Summary numSequencePoints="4" visitedSequencePoints="4" numBranchPoints="1" visitedBranchPoints="1" sequenceCoverage="100" branchCoverage="100" maxCyclomaticComplexity="1" minCyclomaticComplexity="1" maxCrapScore="1" minCrapScore="1" visitedClasses="0" numClasses="0" visitedMethods="1" numMethods="1" />
              <MetadataToken>100663307</MetadataToken>
              <Name>System.Void GrokNet.GrokItem::.ctor(System.String,System.Object)</Name>
              <FileRef uid="8" />
              <SequencePoints>
                <SequencePoint vc="80" uspid="221" ordinal="0" offset="0" sl="5" sc="9" el="5" ec="50" bec="0" bev="0" fileid="8" />
                <SequencePoint vc="80" uspid="222" ordinal="1" offset="6" sl="7" sc="13" el="7" ec="23" bec="0" bev="0" fileid="8" />
                <SequencePoint vc="80" uspid="223" ordinal="2" offset="13" sl="8" sc="13" el="8" ec="27" bec="0" bev="0" fileid="8" />
                <SequencePoint vc="80" uspid="224" ordinal="3" offset="20" sl="9" sc="9" el="9" ec="10" bec="0" bev="0" fileid="8" />
              </SequencePoints>
              <BranchPoints />
              <MethodPoint xsi:type="SequencePoint" vc="80" uspid="221" ordinal="0" offset="0" sl="5" sc="9" el="5" ec="50" bec="0" bev="0" fileid="8" />
            </Method>
          </Methods>
        </Class>
        <Class>
          <Summary numSequencePoints="2" visitedSequencePoints="2" numBranchPoints="3" visitedBranchPoints="2" sequenceCoverage="100" branchCoverage="66.67" maxCyclomaticComplexity="2" minCyclomaticComplexity="2" maxCrapScore="2" minCrapScore="2" visitedClasses="1" numClasses="1" visitedMethods="1" numMethods="1" />
          <FullName>GrokNet.GrokResult</FullName>
          <Methods>
            <Method visited="true" cyclomaticComplexity="2" nPathComplexity="2" sequenceCoverage="100" branchCoverage="66.67" crapScore="2" isConstructor="true" isStatic="false" isGetter="false" isSetter="false">
              <Summary numSequencePoints="2" visitedSequencePoints="2" numBranchPoints="3" visitedBranchPoints="2" sequenceCoverage="100" branchCoverage="66.67" maxCyclomaticComplexity="2" minCyclomaticComplexity="2" maxCrapScore="2" minCrapScore="2" visitedClasses="0" numClasses="0" visitedMethods="1" numMethods="1" />
              <MetadataToken>100663310</MetadataToken>
              <Name>System.Void GrokNet.GrokResult::.ctor(System.Collections.Generic.IList`1&lt;GrokNet.GrokItem&gt;)</Name>
              <FileRef uid="9" />
              <SequencePoints>
                <SequencePoint vc="20" uspid="225" ordinal="0" offset="0" sl="9" sc="15" el="9" ec="54" bec="2" bev="1" fileid="9" />
                <SequencePoint vc="20" uspid="226" ordinal="1" offset="16" sl="11" sc="9" el="11" ec="10" bec="0" bev="0" fileid="9" />
              </SequencePoints>
              <BranchPoints>
                <BranchPoint vc="0" uspid="227" ordinal="0" offset="3" sl="9" path="0" offsetend="5" fileid="9" />
                <BranchPoint vc="20" uspid="228" ordinal="1" offset="3" sl="9" path="1" offsetend="11" fileid="9" />
              </BranchPoints>
              <MethodPoint xsi:type="SequencePoint" vc="20" uspid="225" ordinal="0" offset="0" sl="9" sc="15" el="9" ec="54" bec="2" bev="1" fileid="9" />
            </Method>
          </Methods>
        </Class>
      </Classes>
    </Module>
    <Module skippedDueTo="MissingPdb" hash="B2-52-94-07-89-33-92-22-BD-24-10-25-5B-E5-C9-48-A6-AC-EA-F1">
      <ModulePath>C:\Program Files\dotnet\shared\Microsoft.NETCore.App\3.1.19\Microsoft.CSharp.dll</ModulePath>
      <ModuleTime>2021-08-16T20:03:38Z</ModuleTime>
      <ModuleName>Microsoft.CSharp</ModuleName>
      <Classes />
    </Module>
    <Module skippedDueTo="MissingPdb" hash="A6-25-00-F8-BE-42-5D-E8-2B-1D-B1-E9-80-9E-D3-9C-C5-9E-C8-A7">
      <ModulePath>C:\Program Files\dotnet\shared\Microsoft.NETCore.App\3.1.19\Microsoft.VisualBasic.Core.dll</ModulePath>
      <ModuleTime>2021-08-16T20:03:08Z</ModuleTime>
      <ModuleName>Microsoft.VisualBasic.Core</ModuleName>
      <Classes />
    </Module>
    <Module skippedDueTo="Filter" hash="0F-76-89-F6-5A-8F-48-39-44-68-D9-78-E4-EA-B9-8A-AB-68-7A-1C">
      <ModulePath>C:\Program Files\dotnet\shared\Microsoft.NETCore.App\3.1.19\Microsoft.VisualBasic.dll</ModulePath>
      <ModuleTime>2021-08-16T20:03:06Z</ModuleTime>
      <ModuleName>Microsoft.VisualBasic</ModuleName>
      <Classes />
    </Module>
    <Module skippedDueTo="MissingPdb" hash="3D-5A-40-48-7D-FF-92-61-C5-AD-79-9B-56-24-BF-18-5D-6C-88-4D">
      <ModulePath>C:\Program Files\dotnet\shared\Microsoft.NETCore.App\3.1.19\Microsoft.Win32.Registry.dll</ModulePath>
      <ModuleTime>2021-08-16T20:03:06Z</ModuleTime>
      <ModuleName>Microsoft.Win32.Registry</ModuleName>
      <Classes />
    </Module>
    <Module skippedDueTo="Filter" hash="A5-B7-08-E9-DA-17-DE-93-BB-14-AC-35-6A-51-6B-BE-27-5D-0B-5B">
      <ModulePath>C:\Program Files\dotnet\shared\Microsoft.NETCore.App\3.1.19\System.Security.AccessControl.dll</ModulePath>
      <ModuleTime>2021-08-16T20:03:20Z</ModuleTime>
      <ModuleName>System.Security.AccessControl</ModuleName>
      <Classes />
    </Module>
    <Module skippedDueTo="Filter" hash="94-BD-D8-56-FE-76-17-EE-7D-EA-D3-08-B7-2B-13-55-27-CB-31-0E">
      <ModulePath>C:\Program Files\dotnet\shared\Microsoft.NETCore.App\3.1.19\System.Collections.Concurrent.dll</ModulePath>
      <ModuleTime>2021-08-16T20:03:06Z</ModuleTime>
      <ModuleName>System.Collections.Concurrent</ModuleName>
      <Classes />
    </Module>
    <Module skippedDueTo="Filter" hash="D0-C3-1D-98-DD-E2-89-8C-EA-8E-27-BB-03-F7-B4-79-7D-53-21-9A">
      <ModulePath>C:\Program Files\dotnet\shared\Microsoft.NETCore.App\3.1.19\System.Collections.Specialized.dll</ModulePath>
      <ModuleTime>2021-08-16T20:03:40Z</ModuleTime>
      <ModuleName>System.Collections.Specialized</ModuleName>
      <Classes />
    </Module>
    <Module skippedDueTo="Filter" hash="D7-43-2F-70-9A-68-34-AA-FE-73-30-AF-31-52-0F-85-85-86-7F-CE">
      <ModulePath>C:\Program Files\dotnet\shared\Microsoft.NETCore.App\3.1.19\System.ComponentModel.Annotations.dll</ModulePath>
      <ModuleTime>2021-08-16T20:03:08Z</ModuleTime>
      <ModuleName>System.ComponentModel.Annotations</ModuleName>
      <Classes />
    </Module>
    <Module skippedDueTo="Filter" hash="81-B1-0E-EA-C1-B6-D3-C7-8F-E5-2B-E5-2B-F1-5B-98-81-1D-6D-2F">
      <ModulePath>C:\Program Files\dotnet\shared\Microsoft.NETCore.App\3.1.19\System.ComponentModel.dll</ModulePath>
      <ModuleTime>2021-08-16T20:03:08Z</ModuleTime>
      <ModuleName>System.ComponentModel</ModuleName>
      <Classes />
    </Module>
    <Module skippedDueTo="Filter" hash="2D-E4-4F-A0-23-DC-B1-FB-2D-26-44-3F-F8-E3-AA-53-30-42-6D-5B">
      <ModulePath>C:\Program Files\dotnet\shared\Microsoft.NETCore.App\3.1.19\System.ComponentModel.DataAnnotations.dll</ModulePath>
      <ModuleTime>2021-08-16T20:03:08Z</ModuleTime>
      <ModuleName>System.ComponentModel.DataAnnotations</ModuleName>
      <Classes />
    </Module>
    <Module skippedDueTo="Filter" hash="59-2B-4C-CB-BF-CA-55-D4-5C-41-76-D6-4D-6C-55-38-FD-48-A0-EF">
      <ModulePath>C:\Program Files\dotnet\shared\Microsoft.NETCore.App\3.1.19\System.Drawing.Primitives.dll</ModulePath>
      <ModuleTime>2021-08-16T20:03:12Z</ModuleTime>
      <ModuleName>System.Drawing.Primitives</ModuleName>
      <Classes />
    </Module>
    <Module skippedDueTo="Filter" hash="C9-B9-0D-F0-DB-8C-F0-50-1D-1B-FE-63-46-19-8D-0A-EF-74-A6-5B">
      <ModulePath>C:\Program Files\dotnet\shared\Microsoft.NETCore.App\3.1.19\System.Configuration.dll</ModulePath>
      <ModuleTime>2021-08-16T20:03:08Z</ModuleTime>
      <ModuleName>System.Configuration</ModuleName>
      <Classes />
    </Module>
    <Module skippedDueTo="Filter" hash="96-A9-08-EE-D9-6C-5A-29-6A-9F-11-15-F5-D6-93-FE-31-08-1B-DB">
      <ModulePath>C:\Program Files\dotnet\shared\Microsoft.NETCore.App\3.1.19\System.Core.dll</ModulePath>
      <ModuleTime>2021-08-16T20:03:10Z</ModuleTime>
      <ModuleName>System.Core</ModuleName>
      <Classes />
    </Module>
    <Module skippedDueTo="Filter" hash="16-00-EF-A8-56-46-3E-9E-11-57-FD-16-95-13-CB-D8-B7-36-38-1F">
      <ModulePath>C:\Program Files\dotnet\shared\Microsoft.NETCore.App\3.1.19\System.Data.Common.dll</ModulePath>
      <ModuleTime>2021-08-16T20:03:08Z</ModuleTime>
      <ModuleName>System.Data.Common</ModuleName>
      <Classes />
    </Module>
    <Module skippedDueTo="Filter" hash="CE-40-7E-F9-E2-35-87-C2-63-6F-D9-E3-0D-DD-06-DD-2D-42-87-2C">
      <ModulePath>C:\Program Files\dotnet\shared\Microsoft.NETCore.App\3.1.19\System.Runtime.Numerics.dll</ModulePath>
      <ModuleTime>2021-08-16T20:03:18Z</ModuleTime>
      <ModuleName>System.Runtime.Numerics</ModuleName>
      <Classes />
    </Module>
    <Module skippedDueTo="Filter" hash="65-B5-4D-70-20-5A-0A-8A-7A-74-04-86-C9-F0-45-B2-A7-D4-E7-63">
      <ModulePath>C:\Program Files\dotnet\shared\Microsoft.NETCore.App\3.1.19\System.Data.DataSetExtensions.dll</ModulePath>
      <ModuleTime>2021-08-16T20:03:08Z</ModuleTime>
      <ModuleName>System.Data.DataSetExtensions</ModuleName>
      <Classes />
    </Module>
    <Module skippedDueTo="Filter" hash="D5-59-1E-60-FE-2B-C6-F7-E1-2B-98-34-AE-A4-50-A8-53-11-17-B8">
      <ModulePath>C:\Program Files\dotnet\shared\Microsoft.NETCore.App\3.1.19\System.Data.dll</ModulePath>
      <ModuleTime>2021-08-16T20:03:10Z</ModuleTime>
      <ModuleName>System.Data</ModuleName>
      <Classes />
    </Module>
    <Module skippedDueTo="Filter" hash="B8-39-3F-F3-1F-1C-63-99-20-00-05-6A-A1-6E-9E-15-76-67-13-3C">
      <ModulePath>C:\Program Files\dotnet\shared\Microsoft.NETCore.App\3.1.19\System.Diagnostics.Contracts.dll</ModulePath>
      <ModuleTime>2021-08-16T20:03:10Z</ModuleTime>
      <ModuleName>System.Diagnostics.Contracts</ModuleName>
      <Classes />
    </Module>
    <Module skippedDueTo="Filter" hash="4F-08-C0-53-24-06-96-1C-55-61-8C-63-EE-61-97-3D-A0-36-C2-28">
      <ModulePath>C:\Program Files\dotnet\shared\Microsoft.NETCore.App\3.1.19\System.Diagnostics.DiagnosticSource.dll</ModulePath>
      <ModuleTime>2021-08-16T20:03:10Z</ModuleTime>
      <ModuleName>System.Diagnostics.DiagnosticSource</ModuleName>
      <Classes />
    </Module>
    <Module skippedDueTo="Filter" hash="01-EC-65-5E-A3-2A-D5-7F-7D-9F-DD-D8-26-49-79-75-6C-E4-A3-38">
      <ModulePath>C:\Program Files\dotnet\shared\Microsoft.NETCore.App\3.1.19\System.Diagnostics.FileVersionInfo.dll</ModulePath>
      <ModuleTime>2021-08-16T20:03:12Z</ModuleTime>
      <ModuleName>System.Diagnostics.FileVersionInfo</ModuleName>
      <Classes />
    </Module>
    <Module skippedDueTo="Filter" hash="7B-53-B1-67-C8-97-E3-64-AD-D6-C2-77-81-70-F5-4E-CF-81-0A-35">
      <ModulePath>C:\Program Files\dotnet\shared\Microsoft.NETCore.App\3.1.19\System.Diagnostics.StackTrace.dll</ModulePath>
      <ModuleTime>2021-08-16T20:03:10Z</ModuleTime>
      <ModuleName>System.Diagnostics.StackTrace</ModuleName>
      <Classes />
    </Module>
    <Module skippedDueTo="Filter" hash="78-11-03-5C-54-13-4F-0F-6A-B7-55-06-85-F0-64-A2-41-70-2A-65">
      <ModulePath>C:\Program Files\dotnet\shared\Microsoft.NETCore.App\3.1.19\System.Diagnostics.Tools.dll</ModulePath>
      <ModuleTime>2021-08-16T20:03:12Z</ModuleTime>
      <ModuleName>System.Diagnostics.Tools</ModuleName>
      <Classes />
    </Module>
    <Module skippedDueTo="Filter" hash="CA-A9-FC-B2-8E-22-F3-82-C6-07-31-44-13-A2-6E-22-A8-B4-4A-76">
      <ModulePath>C:\Program Files\dotnet\shared\Microsoft.NETCore.App\3.1.19\System.Drawing.dll</ModulePath>
      <ModuleTime>2021-08-16T20:03:10Z</ModuleTime>
      <ModuleName>System.Drawing</ModuleName>
      <Classes />
    </Module>
    <Module skippedDueTo="Filter" hash="CE-5D-C7-0A-FD-B9-A4-9F-A3-10-75-51-35-E1-E1-C5-0F-1D-38-73">
      <ModulePath>C:\Program Files\dotnet\shared\Microsoft.NETCore.App\3.1.19\System.Globalization.Calendars.dll</ModulePath>
      <ModuleTime>2021-08-16T20:03:12Z</ModuleTime>
      <ModuleName>System.Globalization.Calendars</ModuleName>
      <Classes />
    </Module>
    <Module skippedDueTo="Filter" hash="7F-7C-08-0A-82-B8-4F-37-D9-0D-E5-13-91-0E-B3-5F-20-07-6F-24">
      <ModulePath>C:\Program Files\dotnet\shared\Microsoft.NETCore.App\3.1.19\System.Globalization.Extensions.dll</ModulePath>
      <ModuleTime>2021-08-16T20:03:14Z</ModuleTime>
      <ModuleName>System.Globalization.Extensions</ModuleName>
      <Classes />
    </Module>
    <Module skippedDueTo="Filter" hash="81-8E-CC-12-AE-89-14-85-1F-98-01-E8-91-8B-5E-E2-3F-75-B4-DB">
      <ModulePath>C:\Program Files\dotnet\shared\Microsoft.NETCore.App\3.1.19\System.IO.Compression.Brotli.dll</ModulePath>
      <ModuleTime>2021-08-16T20:03:14Z</ModuleTime>
      <ModuleName>System.IO.Compression.Brotli</ModuleName>
      <Classes />
    </Module>
    <Module skippedDueTo="Filter" hash="BE-66-AB-B2-99-5D-DB-7C-0F-9A-9C-7C-44-21-EA-36-1B-58-BF-7A">
      <ModulePath>C:\Program Files\dotnet\shared\Microsoft.NETCore.App\3.1.19\System.IO.Compression.dll</ModulePath>
      <ModuleTime>2021-08-16T20:03:14Z</ModuleTime>
      <ModuleName>System.IO.Compression</ModuleName>
      <Classes />
    </Module>
    <Module skippedDueTo="Filter" hash="03-45-8A-12-B9-D6-78-80-9B-98-3A-FB-54-82-21-34-06-4A-81-FB">
      <ModulePath>C:\Program Files\dotnet\shared\Microsoft.NETCore.App\3.1.19\System.IO.Compression.FileSystem.dll</ModulePath>
      <ModuleTime>2021-08-16T20:03:12Z</ModuleTime>
      <ModuleName>System.IO.Compression.FileSystem</ModuleName>
      <Classes />
    </Module>
    <Module skippedDueTo="Filter" hash="C8-85-06-43-80-1E-05-C4-4D-9D-F3-AA-BD-F5-F6-ED-F8-5B-83-14">
      <ModulePath>C:\Program Files\dotnet\shared\Microsoft.NETCore.App\3.1.19\System.IO.Compression.ZipFile.dll</ModulePath>
      <ModuleTime>2021-08-16T20:03:14Z</ModuleTime>
      <ModuleName>System.IO.Compression.ZipFile</ModuleName>
      <Classes />
    </Module>
    <Module skippedDueTo="Filter" hash="29-51-64-1F-D4-AA-34-36-2D-AB-74-90-E1-19-EC-48-87-DA-76-0E">
      <ModulePath>C:\Program Files\dotnet\shared\Microsoft.NETCore.App\3.1.19\System.IO.FileSystem.AccessControl.dll</ModulePath>
      <ModuleTime>2021-08-16T20:03:14Z</ModuleTime>
      <ModuleName>System.IO.FileSystem.AccessControl</ModuleName>
      <Classes />
    </Module>
    <Module skippedDueTo="Filter" hash="73-23-6D-F2-97-D7-89-E4-97-69-7B-BB-4D-80-31-4E-CD-DF-A9-C9">
      <ModulePath>C:\Program Files\dotnet\shared\Microsoft.NETCore.App\3.1.19\System.IO.FileSystem.DriveInfo.dll</ModulePath>
      <ModuleTime>2021-08-16T20:03:14Z</ModuleTime>
      <ModuleName>System.IO.FileSystem.DriveInfo</ModuleName>
      <Classes />
    </Module>
    <Module skippedDueTo="Filter" hash="E7-EE-E0-5D-4D-6E-E7-B2-E4-8D-F3-69-68-0B-9B-8A-13-46-60-21">
      <ModulePath>C:\Program Files\dotnet\shared\Microsoft.NETCore.App\3.1.19\System.IO.FileSystem.Watcher.dll</ModulePath>
      <ModuleTime>2021-08-16T20:03:16Z</ModuleTime>
      <ModuleName>System.IO.FileSystem.Watcher</ModuleName>
      <Classes />
    </Module>
    <Module skippedDueTo="Filter" hash="93-96-46-11-39-D4-BB-43-41-E0-2F-1E-67-30-5D-18-9E-A8-11-73">
      <ModulePath>C:\Program Files\dotnet\shared\Microsoft.NETCore.App\3.1.19\System.IO.IsolatedStorage.dll</ModulePath>
      <ModuleTime>2021-08-16T20:03:14Z</ModuleTime>
      <ModuleName>System.IO.IsolatedStorage</ModuleName>
      <Classes />
    </Module>
    <Module skippedDueTo="Filter" hash="0B-A3-BC-EA-83-37-56-6F-A9-45-DE-7F-E6-B5-20-91-0B-CC-8B-5F">
      <ModulePath>C:\Program Files\dotnet\shared\Microsoft.NETCore.App\3.1.19\System.IO.MemoryMappedFiles.dll</ModulePath>
      <ModuleTime>2021-08-16T20:03:16Z</ModuleTime>
      <ModuleName>System.IO.MemoryMappedFiles</ModuleName>
      <Classes />
    </Module>
    <Module skippedDueTo="Filter" hash="31-4E-AA-9C-A4-D7-1D-E5-65-09-A6-58-F9-5A-9C-2B-02-04-2A-95">
      <ModulePath>C:\Program Files\dotnet\shared\Microsoft.NETCore.App\3.1.19\System.IO.Pipes.AccessControl.dll</ModulePath>
      <ModuleTime>2021-08-16T20:03:16Z</ModuleTime>
      <ModuleName>System.IO.Pipes.AccessControl</ModuleName>
      <Classes />
    </Module>
    <Module skippedDueTo="Filter" hash="C6-3B-18-76-EA-01-92-C6-10-16-9C-51-C2-7D-E2-E7-36-0E-CB-53">
      <ModulePath>C:\Program Files\dotnet\shared\Microsoft.NETCore.App\3.1.19\System.IO.Pipes.dll</ModulePath>
      <ModuleTime>2021-08-16T20:03:40Z</ModuleTime>
      <ModuleName>System.IO.Pipes</ModuleName>
      <Classes />
    </Module>
    <Module skippedDueTo="Filter" hash="76-7E-60-37-47-72-E8-92-64-A4-1B-C4-A7-09-7F-E4-9B-FD-32-93">
      <ModulePath>C:\Program Files\dotnet\shared\Microsoft.NETCore.App\3.1.19\System.IO.UnmanagedMemoryStream.dll</ModulePath>
      <ModuleTime>2021-08-16T20:03:40Z</ModuleTime>
      <ModuleName>System.IO.UnmanagedMemoryStream</ModuleName>
      <Classes />
    </Module>
    <Module skippedDueTo="Filter" hash="B5-D9-2D-39-24-46-79-60-36-64-A7-01-AE-CA-E7-C5-ED-D0-E4-CB">
      <ModulePath>C:\Program Files\dotnet\shared\Microsoft.NETCore.App\3.1.19\System.Linq.Parallel.dll</ModulePath>
      <ModuleTime>2021-08-16T20:03:16Z</ModuleTime>
      <ModuleName>System.Linq.Parallel</ModuleName>
      <Classes />
    </Module>
    <Module skippedDueTo="Filter" hash="E4-A0-80-7B-71-2A-2F-EA-04-47-CB-87-78-07-90-57-69-65-BE-B3">
      <ModulePath>C:\Program Files\dotnet\shared\Microsoft.NETCore.App\3.1.19\System.Linq.Queryable.dll</ModulePath>
      <ModuleTime>2021-08-16T20:03:18Z</ModuleTime>
      <ModuleName>System.Linq.Queryable</ModuleName>
      <Classes />
    </Module>
    <Module skippedDueTo="Filter" hash="6F-A4-1A-33-61-B9-31-5B-1B-DE-47-2B-77-41-BD-AE-99-9C-3A-0F">
      <ModulePath>C:\Program Files\dotnet\shared\Microsoft.NETCore.App\3.1.19\System.Net.Http.dll</ModulePath>
      <ModuleTime>2021-08-16T20:03:18Z</ModuleTime>
      <ModuleName>System.Net.Http</ModuleName>
      <Classes />
    </Module>
    <Module skippedDueTo="Filter" hash="49-EB-6C-38-9A-99-E5-62-52-49-30-B9-5B-CF-65-9E-DA-58-53-34">
      <ModulePath>C:\Program Files\dotnet\shared\Microsoft.NETCore.App\3.1.19\System.Net.Security.dll</ModulePath>
      <ModuleTime>2021-08-16T20:03:10Z</ModuleTime>
      <ModuleName>System.Net.Security</ModuleName>
      <Classes />
    </Module>
    <Module skippedDueTo="Filter" hash="79-5B-0E-9E-FD-1A-93-24-30-73-8F-A8-4E-49-E5-AD-88-FC-32-D4">
      <ModulePath>C:\Program Files\dotnet\shared\Microsoft.NETCore.App\3.1.19\System.Net.HttpListener.dll</ModulePath>
      <ModuleTime>2021-08-16T20:03:18Z</ModuleTime>
      <ModuleName>System.Net.HttpListener</ModuleName>
      <Classes />
    </Module>
    <Module skippedDueTo="Filter" hash="FD-0F-FD-34-C0-06-B2-D7-66-8E-FD-D7-90-90-1A-19-89-48-4D-59">
      <ModulePath>C:\Program Files\dotnet\shared\Microsoft.NETCore.App\3.1.19\System.Net.WebSockets.dll</ModulePath>
      <ModuleTime>2021-08-16T20:03:08Z</ModuleTime>
      <ModuleName>System.Net.WebSockets</ModuleName>
      <Classes />
    </Module>
    <Module skippedDueTo="Filter" hash="80-5C-02-81-62-26-C0-93-DC-FC-55-02-29-C7-7D-A2-7A-79-4A-78">
      <ModulePath>C:\Program Files\dotnet\shared\Microsoft.NETCore.App\3.1.19\System.Net.Mail.dll</ModulePath>
      <ModuleTime>2021-08-16T20:03:18Z</ModuleTime>
      <ModuleName>System.Net.Mail</ModuleName>
      <Classes />
    </Module>
    <Module skippedDueTo="Filter" hash="62-6F-C1-ED-F0-E8-A0-C4-AB-6E-4A-3D-D5-5B-97-5B-48-1B-14-B8">
      <ModulePath>C:\Program Files\dotnet\shared\Microsoft.NETCore.App\3.1.19\System.Net.NetworkInformation.dll</ModulePath>
      <ModuleTime>2021-08-16T20:03:16Z</ModuleTime>
      <ModuleName>System.Net.NetworkInformation</ModuleName>
      <Classes />
    </Module>
    <Module skippedDueTo="Filter" hash="33-08-D5-FC-46-CA-3D-8D-C4-61-8E-A7-A6-B9-2E-6C-37-F8-FC-20">
      <ModulePath>C:\Program Files\dotnet\shared\Microsoft.NETCore.App\3.1.19\System.Net.Ping.dll</ModulePath>
      <ModuleTime>2021-08-16T20:03:18Z</ModuleTime>
      <ModuleName>System.Net.Ping</ModuleName>
      <Classes />
    </Module>
    <Module skippedDueTo="Filter" hash="DE-62-51-B0-DA-C0-6C-38-26-FB-46-55-C0-AB-E7-9F-E0-49-17-5F">
      <ModulePath>C:\Program Files\dotnet\shared\Microsoft.NETCore.App\3.1.19\System.Net.Requests.dll</ModulePath>
      <ModuleTime>2021-08-16T20:03:08Z</ModuleTime>
      <ModuleName>System.Net.Requests</ModuleName>
      <Classes />
    </Module>
    <Module skippedDueTo="Filter" hash="DD-B2-35-CB-BC-B2-B5-67-7E-20-58-95-C8-F9-FA-11-B2-A2-E9-DB">
      <ModulePath>C:\Program Files\dotnet\shared\Microsoft.NETCore.App\3.1.19\System.Security.Cryptography.X509Certificates.dll</ModulePath>
      <ModuleTime>2021-08-16T20:03:24Z</ModuleTime>
      <ModuleName>System.Security.Cryptography.X509Certificates</ModuleName>
      <Classes />
    </Module>
    <Module skippedDueTo="Filter" hash="22-FB-EF-D5-91-33-28-A5-64-0A-13-3F-2A-2C-48-FD-72-28-DA-EA">
      <ModulePath>C:\Program Files\dotnet\shared\Microsoft.NETCore.App\3.1.19\System.Net.ServicePoint.dll</ModulePath>
      <ModuleTime>2021-08-16T20:03:08Z</ModuleTime>
      <ModuleName>System.Net.ServicePoint</ModuleName>
      <Classes />
    </Module>
    <Module skippedDueTo="Filter" hash="00-95-33-AE-B4-24-77-5A-03-EC-5A-C1-3E-DC-B6-7E-C1-72-7C-15">
      <ModulePath>C:\Program Files\dotnet\shared\Microsoft.NETCore.App\3.1.19\System.Net.WebClient.dll</ModulePath>
      <ModuleTime>2021-08-16T20:03:08Z</ModuleTime>
      <ModuleName>System.Net.WebClient</ModuleName>
      <Classes />
    </Module>
    <Module skippedDueTo="Filter" hash="8A-B7-E0-53-ED-A2-9C-35-39-EC-6F-42-2D-5E-C7-AA-89-22-0F-E6">
      <ModulePath>C:\Program Files\dotnet\shared\Microsoft.NETCore.App\3.1.19\System.Net.WebHeaderCollection.dll</ModulePath>
      <ModuleTime>2021-08-16T20:03:10Z</ModuleTime>
      <ModuleName>System.Net.WebHeaderCollection</ModuleName>
      <Classes />
    </Module>
    <Module skippedDueTo="Filter" hash="63-D7-C3-B1-76-D0-AB-54-53-F0-2D-9E-26-3F-96-1E-54-D5-0D-28">
      <ModulePath>C:\Program Files\dotnet\shared\Microsoft.NETCore.App\3.1.19\System.Net.WebProxy.dll</ModulePath>
      <ModuleTime>2021-08-16T20:03:08Z</ModuleTime>
      <ModuleName>System.Net.WebProxy</ModuleName>
      <Classes />
    </Module>
    <Module skippedDueTo="Filter" hash="D0-9B-76-A9-82-2E-D0-E5-5F-9B-0C-B6-D8-E1-5B-23-F4-A0-0E-EE">
      <ModulePath>C:\Program Files\dotnet\shared\Microsoft.NETCore.App\3.1.19\System.Net.WebSockets.Client.dll</ModulePath>
      <ModuleTime>2021-08-16T20:03:10Z</ModuleTime>
      <ModuleName>System.Net.WebSockets.Client</ModuleName>
      <Classes />
    </Module>
    <Module skippedDueTo="Filter" hash="E2-08-22-0E-B3-81-A0-3C-1D-49-7A-9B-C7-77-9D-74-E9-31-2F-D1">
      <ModulePath>C:\Program Files\dotnet\shared\Microsoft.NETCore.App\3.1.19\System.Net.dll</ModulePath>
      <ModuleTime>2021-08-16T20:03:18Z</ModuleTime>
      <ModuleName>System.Net</ModuleName>
      <Classes />
    </Module>
    <Module skippedDueTo="Filter" hash="B1-22-49-53-8A-50-1F-CF-53-B3-72-FF-46-3A-71-84-BB-E4-1E-60">
      <ModulePath>C:\Program Files\dotnet\shared\Microsoft.NETCore.App\3.1.19\System.Numerics.Vectors.dll</ModulePath>
      <ModuleTime>2021-08-16T20:03:08Z</ModuleTime>
      <ModuleName>System.Numerics.Vectors</ModuleName>
      <Classes />
    </Module>
    <Module skippedDueTo="Filter" hash="08-98-A8-4E-27-0E-75-E9-9D-50-7F-81-C6-5E-04-64-B9-E1-02-A7">
      <ModulePath>C:\Program Files\dotnet\shared\Microsoft.NETCore.App\3.1.19\System.Numerics.dll</ModulePath>
      <ModuleTime>2021-08-16T20:03:08Z</ModuleTime>
      <ModuleName>System.Numerics</ModuleName>
      <Classes />
    </Module>
    <Module skippedDueTo="Filter" hash="1F-73-5A-6B-C3-C1-55-FD-DB-3D-27-0F-E8-2C-6A-7E-EA-2A-8A-50">
      <ModulePath>C:\Program Files\dotnet\shared\Microsoft.NETCore.App\3.1.19\System.Private.DataContractSerialization.dll</ModulePath>
      <ModuleTime>2021-08-16T20:03:54Z</ModuleTime>
      <ModuleName>System.Private.DataContractSerialization</ModuleName>
      <Classes />
    </Module>
    <Module skippedDueTo="Filter" hash="E7-3D-D4-4E-18-10-28-18-6A-2D-7B-99-E1-26-E0-63-04-FF-A4-12">
      <ModulePath>C:\Program Files\dotnet\shared\Microsoft.NETCore.App\3.1.19\System.Reflection.DispatchProxy.dll</ModulePath>
      <ModuleTime>2021-08-16T20:03:10Z</ModuleTime>
      <ModuleName>System.Reflection.DispatchProxy</ModuleName>
      <Classes />
    </Module>
    <Module skippedDueTo="Filter" hash="7C-58-C6-0B-0E-AF-29-D5-FE-D7-13-C0-F1-7A-04-8B-51-08-21-60">
      <ModulePath>C:\Program Files\dotnet\shared\Microsoft.NETCore.App\3.1.19\System.Reflection.Emit.dll</ModulePath>
      <ModuleTime>2021-08-16T20:03:14Z</ModuleTime>
      <ModuleName>System.Reflection.Emit</ModuleName>
      <Classes />
    </Module>
    <Module skippedDueTo="Filter" hash="FA-B8-59-3D-16-C8-49-44-11-E9-1B-0C-BF-30-A5-AF-65-97-67-8E">
      <ModulePath>C:\Program Files\dotnet\shared\Microsoft.NETCore.App\3.1.19\System.Reflection.TypeExtensions.dll</ModulePath>
      <ModuleTime>2021-08-16T20:03:16Z</ModuleTime>
      <ModuleName>System.Reflection.TypeExtensions</ModuleName>
      <Classes />
    </Module>
    <Module skippedDueTo="Filter" hash="3D-7D-60-E1-07-C1-D2-5E-85-AA-E7-2B-0D-1D-51-EE-F3-8F-68-D3">
      <ModulePath>C:\Program Files\dotnet\shared\Microsoft.NETCore.App\3.1.19\System.Resources.Reader.dll</ModulePath>
      <ModuleTime>2021-08-16T20:03:16Z</ModuleTime>
      <ModuleName>System.Resources.Reader</ModuleName>
      <Classes />
    </Module>
    <Module skippedDueTo="Filter" hash="03-AC-8C-97-40-E9-64-E9-37-E6-1F-F2-03-D4-E3-AF-30-5D-17-D2">
      <ModulePath>C:\Program Files\dotnet\shared\Microsoft.NETCore.App\3.1.19\System.Resources.Writer.dll</ModulePath>
      <ModuleTime>2021-08-16T20:03:18Z</ModuleTime>
      <ModuleName>System.Resources.Writer</ModuleName>
      <Classes />
    </Module>
    <Module skippedDueTo="Filter" hash="D2-BE-87-90-50-B1-66-AB-B6-46-B8-2E-A6-85-D7-7E-A7-A7-E1-9E">
      <ModulePath>C:\Program Files\dotnet\shared\Microsoft.NETCore.App\3.1.19\System.Runtime.CompilerServices.Unsafe.dll</ModulePath>
      <ModuleTime>2021-08-16T20:03:12Z</ModuleTime>
      <ModuleName>System.Runtime.CompilerServices.Unsafe</ModuleName>
      <Classes />
    </Module>
    <Module skippedDueTo="Filter" hash="F2-93-26-58-F8-B8-FB-AC-87-CE-59-18-B2-1E-97-47-92-76-83-22">
      <ModulePath>C:\Program Files\dotnet\shared\Microsoft.NETCore.App\3.1.19\System.Runtime.CompilerServices.VisualC.dll</ModulePath>
      <ModuleTime>2021-08-16T20:03:12Z</ModuleTime>
      <ModuleName>System.Runtime.CompilerServices.VisualC</ModuleName>
      <Classes />
    </Module>
    <Module skippedDueTo="Filter" hash="D8-91-45-62-5D-9A-33-7B-08-06-72-D4-77-B2-D4-23-E6-D9-EF-87">
      <ModulePath>C:\Program Files\dotnet\shared\Microsoft.NETCore.App\3.1.19\System.Runtime.Handles.dll</ModulePath>
      <ModuleTime>2021-08-16T20:03:20Z</ModuleTime>
      <ModuleName>System.Runtime.Handles</ModuleName>
      <Classes />
    </Module>
    <Module skippedDueTo="Filter" hash="75-CD-B2-66-24-D0-2E-D5-B8-0C-84-6F-35-F4-49-10-9A-28-AF-27">
      <ModulePath>C:\Program Files\dotnet\shared\Microsoft.NETCore.App\3.1.19\System.Runtime.InteropServices.WindowsRuntime.dll</ModulePath>
      <ModuleTime>2021-08-16T20:03:20Z</ModuleTime>
      <ModuleName>System.Runtime.InteropServices.WindowsRuntime</ModuleName>
      <Classes />
    </Module>
    <Module skippedDueTo="Filter" hash="26-65-93-2F-2A-3D-D5-D6-96-3D-06-0D-17-D4-8E-9D-96-9B-4D-5C">
      <ModulePath>C:\Program Files\dotnet\shared\Microsoft.NETCore.App\3.1.19\System.Runtime.Intrinsics.dll</ModulePath>
      <ModuleTime>2021-08-16T20:03:18Z</ModuleTime>
      <ModuleName>System.Runtime.Intrinsics</ModuleName>
      <Classes />
    </Module>
    <Module skippedDueTo="Filter" hash="2C-9C-A7-13-3E-F8-2E-40-0D-13-41-36-4E-F2-E9-47-06-EF-E0-EC">
      <ModulePath>C:\Program Files\dotnet\shared\Microsoft.NETCore.App\3.1.19\System.Runtime.Serialization.Formatters.dll</ModulePath>
      <ModuleTime>2021-08-16T20:03:52Z</ModuleTime>
      <ModuleName>System.Runtime.Serialization.Formatters</ModuleName>
      <Classes />
    </Module>
    <Module skippedDueTo="Filter" hash="D2-7D-04-CB-A7-5B-DB-4A-82-78-29-65-7A-DD-33-FC-03-18-1D-48">
      <ModulePath>C:\Program Files\dotnet\shared\Microsoft.NETCore.App\3.1.19\System.Runtime.Serialization.Json.dll</ModulePath>
      <ModuleTime>2021-08-16T20:03:22Z</ModuleTime>
      <ModuleName>System.Runtime.Serialization.Json</ModuleName>
      <Classes />
    </Module>
    <Module skippedDueTo="Filter" hash="B7-3A-D9-15-61-29-A1-8E-2F-88-EC-0C-C4-21-10-4E-0D-B2-CD-53">
      <ModulePath>C:\Program Files\dotnet\shared\Microsoft.NETCore.App\3.1.19\System.Runtime.Serialization.Xml.dll</ModulePath>
      <ModuleTime>2021-08-16T20:03:22Z</ModuleTime>
      <ModuleName>System.Runtime.Serialization.Xml</ModuleName>
      <Classes />
    </Module>
    <Module skippedDueTo="Filter" hash="FD-67-AF-CF-8B-67-49-4F-5A-9E-E1-13-A2-C4-B0-EF-28-E2-DF-0F">
      <ModulePath>C:\Program Files\dotnet\shared\Microsoft.NETCore.App\3.1.19\System.Runtime.Serialization.dll</ModulePath>
      <ModuleTime>2021-08-16T20:03:20Z</ModuleTime>
      <ModuleName>System.Runtime.Serialization</ModuleName>
      <Classes />
    </Module>
    <Module skippedDueTo="Filter" hash="2E-E7-27-4A-E9-A1-C8-53-37-89-F9-B0-46-1A-79-34-36-6D-2C-69">
      <ModulePath>C:\Program Files\dotnet\shared\Microsoft.NETCore.App\3.1.19\System.Runtime.WindowsRuntime.UI.Xaml.dll</ModulePath>
      <ModuleTime>2021-08-16T20:03:22Z</ModuleTime>
      <ModuleName>System.Runtime.WindowsRuntime.UI.Xaml</ModuleName>
      <Classes />
    </Module>
    <Module skippedDueTo="Filter" hash="43-C8-96-9A-40-7D-8C-4E-DB-EC-71-81-93-88-FE-52-D2-67-FC-FA">
      <ModulePath>C:\Program Files\dotnet\shared\Microsoft.NETCore.App\3.1.19\System.Runtime.WindowsRuntime.dll</ModulePath>
      <ModuleTime>2021-08-16T20:03:22Z</ModuleTime>
      <ModuleName>System.Runtime.WindowsRuntime</ModuleName>
      <Classes />
    </Module>
    <Module skippedDueTo="MissingPdb" hash="32-C8-E9-9E-57-82-A7-5C-24-36-6D-EB-A8-57-7A-38-88-2C-1A-CA">
      <ModulePath>C:\Windows\system32\WinMetadata\Windows.Foundation.winmd</ModulePath>
      <ModuleTime>2021-09-16T07:08:19.140101Z</ModuleTime>
      <ModuleName>Windows.Foundation</ModuleName>
      <Classes />
    </Module>
    <Module skippedDueTo="MissingPdb" hash="DF-E4-CF-EC-F8-CA-01-93-A7-D2-69-A4-2D-CA-1F-93-F2-B3-CA-AF">
      <ModulePath>C:\Windows\system32\WinMetadata\Windows.Storage.winmd</ModulePath>
      <ModuleTime>2021-09-16T07:08:19.5419176Z</ModuleTime>
      <ModuleName>Windows.Storage</ModuleName>
      <Classes />
    </Module>
    <Module skippedDueTo="Filter" hash="1A-EF-48-8F-4A-7A-CC-8C-91-CA-52-78-FD-C9-BC-10-B8-64-B4-84">
      <ModulePath>C:\Program Files\dotnet\shared\Microsoft.NETCore.App\3.1.19\System.Security.Cryptography.Encoding.dll</ModulePath>
      <ModuleTime>2021-08-16T20:03:24Z</ModuleTime>
      <ModuleName>System.Security.Cryptography.Encoding</ModuleName>
      <Classes />
    </Module>
    <Module skippedDueTo="Filter" hash="29-7A-66-2C-D0-58-A2-7F-D2-63-CE-E0-2E-10-F2-D8-77-F8-31-EA">
      <ModulePath>C:\Program Files\dotnet\shared\Microsoft.NETCore.App\3.1.19\System.Security.Cryptography.Primitives.dll</ModulePath>
      <ModuleTime>2021-08-16T20:03:26Z</ModuleTime>
      <ModuleName>System.Security.Cryptography.Primitives</ModuleName>
      <Classes />
    </Module>
    <Module skippedDueTo="Filter" hash="51-37-84-D2-A0-CD-2B-A1-B9-2E-BD-CC-05-8A-9A-A9-B1-55-05-82">
      <ModulePath>C:\Program Files\dotnet\shared\Microsoft.NETCore.App\3.1.19\System.Security.Cryptography.Cng.dll</ModulePath>
      <ModuleTime>2021-08-16T20:03:54Z</ModuleTime>
      <ModuleName>System.Security.Cryptography.Cng</ModuleName>
      <Classes />
    </Module>
    <Module skippedDueTo="Filter" hash="59-76-50-05-1F-CB-8C-C8-2C-58-EC-51-D2-09-97-2A-CF-B3-DF-13">
      <ModulePath>C:\Program Files\dotnet\shared\Microsoft.NETCore.App\3.1.19\System.Security.Cryptography.Csp.dll</ModulePath>
      <ModuleTime>2021-08-16T20:03:50Z</ModuleTime>
      <ModuleName>System.Security.Cryptography.Csp</ModuleName>
      <Classes />
    </Module>
    <Module skippedDueTo="Filter" hash="25-85-F1-F6-A8-59-20-23-6B-D8-6E-17-16-CD-3B-3A-96-FF-D3-F2">
      <ModulePath>C:\Program Files\dotnet\shared\Microsoft.NETCore.App\3.1.19\System.Security.Cryptography.OpenSsl.dll</ModulePath>
      <ModuleTime>2021-08-16T20:03:24Z</ModuleTime>
      <ModuleName>System.Security.Cryptography.OpenSsl</ModuleName>
      <Classes />
    </Module>
    <Module skippedDueTo="Filter" hash="77-E0-D6-14-3E-27-64-11-C0-5D-A9-D7-C8-3D-D8-7F-C2-C9-84-41">
      <ModulePath>C:\Program Files\dotnet\shared\Microsoft.NETCore.App\3.1.19\System.Security.SecureString.dll</ModulePath>
      <ModuleTime>2021-08-16T20:03:26Z</ModuleTime>
      <ModuleName>System.Security.SecureString</ModuleName>
      <Classes />
    </Module>
    <Module skippedDueTo="Filter" hash="CF-34-66-5E-35-61-97-E6-FF-E2-74-3C-99-E7-DC-68-94-FE-24-DF">
      <ModulePath>C:\Program Files\dotnet\shared\Microsoft.NETCore.App\3.1.19\System.Security.dll</ModulePath>
      <ModuleTime>2021-08-16T20:03:24Z</ModuleTime>
      <ModuleName>System.Security</ModuleName>
      <Classes />
    </Module>
    <Module skippedDueTo="Filter" hash="3F-2A-51-B0-BE-07-3D-18-1F-30-6F-DA-DF-FB-1A-58-BA-40-3E-8D">
      <ModulePath>C:\Program Files\dotnet\shared\Microsoft.NETCore.App\3.1.19\System.ServiceModel.Web.dll</ModulePath>
      <ModuleTime>2021-08-16T20:03:26Z</ModuleTime>
      <ModuleName>System.ServiceModel.Web</ModuleName>
      <Classes />
    </Module>
    <Module skippedDueTo="Filter" hash="4C-DD-79-E7-57-BA-A5-ED-3F-8B-84-14-D8-D2-29-1B-8A-ED-8D-39">
      <ModulePath>C:\Program Files\dotnet\shared\Microsoft.NETCore.App\3.1.19\System.ServiceProcess.dll</ModulePath>
      <ModuleTime>2021-08-16T20:03:28Z</ModuleTime>
      <ModuleName>System.ServiceProcess</ModuleName>
      <Classes />
    </Module>
    <Module skippedDueTo="Filter" hash="3E-8A-97-0E-3C-37-36-B3-D7-EF-CD-68-83-90-53-56-A3-0C-D2-1C">
      <ModulePath>C:\Program Files\dotnet\shared\Microsoft.NETCore.App\3.1.19\System.Text.Encoding.CodePages.dll</ModulePath>
      <ModuleTime>2021-08-16T20:03:28Z</ModuleTime>
      <ModuleName>System.Text.Encoding.CodePages</ModuleName>
      <Classes />
    </Module>
    <Module skippedDueTo="Filter" hash="AD-6D-57-C0-28-51-E3-16-EB-EA-42-BA-1A-F6-AA-39-0B-F0-A6-30">
      <ModulePath>C:\Program Files\dotnet\shared\Microsoft.NETCore.App\3.1.19\System.Text.Encodings.Web.dll</ModulePath>
      <ModuleTime>2021-08-16T20:03:28Z</ModuleTime>
      <ModuleName>System.Text.Encodings.Web</ModuleName>
      <Classes />
    </Module>
    <Module skippedDueTo="Filter" hash="3D-6C-9A-22-D2-A3-B9-3C-86-DB-68-60-F3-32-29-03-8B-CA-DE-C7">
      <ModulePath>C:\Program Files\dotnet\shared\Microsoft.NETCore.App\3.1.19\System.Text.Json.dll</ModulePath>
      <ModuleTime>2021-08-16T20:03:30Z</ModuleTime>
      <ModuleName>System.Text.Json</ModuleName>
      <Classes />
    </Module>
    <Module skippedDueTo="Filter" hash="EE-F7-F5-54-82-52-54-2B-21-2B-74-9D-0B-FD-80-AF-61-96-06-B5">
      <ModulePath>C:\Program Files\dotnet\shared\Microsoft.NETCore.App\3.1.19\System.Threading.Channels.dll</ModulePath>
      <ModuleTime>2021-08-16T20:03:50Z</ModuleTime>
      <ModuleName>System.Threading.Channels</ModuleName>
      <Classes />
    </Module>
    <Module skippedDueTo="Filter" hash="85-CB-02-E7-F4-9A-4C-21-02-25-E7-C3-AD-77-93-F0-B2-17-03-53">
      <ModulePath>C:\Program Files\dotnet\shared\Microsoft.NETCore.App\3.1.19\System.Threading.Tasks.Dataflow.dll</ModulePath>
      <ModuleTime>2021-08-16T20:03:30Z</ModuleTime>
      <ModuleName>System.Threading.Tasks.Dataflow</ModuleName>
      <Classes />
    </Module>
    <Module skippedDueTo="Filter" hash="97-ED-B3-4F-39-2A-45-64-13-E7-2A-15-33-02-0A-78-59-FA-20-35">
      <ModulePath>C:\Program Files\dotnet\shared\Microsoft.NETCore.App\3.1.19\System.Threading.Tasks.Extensions.dll</ModulePath>
      <ModuleTime>2021-08-16T20:03:32Z</ModuleTime>
      <ModuleName>System.Threading.Tasks.Extensions</ModuleName>
      <Classes />
    </Module>
    <Module skippedDueTo="Filter" hash="77-01-E3-06-F7-D2-EA-27-52-78-67-11-21-F4-A5-C4-18-BA-B3-08">
      <ModulePath>C:\Program Files\dotnet\shared\Microsoft.NETCore.App\3.1.19\System.Threading.Tasks.Parallel.dll</ModulePath>
      <ModuleTime>2021-08-16T20:03:52Z</ModuleTime>
      <ModuleName>System.Threading.Tasks.Parallel</ModuleName>
      <Classes />
    </Module>
    <Module skippedDueTo="Filter" hash="46-DD-9E-56-B4-72-F2-46-87-1B-15-09-14-A2-C7-8B-EA-47-1B-46">
      <ModulePath>C:\Program Files\dotnet\shared\Microsoft.NETCore.App\3.1.19\System.Transactions.Local.dll</ModulePath>
      <ModuleTime>2021-08-16T20:03:12Z</ModuleTime>
      <ModuleName>System.Transactions.Local</ModuleName>
      <Classes />
    </Module>
    <Module skippedDueTo="Filter" hash="B3-E2-1A-16-C3-9C-7B-CA-BC-29-8D-4A-30-A6-04-58-EB-1F-69-C4">
      <ModulePath>C:\Program Files\dotnet\shared\Microsoft.NETCore.App\3.1.19\System.Transactions.dll</ModulePath>
      <ModuleTime>2021-08-16T20:03:12Z</ModuleTime>
      <ModuleName>System.Transactions</ModuleName>
      <Classes />
    </Module>
    <Module skippedDueTo="Filter" hash="F1-94-BC-33-BA-93-C4-6E-6B-64-8C-C6-0C-A6-54-47-2A-5D-E7-88">
      <ModulePath>C:\Program Files\dotnet\shared\Microsoft.NETCore.App\3.1.19\System.ValueTuple.dll</ModulePath>
      <ModuleTime>2021-08-16T20:03:08Z</ModuleTime>
      <ModuleName>System.ValueTuple</ModuleName>
      <Classes />
    </Module>
    <Module skippedDueTo="Filter" hash="25-CB-29-31-F1-DC-B3-16-C2-C2-9A-7C-83-F7-76-18-A4-EC-93-2E">
      <ModulePath>C:\Program Files\dotnet\shared\Microsoft.NETCore.App\3.1.19\System.Web.HttpUtility.dll</ModulePath>
      <ModuleTime>2021-08-16T20:03:38Z</ModuleTime>
      <ModuleName>System.Web.HttpUtility</ModuleName>
      <Classes />
    </Module>
    <Module skippedDueTo="Filter" hash="4F-C0-F5-8B-75-AA-38-D1-41-36-13-8D-61-C3-CC-5E-41-66-93-8A">
      <ModulePath>C:\Program Files\dotnet\shared\Microsoft.NETCore.App\3.1.19\System.Web.dll</ModulePath>
      <ModuleTime>2021-08-16T20:03:10Z</ModuleTime>
      <ModuleName>System.Web</ModuleName>
      <Classes />
    </Module>
    <Module skippedDueTo="Filter" hash="19-3E-40-C5-42-F1-5D-80-A2-28-7B-39-6F-81-E3-EB-56-00-A9-DF">
      <ModulePath>C:\Program Files\dotnet\shared\Microsoft.NETCore.App\3.1.19\System.Windows.dll</ModulePath>
      <ModuleTime>2021-08-16T20:03:08Z</ModuleTime>
      <ModuleName>System.Windows</ModuleName>
      <Classes />
    </Module>
    <Module skippedDueTo="Filter" hash="A2-4E-E4-12-FE-85-D1-E8-DA-14-DA-B0-A0-00-61-53-D2-05-AC-01">
      <ModulePath>C:\Program Files\dotnet\shared\Microsoft.NETCore.App\3.1.19\System.Xml.Linq.dll</ModulePath>
      <ModuleTime>2021-08-16T20:03:12Z</ModuleTime>
      <ModuleName>System.Xml.Linq</ModuleName>
      <Classes />
    </Module>
    <Module skippedDueTo="Filter" hash="8D-F7-48-DD-FF-EB-30-1B-F3-BF-F5-CE-4B-1A-8E-1A-CE-CC-3D-FA">
      <ModulePath>C:\Program Files\dotnet\shared\Microsoft.NETCore.App\3.1.19\System.Xml.Serialization.dll</ModulePath>
      <ModuleTime>2021-08-16T20:03:08Z</ModuleTime>
      <ModuleName>System.Xml.Serialization</ModuleName>
      <Classes />
    </Module>
    <Module skippedDueTo="Filter" hash="52-A3-6C-34-5D-77-CB-9B-58-CA-FF-E8-00-34-A8-6A-0E-92-7C-5B">
      <ModulePath>C:\Program Files\dotnet\shared\Microsoft.NETCore.App\3.1.19\System.Xml.XPath.XDocument.dll</ModulePath>
      <ModuleTime>2021-08-16T20:03:38Z</ModuleTime>
      <ModuleName>System.Xml.XPath.XDocument</ModuleName>
      <Classes />
    </Module>
    <Module skippedDueTo="Filter" hash="77-E9-99-94-5B-81-D6-EC-9B-3D-7F-4B-37-FC-09-27-0B-6E-02-53">
      <ModulePath>C:\Program Files\dotnet\shared\Microsoft.NETCore.App\3.1.19\System.Xml.XPath.dll</ModulePath>
      <ModuleTime>2021-08-16T20:03:14Z</ModuleTime>
      <ModuleName>System.Xml.XPath</ModuleName>
      <Classes />
    </Module>
    <Module skippedDueTo="Filter" hash="E1-EC-CF-BF-10-BE-57-E5-36-68-EF-F6-32-90-7F-9F-14-58-0C-74">
      <ModulePath>C:\Program Files\dotnet\shared\Microsoft.NETCore.App\3.1.19\System.Xml.XmlDocument.dll</ModulePath>
      <ModuleTime>2021-08-16T20:03:38Z</ModuleTime>
      <ModuleName>System.Xml.XmlDocument</ModuleName>
      <Classes />
    </Module>
    <Module skippedDueTo="Filter" hash="6C-17-13-04-59-7B-0D-7A-9E-B7-50-9E-36-BC-DC-0A-6E-28-1B-CF">
      <ModulePath>C:\Program Files\dotnet\shared\Microsoft.NETCore.App\3.1.19\System.Xml.XmlSerializer.dll</ModulePath>
      <ModuleTime>2021-08-16T20:03:10Z</ModuleTime>
      <ModuleName>System.Xml.XmlSerializer</ModuleName>
      <Classes />
    </Module>
    <Module skippedDueTo="Filter" hash="33-88-6C-B2-12-E9-14-F8-82-B7-F7-8B-36-29-4B-DA-01-C4-22-24">
      <ModulePath>C:\Program Files\dotnet\shared\Microsoft.NETCore.App\3.1.19\System.Xml.dll</ModulePath>
      <ModuleTime>2021-08-16T20:03:38Z</ModuleTime>
      <ModuleName>System.Xml</ModuleName>
      <Classes />
    </Module>
    <Module skippedDueTo="Filter" hash="52-28-40-A5-C9-24-81-DA-87-FB-A3-70-02-02-BE-C2-C9-2A-7F-14">
      <ModulePath>C:\Program Files\dotnet\shared\Microsoft.NETCore.App\3.1.19\System.dll</ModulePath>
      <ModuleTime>2021-08-16T20:03:10Z</ModuleTime>
      <ModuleName>System</ModuleName>
      <Classes />
    </Module>
    <Module skippedDueTo="MissingPdb" hash="23-9F-C6-93-8A-02-77-15-C8-21-EE-F5-97-38-11-F5-9F-FA-B4-70">
      <ModulePath>C:\Program Files\dotnet\shared\Microsoft.NETCore.App\3.1.19\WindowsBase.dll</ModulePath>
      <ModuleTime>2021-08-16T20:03:12Z</ModuleTime>
      <ModuleName>WindowsBase</ModuleName>
      <Classes />
    </Module>
    <Module skippedDueTo="Filter" hash="2B-0E-C4-2C-54-CA-19-66-1A-7E-27-2A-03-A3-92-F0-59-0C-D6-9D">
      <ModulePath>C:\OpenSource\grok.net-forked\src\Grok.Net.Tests\bin\Release\netcoreapp3.1\xunit.runner.reporters.netcoreapp10.dll</ModulePath>
      <ModuleTime>2018-10-29T04:17:14Z</ModuleTime>
      <ModuleName>xunit.runner.reporters.netcoreapp10</ModuleName>
      <Classes />
    </Module>
    <Module skippedDueTo="Filter" hash="81-48-8E-CA-A5-B9-7A-0F-00-04-D9-05-3D-F8-9B-C8-CC-66-86-A7">
      <ModulePath>C:\OpenSource\grok.net-forked\src\Grok.Net.Tests\bin\Release\netcoreapp3.1\xunit.runner.visualstudio.dotnetcore.testadapter.dll</ModulePath>
      <ModuleTime>2018-10-29T04:17:12Z</ModuleTime>
      <ModuleName>xunit.runner.visualstudio.dotnetcore.testadapter</ModuleName>
      <Classes />
    </Module>
  </Modules>
</CoverageSession>